  스캔 2000개 처리, 점 15871846개
  스캔 4000개 처리, 점 40217917개
  스캔 6000개 처리, 점 66501283개
  스캔 8000개 처리, 점 92628468개
  스캔 10000개 처리, 점 120107494개
  스캔 12000개 처리, 점 147098711개
  스캔 14000개 처리, 점 172965506개
  스캔 16000개 처리, 점 198702115개
  스캔 18000개 처리, 점 224324223개
  스캔 20000개 처리, 점 248778605개
[WARN] [1787131728.540560780] [rosbag2_storage_mcap]: attempted to read in receive timestamp order with no message index
GLIM 궤적(LiDAR, 정합 전): 21255개 포즈, t=[8.80,2134.40]
초기 프레임 정합: IMU 초반 51개 점(t<=13.8s), R=
[[ 0.70669802 -0.04812281 -0.70587684]
 [-0.70505728  0.03519118 -0.70827665]
 [ 0.0589249   0.99822131 -0.0090598 ]]
t=[ -31.50279621 -158.9983328     3.05897979]
스캔 21207개(궤적 범위 밖이라 건너뜀 0개), 점 261841364개
격자 2829x1676=4741404, 유효 셀 850549 (17.94%)
max_grid_cells 상한: 30000000 (요청된 최대 셀 수: 4741404)
안전장치2(격자 크기 상한) 발동 없음.
저장: run_results/pure_glim_map.npz
