[2026-08-19 18:10:30.381] [glim] [info] config_path: /home/hyunwoo-chae/AG-CoNav-test_main/glim_config_ct_std
[2026-08-19 18:10:30.382] [glim] [info] load libodometry_estimation_ct.so
[2026-08-19 18:10:30.383] [glim] [info] load libsub_mapping_passthrough.so
[2026-08-19 18:10:30.383] [glim] [info] load libglobal_mapping_pose_graph.so
[2026-08-19 18:10:30.384] [glim] [info] load libmemory_monitor.so
[2026-08-19 18:10:30.384] [glim] [info] load librviz_viewer.so
[2026-08-19 18:10:30.401] [glim] [info] topics:
[2026-08-19 18:10:30.401] [glim] [info] - /drone/imu
[2026-08-19 18:10:30.401] [glim] [info] - /drone/points
[2026-08-19 18:10:30.401] [glim] [info] - /image
[2026-08-19 18:10:30.401] [glim] [info] bag_filenames:
[2026-08-19 18:10:30.401] [glim] [info] - /home/hyunwoo-chae/AG-CoNav-test_main/bags/velocity_4m_5mps_gps_attempt2
[2026-08-19 18:10:30.401] [glim] [warning] param glim_ros/playback_speed not found
[2026-08-19 18:10:30.401] [glim] [warning] use default_value=100
[2026-08-19 18:10:30.401] [glim] [info] opening /home/hyunwoo-chae/AG-CoNav-test_main/bags/velocity_4m_5mps_gps_attempt2
[2026-08-19 18:10:30.403] [glim] [info] detected storage_id=mcap from metadata.yaml
[2026-08-19 18:10:30.420] [glim] [warning] per-point timestamps are not given!!
[2026-08-19 18:10:30.420] [glim] [warning] use pseudo per-point timestamps based on the order of points
[2026-08-19 18:10:30.423] [rviz] [info] auto-detected IMU frame ID: drone/base_link
[2026-08-19 18:10:30.423] [rviz] [info] auto-detected LiDAR frame ID: drone/os1_lidar
[2026-08-19 18:10:30.423] [rviz] [info] base_frame_id is not set. using IMU frame ID 'drone/base_link' as base frame ID.
[2026-08-19 18:10:40.405] [glim] [info] playback speed: 4.785x
[2026-08-19 18:10:45.421] [glim] [info] playback speed: 4.297x
[2026-08-19 18:10:50.430] [glim] [info] playback speed: 4.805x
[2026-08-19 18:10:50.948] [glim] [info] estimated scan duration: 0.10000000000000142
[2026-08-19 18:10:55.432] [glim] [info] playback speed: 4.770x
[2026-08-19 18:11:00.441] [glim] [info] playback speed: 4.197x
[2026-08-19 18:11:05.448] [glim] [info] playback speed: 4.422x
[2026-08-19 18:11:10.461] [glim] [info] playback speed: 4.952x
[2026-08-19 18:11:15.465] [glim] [info] playback speed: 4.202x
[2026-08-19 18:11:20.488] [glim] [info] playback speed: 4.116x
[2026-08-19 18:11:25.498] [glim] [info] playback speed: 3.589x
[2026-08-19 18:11:30.510] [glim] [info] playback speed: 4.532x
[2026-08-19 18:11:35.518] [glim] [info] playback speed: 3.836x
[2026-08-19 18:11:40.532] [glim] [info] playback speed: 4.163x
[2026-08-19 18:11:45.548] [glim] [info] playback speed: 3.728x
[2026-08-19 18:11:50.548] [glim] [info] playback speed: 4.057x
[2026-08-19 18:11:55.559] [glim] [info] playback speed: 4.656x
[2026-08-19 18:12:00.580] [glim] [info] playback speed: 3.792x
[2026-08-19 18:12:05.587] [glim] [info] playback speed: 3.604x
[2026-08-19 18:12:10.593] [glim] [info] playback speed: 3.839x
[2026-08-19 18:12:15.610] [glim] [info] playback speed: 4.468x
[2026-08-19 18:12:20.610] [glim] [info] playback speed: 3.657x
[2026-08-19 18:12:25.617] [glim] [info] playback speed: 3.309x
[2026-08-19 18:12:30.625] [glim] [info] playback speed: 2.962x
[2026-08-19 18:12:35.640] [glim] [info] playback speed: 3.171x
[2026-08-19 18:12:40.677] [glim] [info] playback speed: 2.704x
[2026-08-19 18:12:45.739] [glim] [info] playback speed: 1.462x
[2026-08-19 18:12:50.752] [glim] [info] playback speed: 2.757x
[2026-08-19 18:12:55.777] [glim] [info] playback speed: 1.861x
[2026-08-19 18:13:00.777] [glim] [info] playback speed: 2.660x
[2026-08-19 18:13:05.835] [glim] [info] playback speed: 2.790x
[2026-08-19 18:13:07.490] [glim] [warning] large time gap between consecutive IMU data!!
[2026-08-19 18:13:07.491] [glim] [warning] current=602.220000 last=602.040000 diff=0.180000
[2026-08-19 18:13:10.844] [glim] [info] playback speed: 2.740x
[2026-08-19 18:13:15.846] [glim] [info] playback speed: 3.560x
[2026-08-19 18:13:20.855] [glim] [info] playback speed: 2.943x
[2026-08-19 18:13:25.865] [glim] [info] playback speed: 2.666x
[2026-08-19 18:13:30.872] [glim] [info] playback speed: 3.168x
[2026-08-19 18:13:35.875] [glim] [info] playback speed: 3.330x
[2026-08-19 18:13:40.894] [glim] [info] playback speed: 3.869x
[2026-08-19 18:13:45.917] [glim] [info] playback speed: 2.390x
[2026-08-19 18:13:50.927] [glim] [info] playback speed: 3.089x
[2026-08-19 18:13:55.934] [glim] [info] playback speed: 2.088x
[2026-08-19 18:14:00.943] [glim] [info] playback speed: 2.199x
[2026-08-19 18:14:05.957] [glim] [info] playback speed: 2.676x
[2026-08-19 18:14:10.964] [glim] [info] playback speed: 4.173x
[2026-08-19 18:14:15.990] [glim] [info] playback speed: 2.968x
[2026-08-19 18:14:16.063] [glim] [info] reached playback_duration (800.003016394 > 800)
[2026-08-19 18:14:16.067] [glim] [info] waiting for odometry estimation
[2026-08-19 18:14:16.250] [glim] [info] waiting for local mapping
[2026-08-19 18:14:16.283] [glim] [info] waiting for global mapping
[2026-08-19 18:14:16.301] [global] [info] saving to /home/hyunwoo-chae/AG-CoNav-test_main/run_results/pure_glim_diag/dump_800s_ct...
[2026-08-19 18:14:16.302] [global] [info] serializing factor graph to /home/hyunwoo-chae/AG-CoNav-test_main/run_results/pure_glim_diag/dump_800s_ct/graph.bin
[2026-08-19 18:14:18.626] [global] [info] saved
