[2026-08-19 18:04:16.203] [glim] [info] config_path: /home/hyunwoo-chae/AG-CoNav-test_main/glim_config_cpu_std
[2026-08-19 18:04:16.206] [glim] [info] load libodometry_estimation_cpu.so
[2026-08-19 18:04:16.209] [glim] [info] load libsub_mapping.so
[2026-08-19 18:04:16.211] [glim] [warning] param sub_mapping/submap_target_num_points not found
[2026-08-19 18:04:16.211] [glim] [warning] use default_value=-1
[2026-08-19 18:04:16.211] [glim] [info] load libglobal_mapping.so
[2026-08-19 18:04:16.213] [glim] [warning] param global_mapping/submap_voxel_resolution_max not found
[2026-08-19 18:04:16.213] [glim] [warning] use default_value=0.5
[2026-08-19 18:04:16.213] [glim] [warning] param global_mapping/submap_voxel_resolution_dmin not found
[2026-08-19 18:04:16.213] [glim] [warning] use default_value=5
[2026-08-19 18:04:16.213] [glim] [warning] param global_mapping/submap_voxel_resolution_dmax not found
[2026-08-19 18:04:16.213] [glim] [warning] use default_value=20
[2026-08-19 18:04:16.213] [glim] [info] load libmemory_monitor.so
[2026-08-19 18:04:16.215] [glim] [info] load librviz_viewer.so
[2026-08-19 18:04:16.254] [glim] [info] topics:
[2026-08-19 18:04:16.254] [glim] [info] - /drone/imu
[2026-08-19 18:04:16.254] [glim] [info] - /drone/points
[2026-08-19 18:04:16.254] [glim] [info] - /image
[2026-08-19 18:04:16.254] [glim] [info] bag_filenames:
[2026-08-19 18:04:16.254] [glim] [info] - /home/hyunwoo-chae/AG-CoNav-test_main/bags/velocity_4m_5mps_gps_attempt2
[2026-08-19 18:04:16.254] [glim] [warning] param glim_ros/playback_speed not found
[2026-08-19 18:04:16.254] [glim] [warning] use default_value=100
[2026-08-19 18:04:16.254] [glim] [info] opening /home/hyunwoo-chae/AG-CoNav-test_main/bags/velocity_4m_5mps_gps_attempt2
[2026-08-19 18:04:16.256] [glim] [info] detected storage_id=mcap from metadata.yaml
[2026-08-19 18:04:16.272] [glim] [info] skipping msg for start_offset 33
[2026-08-19 18:04:16.288] [glim] [warning] per-point timestamps are not given!!
[2026-08-19 18:04:16.288] [glim] [warning] use pseudo per-point timestamps based on the order of points
[2026-08-19 18:04:17.010] [odom] [info] estimate initial IMU state
Initial error: 2.45504e+06, values: 93
iter      cost      cost_change    lambda  success iter_time
   0      24407.4      2.4e+06      1e-05      1       0.01
   1      3.8e+02      2.4e+04      1e-06      1          0
   2      3.7e+02          2.9      1e-07      1          0
   3      3.7e+02      -0.0012      1e-08      1          0
[2026-08-19 18:04:17.016] [odom] [info] initial IMU state estimation result
[2026-08-19 18:04:17.016] [odom] [info] T_world_imu=se3(-3.379160,2.004412,-0.364896,0.015828,0.055599,-0.004011,0.998320)
[2026-08-19 18:04:17.016] [odom] [info] v_world_imu=vec(-0.017054,0.199661,-0.217765)
[2026-08-19 18:04:17.016] [odom] [info] imu_bias=vec(-0.000468,-0.000998,-0.001193,0.000575,0.000471,0.000037)
[2026-08-19 18:04:17.018] [rviz] [info] auto-detected IMU frame ID: drone/base_link
[2026-08-19 18:04:17.018] [rviz] [info] auto-detected LiDAR frame ID: drone/os1_lidar
[2026-08-19 18:04:17.018] [rviz] [info] base_frame_id is not set. using IMU frame ID 'drone/base_link' as base frame ID.
[2026-08-19 18:04:18.118] [odom] [warning] IMU prediction is not good.
[2026-08-19 18:04:18.118] [odom] [warning] Possibly T_lidar_imu is not accurate or IMU bias is not well estimated.
[2026-08-19 18:04:18.118] [odom] [warning] IMU validation results:
[2026-08-19 18:04:18.118] [odom] [warning] num_validations=64
[2026-08-19 18:04:18.118] [odom] [warning] No-IMU errors rot=1.049 +- 0.864 deg, trans=0.114 +- 0.097 m, vel=0.391 +- 0.563 m/s
[2026-08-19 18:04:18.118] [odom] [warning] IMU errors rot=1.050 +- 0.864 deg, trans=0.113 +- 0.097 m, vel=0.323 +- 0.585 m/s
[2026-08-19 18:04:18.118] [odom] [warning] IMU better ratios rot=0.52, trans=0.59, vel=0.70
[2026-08-19 18:04:19.201] [odom] [warning] IMU prediction is not good.
[2026-08-19 18:04:19.201] [odom] [warning] Possibly T_lidar_imu is not accurate or IMU bias is not well estimated.
[2026-08-19 18:04:19.201] [odom] [warning] IMU validation results:
[2026-08-19 18:04:19.201] [odom] [warning] num_validations=128
[2026-08-19 18:04:19.201] [odom] [warning] No-IMU errors rot=0.903 +- 0.754 deg, trans=0.098 +- 0.084 m, vel=0.280 +- 0.424 m/s
[2026-08-19 18:04:19.201] [odom] [warning] IMU errors rot=0.903 +- 0.755 deg, trans=0.097 +- 0.084 m, vel=0.252 +- 0.432 m/s
[2026-08-19 18:04:19.201] [odom] [warning] IMU better ratios rot=0.49, trans=0.44, vel=0.52
[2026-08-19 18:04:19.408] [global] [warning] previous submap has only a small overlap with the current submap (0.16179050024556232)
[2026-08-19 18:04:19.408] [global] [warning] create a between factor to prevent the submap from being isolated
[2026-08-19 18:04:19.691] [global] [warning] previous submap has only a small overlap with the current submap (0.0307187397440105)
[2026-08-19 18:04:19.691] [global] [warning] create a between factor to prevent the submap from being isolated
[2026-08-19 18:04:19.905] [odom] [warning] IMU prediction is not good.
[2026-08-19 18:04:19.905] [odom] [warning] Possibly T_lidar_imu is not accurate or IMU bias is not well estimated.
[2026-08-19 18:04:19.905] [odom] [warning] IMU validation results:
[2026-08-19 18:04:19.905] [odom] [warning] num_validations=192
[2026-08-19 18:04:19.905] [odom] [warning] No-IMU errors rot=0.689 +- 0.699 deg, trans=0.077 +- 0.076 m, vel=0.204 +- 0.363 m/s
[2026-08-19 18:04:19.905] [odom] [warning] IMU errors rot=0.690 +- 0.699 deg, trans=0.078 +- 0.075 m, vel=0.195 +- 0.363 m/s
[2026-08-19 18:04:19.905] [odom] [warning] IMU better ratios rot=0.47, trans=0.31, vel=0.43
[2026-08-19 18:04:20.553] [odom] [warning] IMU prediction is not good.
[2026-08-19 18:04:20.553] [odom] [warning] Possibly T_lidar_imu is not accurate or IMU bias is not well estimated.
[2026-08-19 18:04:20.553] [odom] [warning] IMU validation results:
[2026-08-19 18:04:20.553] [odom] [warning] num_validations=256
[2026-08-19 18:04:20.553] [odom] [warning] No-IMU errors rot=0.587 +- 0.644 deg, trans=0.067 +- 0.069 m, vel=0.166 +- 0.323 m/s
[2026-08-19 18:04:20.553] [odom] [warning] IMU errors rot=0.587 +- 0.645 deg, trans=0.068 +- 0.068 m, vel=0.166 +- 0.320 m/s
[2026-08-19 18:04:20.553] [odom] [warning] IMU better ratios rot=0.48, trans=0.27, vel=0.39
[2026-08-19 18:04:20.866] [global] [warning] previous submap has only a small overlap with the current submap (0.050723177954151724)
[2026-08-19 18:04:20.866] [global] [warning] create a between factor to prevent the submap from being isolated
[2026-08-19 18:04:21.180] [odom] [warning] IMU prediction is not good.
[2026-08-19 18:04:21.180] [odom] [warning] Possibly T_lidar_imu is not accurate or IMU bias is not well estimated.
[2026-08-19 18:04:21.180] [odom] [warning] IMU validation results:
[2026-08-19 18:04:21.180] [odom] [warning] num_validations=320
[2026-08-19 18:04:21.180] [odom] [warning] No-IMU errors rot=0.515 +- 0.600 deg, trans=0.061 +- 0.063 m, vel=0.141 +- 0.293 m/s
[2026-08-19 18:04:21.180] [odom] [warning] IMU errors rot=0.515 +- 0.600 deg, trans=0.062 +- 0.063 m, vel=0.149 +- 0.289 m/s
[2026-08-19 18:04:21.180] [odom] [warning] IMU better ratios rot=0.49, trans=0.22, vel=0.35
[2026-08-19 18:04:22.410] [odom] [warning] IMU prediction is not good.
[2026-08-19 18:04:22.410] [odom] [warning] Possibly T_lidar_imu is not accurate or IMU bias is not well estimated.
[2026-08-19 18:04:22.410] [odom] [warning] IMU validation results:
[2026-08-19 18:04:22.410] [odom] [warning] num_validations=384
[2026-08-19 18:04:22.410] [odom] [warning] No-IMU errors rot=0.473 +- 0.560 deg, trans=0.056 +- 0.059 m, vel=0.126 +- 0.270 m/s
[2026-08-19 18:04:22.410] [odom] [warning] IMU errors rot=0.473 +- 0.561 deg, trans=0.058 +- 0.059 m, vel=0.137 +- 0.266 m/s
[2026-08-19 18:04:22.410] [odom] [warning] IMU better ratios rot=0.49, trans=0.19, vel=0.34
[2026-08-19 18:04:22.679] [global] [warning] previous submap has only a small overlap with the current submap (0.05661667725074496)
[2026-08-19 18:04:22.679] [global] [warning] create a between factor to prevent the submap from being isolated
[2026-08-19 18:04:23.248] [global] [warning] previous submap has only a small overlap with the current submap (0.11822487282932818)
[2026-08-19 18:04:23.248] [global] [warning] create a between factor to prevent the submap from being isolated
[2026-08-19 18:04:23.307] [odom] [warning] IMU prediction is not good.
[2026-08-19 18:04:23.308] [odom] [warning] Possibly T_lidar_imu is not accurate or IMU bias is not well estimated.
[2026-08-19 18:04:23.308] [odom] [warning] IMU validation results:
[2026-08-19 18:04:23.308] [odom] [warning] num_validations=448
[2026-08-19 18:04:23.308] [odom] [warning] No-IMU errors rot=0.418 +- 0.536 deg, trans=0.053 +- 0.056 m, vel=0.110 +- 0.253 m/s
[2026-08-19 18:04:23.308] [odom] [warning] IMU errors rot=0.418 +- 0.536 deg, trans=0.055 +- 0.055 m, vel=0.127 +- 0.247 m/s
[2026-08-19 18:04:23.308] [odom] [warning] IMU better ratios rot=0.46, trans=0.17, vel=0.30
[2026-08-19 18:04:23.919] [odom] [warning] IMU prediction is not good.
[2026-08-19 18:04:23.919] [odom] [warning] Possibly T_lidar_imu is not accurate or IMU bias is not well estimated.
[2026-08-19 18:04:23.919] [odom] [warning] IMU validation results:
[2026-08-19 18:04:23.919] [odom] [warning] num_validations=512
[2026-08-19 18:04:23.919] [odom] [warning] No-IMU errors rot=0.403 +- 0.510 deg, trans=0.051 +- 0.053 m, vel=0.104 +- 0.238 m/s
[2026-08-19 18:04:23.919] [odom] [warning] IMU errors rot=0.403 +- 0.511 deg, trans=0.053 +- 0.052 m, vel=0.122 +- 0.232 m/s
[2026-08-19 18:04:23.919] [odom] [warning] IMU better ratios rot=0.47, trans=0.15, vel=0.29
[2026-08-19 18:04:24.105] [glim] [info] reached playback_duration (57.009301249 > 57)
[2026-08-19 18:04:24.107] [glim] [info] waiting for odometry estimation
[2026-08-19 18:04:24.133] [glim] [info] waiting for local mapping
[2026-08-19 18:04:24.191] [glim] [info] waiting for global mapping
[2026-08-19 18:04:24.292] [global] [warning] previous submap has only a small overlap with the current submap (0.09324643333675459)
[2026-08-19 18:04:24.292] [global] [warning] create a between factor to prevent the submap from being isolated
[2026-08-19 18:04:24.305] [global] [info] saving to /home/hyunwoo-chae/AG-CoNav-test_main/run_results/pure_glim_diag/dump_seg1...
[2026-08-19 18:04:24.306] [global] [info] serializing factor graph to /home/hyunwoo-chae/AG-CoNav-test_main/run_results/pure_glim_diag/dump_seg1/graph.bin
[2026-08-19 18:04:24.373] [global] [info] saving config
[2026-08-19 18:04:24.374] [global] [info] saved
