[INFO] [launch]: All log files can be found below /home/hyunwoo-chae/.ros/log/2026-08-16-16-53-16-037648-hyunwoo-chae-QEMU-Virtual-Machine-3826
[INFO] [launch]: Default logging verbosity is set to INFO
[INFO] [gazebo-1]: process started with pid [3830]
[INFO] [parameter_bridge-2]: process started with pid [3831]
[INFO] [parameter_bridge-3]: process started with pid [3833]
[INFO] [parameter_bridge-4]: process started with pid [3834]
[INFO] [static_transform_publisher-5]: process started with pid [3835]
[INFO] [parameter_bridge-6]: process started with pid [3836]
[INFO] [wait_for_world-7]: process started with pid [3837]
[wait_for_world-7] [wait_for_world] 'Seongdong_gu' 로드 대기 (최대 180s, 10s 후부터 3s 간격 확인)
[parameter_bridge-6] [INFO] [1786866796.570118015] [exp_set_pose_bridge]: Creating ROS->GZ service bridge [/world/Seongdong_gu/set_pose (ros_gz_interfaces/srv/SetEntityPose -> /)]
[parameter_bridge-3] [INFO] [1786866796.576166001] [exp_sensor_bridge]: Creating GZ->ROS Bridge: [/drone/points/points (gz.msgs.PointCloudPacked) -> /drone/points/points (sensor_msgs/msg/PointCloud2)] (Lazy 0)
[static_transform_publisher-5] [INFO] [1786866796.584310689] [drone_os1_lidar_static_tf]: Spinning until stopped - publishing transform
[static_transform_publisher-5] translation: ('0.000000', '0.000000', '-0.175406')
[static_transform_publisher-5] rotation: ('0.000000', '0.707108', '0.000000', '0.707105')
[static_transform_publisher-5] from 'drone/base_link' to 'drone/os1_lidar'
[parameter_bridge-3] [INFO] [1786866796.585901569] [exp_sensor_bridge]: Creating GZ->ROS Bridge: [/drone/imu (gz.msgs.IMU) -> /drone/imu (sensor_msgs/msg/Imu)] (Lazy 0)
[parameter_bridge-2] [INFO] [1786866796.594759032] [exp_clock_bridge]: Creating GZ->ROS Bridge: [/clock (gz.msgs.Clock) -> /clock (rosgraph_msgs/msg/Clock)] (Lazy 0)
[parameter_bridge-4] [INFO] [1786866796.602092822] [exp_drone_tf_bridge]: Creating GZ->ROS Bridge: [/model/X3/pose (gz.msgs.Pose_V) -> /model/X3/pose (tf2_msgs/msg/TFMessage)] (Lazy 0)
[gazebo-1] [1;33mWarning [Utils.cc:132][0m [/scale:/home/hyunwoo-chae/AG-CoNav-test_main/install/agconav_test_worlds/share/agconav_test_worlds/worlds/Seongdong_gu_100x100/Seongdong_gu_100x100.world:L374]: XML Element[scale], child of element[include], not defined in SDF. Copying[scale] as children of [include].
[gazebo-1] [1;33mWarning [Utils.cc:132][0m [/sdf/model[@name="x3"]/link[@name="X3/base_link"]/sensor[@name="drone_imu_sensor"]/gz_frame_id:/home/hyunwoo-chae/AG-CoNav-test_main/install/agconav_description/share/agconav_description/models/agconav_drone/model.sdf:L44]: XML Element[gz_frame_id], child of element[sensor], not defined in SDF. Copying[gz_frame_id] as children of [sensor].
[gazebo-1] [1;33mWarning [Utils.cc:132][0m [/sdf/model[@name="x3"]/link[@name="os1_lidar"]/sensor[@name="os1_lidar"]/gz_frame_id:/home/hyunwoo-chae/AG-CoNav-test_main/install/agconav_description/share/agconav_description/models/agconav_drone/model.sdf:L354]: XML Element[gz_frame_id], child of element[sensor], not defined in SDF. Copying[gz_frame_id] as children of [sensor].
[gazebo-1] [1;33mWarning [Utils.cc:132][0m [/sdf/model[@name="x3"]/link[@name="gps_link"]/sensor[@name="navsat_sensor"]/gz_frame_id:/home/hyunwoo-chae/AG-CoNav-test_main/install/agconav_description/share/agconav_description/models/agconav_drone/model.sdf:L410]: XML Element[gz_frame_id], child of element[sensor], not defined in SDF. Copying[gz_frame_id] as children of [sensor].
[gazebo-1] [1;36mDbg[0m DART Bullet heightfield AABB: min = {-49.8054, -49.8054, -2.6248}, max = {49.8054, 49.8054, 2.6248} (will be translated by z=2.6248)
[gazebo-1] libEGL warning: egl: failed to create dri2 screen
[gazebo-1] libEGL warning: egl: failed to create dri2 screen
[gazebo-1] libEGL warning: NEEDS EXTENSION: falling back to kms_swrast
[wait_for_world-7] [wait_for_world] 'Seongdong_gu' 로드 완료 — spawn 시작
[INFO] [wait_for_world-7]: process has finished cleanly [pid 3837]
[INFO] [ros2-8]: process started with pid [4001]
[INFO] [drone_pose_controller-9]: process started with pid [4002]
[INFO] [drone_path_player-10]: process started with pid [4003]
[ros2-8] [ERROR] [ros2bag]: Output folder '/home/hyunwoo-chae/AG-CoNav-test_main/bags/exp_teleport' already exists.
[ERROR] [ros2-8]: process has died [pid 4001, exit code 1, cmd 'ros2 bag record -s mcap -o /home/hyunwoo-chae/AG-CoNav-test_main/bags/exp_teleport --max-bag-size 2000000000 /drone/points /drone/imu /tf /tf_static /drone/elevation_map /drone/path_status /terrain/features /wheel/nav_map /leg/nav_map /wheel/nav_map_status /leg/nav_map_status'].
[drone_pose_controller-9] [INFO] [1786866809.515853319] [drone_pose_controller]: drone_pose_controller 시작: service=/world/Seongdong_gu/set_pose, entity=X3, max_retries=3
[drone_path_player-10] [INFO] [1786866809.516543262] [drone_path_player]: waypoint 10개 로드 완료 (path_file=/home/hyunwoo-chae/AG-CoNav-test_main/install/agconav_test_worlds/share/agconav_test_worlds/config/path_100x100.yaml)
[drone_path_player-10] [INFO] [1786866890.960759059] [drone_path_player]: 경로 재생 종료 (waypoint 남지 않음, 스캔 완료)
[WARNING] [launch]: user interrupted with ctrl-c (SIGINT)
[INFO] [drone_path_player-10]: sending signal 'SIGINT' to process[drone_path_player-10]
[INFO] [drone_pose_controller-9]: sending signal 'SIGINT' to process[drone_pose_controller-9]
[INFO] [parameter_bridge-6]: sending signal 'SIGINT' to process[parameter_bridge-6]
[INFO] [static_transform_publisher-5]: sending signal 'SIGINT' to process[static_transform_publisher-5]
[INFO] [parameter_bridge-4]: sending signal 'SIGINT' to process[parameter_bridge-4]
[INFO] [parameter_bridge-3]: sending signal 'SIGINT' to process[parameter_bridge-3]
[INFO] [parameter_bridge-2]: sending signal 'SIGINT' to process[parameter_bridge-2]
[INFO] [gazebo-1]: sending signal 'SIGINT' to process[gazebo-1]
[parameter_bridge-6] [INFO] [1786867926.496679838] [rclcpp]: signal_handler(SIGINT/SIGTERM)
[static_transform_publisher-5] [INFO] [1786867926.498794773] [rclcpp]: signal_handler(SIGINT/SIGTERM)
[parameter_bridge-4] [INFO] [1786867926.500327817] [rclcpp]: signal_handler(SIGINT/SIGTERM)
[parameter_bridge-3] [INFO] [1786867926.503918544] [rclcpp]: signal_handler(SIGINT/SIGTERM)
[parameter_bridge-2] [INFO] [1786867926.508160040] [rclcpp]: signal_handler(SIGINT/SIGTERM)
[INFO] [parameter_bridge-6]: process has finished cleanly [pid 3836]
[INFO] [static_transform_publisher-5]: process has finished cleanly [pid 3835]
[INFO] [parameter_bridge-3]: process has finished cleanly [pid 3833]
[INFO] [parameter_bridge-4]: process has finished cleanly [pid 3834]
[INFO] [parameter_bridge-2]: process has finished cleanly [pid 3831]
[INFO] [drone_path_player-10]: process has finished cleanly [pid 4003]
[INFO] [drone_pose_controller-9]: process has finished cleanly [pid 4002]
[ERROR] [gazebo-1]: process[gazebo-1] failed to terminate '5' seconds after receiving 'SIGINT', escalating to 'SIGTERM'
[INFO] [gazebo-1]: sending signal 'SIGTERM' to process[gazebo-1]
[ERROR] [gazebo-1]: process has died [pid 3830, exit code -15, cmd 'ruby /opt/ros/jazzy/opt/gz_tools_vendor/bin/gz sim /home/hyunwoo-chae/AG-CoNav-test_main/install/agconav_test_worlds/share/agconav_test_worlds/worlds/Seongdong_gu_100x100/Seongdong_gu_100x100.world -r -s --force-version 8'].
