Starting >>> agconav_worlds
Starting >>> agconav_traversability
Finished <<< agconav_worlds [0.25s]
Starting >>> agconav_drone
/usr/lib/python3/dist-packages/setuptools/dist.py:744: SetuptoolsDeprecationWarning: Invalid dash-separated options
!!

        ********************************************************************************
        Usage of dash-separated 'install-scripts' will not be supported in future
        versions. Please use the underscore name 'install_scripts' instead.

        This deprecation is overdue, please update your project and remove deprecated
        calls to avoid build errors in the future.

        See https://setuptools.pypa.io/en/latest/userguide/declarative_config.html for details.
        ********************************************************************************

!!
  opt = self.warn_dash_deprecation(opt, section)
--- stderr: agconav_drone
/usr/lib/python3/dist-packages/setuptools/command/easy_install.py:363: UserWarning: Unbuilt egg for pytest-repeat [unknown version] (/usr/lib/python3/dist-packages)
  self.local_index = Environment(self.shadow_path + sys.path)
---
Finished <<< agconav_drone [1.10s]
--- stderr: agconav_traversability
/usr/lib/python3/dist-packages/setuptools/command/easy_install.py:363: UserWarning: Unbuilt egg for pytest-repeat [unknown version] (/usr/lib/python3/dist-packages)
  self.local_index = Environment(self.shadow_path + sys.path)
---
Finished <<< agconav_traversability [1.35s]

Summary: 3 packages finished [1.56s]
  2 packages had stderr output: agconav_drone agconav_traversability
