[2026-08-17 17:27:12.500] [glim] [info] config_path: /home/hyunwoo-chae/AG-CoNav-test_main/glim_config
[2026-08-17 17:27:12.502] [glim] [info] load libodometry_estimation_ct.so
[2026-08-17 17:27:12.503] [glim] [info] load libsub_mapping_passthrough.so
[2026-08-17 17:27:12.504] [glim] [info] load libglobal_mapping_pose_graph.so
[2026-08-17 17:27:12.505] [glim] [info] load libmemory_monitor.so
[2026-08-17 17:27:12.506] [glim] [info] load librviz_viewer.so
[WARN] [1786955256.895053670] [transform_listener_impl_b42c932fa0e0]: New publisher discovered on topic '/tf_static', offering incompatible QoS. No messages will be sent to it. Last incompatible policy: DURABILITY_QOS_POLICY
[2026-08-17 17:27:37.209] [rviz] [info] auto-detected IMU frame ID: drone/base_link
[2026-08-17 17:27:37.209] [rviz] [info] auto-detected LiDAR frame ID: drone/os1_lidar
[2026-08-17 17:27:37.209] [rviz] [info] base_frame_id is not set. using IMU frame ID 'drone/base_link' as base frame ID.
[2026-08-17 17:27:39.676] [glim] [warning] large time gap between consecutive LiDAR frames!!
[2026-08-17 17:27:39.676] [glim] [warning] current=11.400000 last=10.600000 diff=0.800000
[2026-08-17 17:27:42.676] [glim] [warning] large time gap between consecutive LiDAR frames!!
[2026-08-17 17:27:42.676] [glim] [warning] current=14.400000 last=13.800000 diff=0.600000
[2026-08-17 17:27:45.794] [glim] [warning] large time gap between consecutive LiDAR frames!!
[2026-08-17 17:27:45.794] [glim] [warning] current=17.500000 last=16.800000 diff=0.700000
[2026-08-17 17:27:49.799] [glim] [warning] large time gap between consecutive LiDAR frames!!
[2026-08-17 17:27:49.799] [glim] [warning] current=21.500000 last=20.700000 diff=0.800000
[2026-08-17 17:27:52.699] [glim] [warning] large time gap between consecutive LiDAR frames!!
[2026-08-17 17:27:52.699] [glim] [warning] current=24.400000 last=23.600000 diff=0.800000
[2026-08-17 17:27:55.105] [glim] [warning] large time gap between consecutive LiDAR frames!!
[2026-08-17 17:27:55.105] [glim] [warning] current=26.800000 last=26.200000 diff=0.600000
[2026-08-17 17:27:57.605] [glim] [warning] large time gap between consecutive LiDAR frames!!
[2026-08-17 17:27:57.605] [glim] [warning] current=29.300000 last=28.600000 diff=0.700000
[2026-08-17 17:27:58.907] [glim] [warning] large time gap between consecutive LiDAR frames!!
[2026-08-17 17:27:58.907] [glim] [warning] current=30.600000 last=29.800000 diff=0.800000
[2026-08-17 17:28:00.007] [glim] [warning] large time gap between consecutive LiDAR frames!!
[2026-08-17 17:28:00.007] [glim] [warning] current=31.700000 last=31.100000 diff=0.600000
[2026-08-17 17:28:02.588] [glim] [warning] large time difference between points and imu!!
[2026-08-17 17:28:02.588] [glim] [warning] points=33.300000 imu=34.310000 diff=1.010000
[2026-08-17 17:28:02.599] [glim] [warning] large time difference between points and imu!!
[2026-08-17 17:28:02.599] [glim] [warning] points=33.300000 imu=34.320000 diff=1.020000
[2026-08-17 17:28:02.608] [glim] [warning] large time difference between points and imu!!
[2026-08-17 17:28:02.608] [glim] [warning] points=33.300000 imu=34.330000 diff=1.030000
[2026-08-17 17:28:02.609] [glim] [warning] large time gap between consecutive LiDAR frames!!
[2026-08-17 17:28:02.609] [glim] [warning] current=34.300000 last=33.300000 diff=1.000000
[2026-08-17 17:28:02.762] [odom] [warning] neither frames[last]=0xff952b1a7050 nor frames[last - 1]=0x0 is released!!
[2026-08-17 17:28:02.762] [odom] [warning] there might be a large time gap between point cloud frames
[2026-08-17 17:28:06.412] [glim] [warning] large time gap between consecutive LiDAR frames!!
[2026-08-17 17:28:06.413] [glim] [warning] current=38.100000 last=37.300000 diff=0.800000
[2026-08-17 17:28:08.992] [glim] [warning] large time difference between points and imu!!
[2026-08-17 17:28:08.992] [glim] [warning] points=39.700000 imu=40.710000 diff=1.010000
[2026-08-17 17:28:08.999] [glim] [warning] large time difference between points and imu!!
[2026-08-17 17:28:08.999] [glim] [warning] points=39.700000 imu=40.720000 diff=1.020000
[2026-08-17 17:28:09.009] [glim] [warning] large time difference between points and imu!!
[2026-08-17 17:28:09.009] [glim] [warning] points=39.700000 imu=40.730000 diff=1.030000
[2026-08-17 17:28:09.019] [glim] [warning] large time difference between points and imu!!
[2026-08-17 17:28:09.019] [glim] [warning] points=39.700000 imu=40.740000 diff=1.040000
[2026-08-17 17:28:09.028] [glim] [warning] large time difference between points and imu!!
[2026-08-17 17:28:09.028] [glim] [warning] points=39.700000 imu=40.750000 diff=1.050000
[2026-08-17 17:28:09.038] [glim] [warning] large time difference between points and imu!!
[2026-08-17 17:28:09.038] [glim] [warning] points=39.700000 imu=40.760000 diff=1.060000
[2026-08-17 17:28:09.048] [glim] [warning] large time difference between points and imu!!
[2026-08-17 17:28:09.048] [glim] [warning] points=39.700000 imu=40.770000 diff=1.070000
[2026-08-17 17:28:09.058] [glim] [warning] large time difference between points and imu!!
[2026-08-17 17:28:09.058] [glim] [warning] points=39.700000 imu=40.780000 diff=1.080000
[2026-08-17 17:28:09.068] [glim] [warning] large time difference between points and imu!!
[2026-08-17 17:28:09.068] [glim] [warning] points=39.700000 imu=40.790000 diff=1.090000
[2026-08-17 17:28:09.078] [glim] [warning] large time difference between points and imu!!
[2026-08-17 17:28:09.078] [glim] [warning] points=39.700000 imu=40.800000 diff=1.100000
[2026-08-17 17:28:09.090] [glim] [warning] large time difference between points and imu!!
[2026-08-17 17:28:09.090] [glim] [warning] points=39.700000 imu=40.810000 diff=1.110000
[2026-08-17 17:28:09.098] [glim] [warning] large time difference between points and imu!!
[2026-08-17 17:28:09.098] [glim] [warning] points=39.700000 imu=40.820000 diff=1.120000
[2026-08-17 17:28:09.108] [glim] [warning] large time difference between points and imu!!
[2026-08-17 17:28:09.108] [glim] [warning] points=39.700000 imu=40.830000 diff=1.130000
[2026-08-17 17:28:09.111] [glim] [warning] large time gap between consecutive LiDAR frames!!
[2026-08-17 17:28:09.111] [glim] [warning] current=40.800000 last=39.700000 diff=1.100000
[2026-08-17 17:28:09.269] [odom] [warning] neither frames[last]=0xff94e0780590 nor frames[last - 1]=0x0 is released!!
[2026-08-17 17:28:09.269] [odom] [warning] there might be a large time gap between point cloud frames
[2026-08-17 17:28:09.813] [glim] [warning] large time gap between consecutive LiDAR frames!!
[2026-08-17 17:28:09.813] [glim] [warning] current=41.500000 last=40.900000 diff=0.600000
[2026-08-17 17:28:10.404] [glim] [warning] large time gap between consecutive LiDAR frames!!
[2026-08-17 17:28:10.404] [glim] [warning] current=42.100000 last=41.500000 diff=0.600000
[2026-08-17 17:28:11.613] [glim] [warning] large time gap between consecutive LiDAR frames!!
[2026-08-17 17:28:11.613] [glim] [warning] current=43.300000 last=42.600000 diff=0.700000
[2026-08-17 17:28:14.721] [glim] [warning] large time gap between consecutive LiDAR frames!!
[2026-08-17 17:28:14.721] [glim] [warning] current=46.400000 last=45.800000 diff=0.600000
[2026-08-17 17:28:17.911] [glim] [warning] large time gap between consecutive LiDAR frames!!
[2026-08-17 17:28:17.911] [glim] [warning] current=49.600000 last=48.700000 diff=0.900000
[2026-08-17 17:28:22.429] [glim] [warning] large time gap between consecutive LiDAR frames!!
[2026-08-17 17:28:22.429] [glim] [warning] current=54.100000 last=53.300000 diff=0.800000
[2026-08-17 17:28:23.221] [glim] [warning] large time gap between consecutive LiDAR frames!!
[2026-08-17 17:28:23.221] [glim] [warning] current=54.900000 last=54.100000 diff=0.800000
[2026-08-17 17:28:32.679] [glim] [warning] large time gap between consecutive LiDAR frames!!
[2026-08-17 17:28:32.679] [glim] [warning] current=64.300000 last=63.600000 diff=0.700000
[2026-08-17 17:28:36.680] [glim] [warning] large time gap between consecutive LiDAR frames!!
[2026-08-17 17:28:36.681] [glim] [warning] current=68.300000 last=67.600000 diff=0.700000
[2026-08-17 17:28:37.683] [glim] [warning] large time gap between consecutive LiDAR frames!!
[2026-08-17 17:28:37.683] [glim] [warning] current=69.300000 last=68.700000 diff=0.600000
[2026-08-17 17:28:39.914] [glim] [warning] large time gap between consecutive LiDAR frames!!
[2026-08-17 17:28:39.914] [glim] [warning] current=71.500000 last=70.700000 diff=0.800000
[2026-08-17 17:28:42.038] [glim] [warning] large time gap between consecutive LiDAR frames!!
[2026-08-17 17:28:42.038] [glim] [warning] current=73.600000 last=72.900000 diff=0.700000
[2026-08-17 17:28:46.280] [glim] [warning] large time gap between consecutive LiDAR frames!!
[2026-08-17 17:28:46.280] [glim] [warning] current=77.800000 last=77.100000 diff=0.700000
[2026-08-17 17:28:47.471] [glim] [warning] large time gap between consecutive LiDAR frames!!
[2026-08-17 17:28:47.471] [glim] [warning] current=79.000000 last=78.400000 diff=0.600000
[2026-08-17 17:28:48.187] [glim] [warning] large time gap between consecutive LiDAR frames!!
[2026-08-17 17:28:48.187] [glim] [warning] current=79.700000 last=79.100000 diff=0.600000
[2026-08-17 17:28:49.404] [glim] [warning] large time gap between consecutive LiDAR frames!!
[2026-08-17 17:28:49.404] [glim] [warning] current=80.900000 last=80.200000 diff=0.700000
[2026-08-17 17:28:51.222] [glim] [warning] large time gap between consecutive LiDAR frames!!
[2026-08-17 17:28:51.222] [glim] [warning] current=82.700000 last=82.000000 diff=0.700000
[2026-08-17 17:28:52.419] [glim] [warning] large time gap between consecutive LiDAR frames!!
[2026-08-17 17:28:52.419] [glim] [warning] current=83.900000 last=83.300000 diff=0.600000
[2026-08-17 17:28:53.712] [glim] [warning] large time gap between consecutive LiDAR frames!!
[2026-08-17 17:28:53.712] [glim] [warning] current=85.200000 last=84.300000 diff=0.900000
[2026-08-17 17:28:54.414] [glim] [warning] large time gap between consecutive LiDAR frames!!
[2026-08-17 17:28:54.414] [glim] [warning] current=85.900000 last=85.200000 diff=0.700000
[2026-08-17 17:28:54.489] [odom] [warning] neither frames[last]=0xff952afb3db0 nor frames[last - 1]=0x0 is released!!
[2026-08-17 17:28:54.489] [odom] [warning] there might be a large time gap between point cloud frames
[2026-08-17 17:28:56.834] [glim] [warning] large time gap between consecutive LiDAR frames!!
[2026-08-17 17:28:56.834] [glim] [warning] current=88.300000 last=87.600000 diff=0.700000
[2026-08-17 17:28:57.630] [glim] [warning] large time gap between consecutive LiDAR frames!!
[2026-08-17 17:28:57.630] [glim] [warning] current=89.100000 last=88.400000 diff=0.700000
[2026-08-17 17:28:59.034] [glim] [warning] large time gap between consecutive LiDAR frames!!
[2026-08-17 17:28:59.034] [glim] [warning] current=90.500000 last=89.600000 diff=0.900000
[2026-08-17 17:28:59.601] [odom] [warning] neither frames[last]=0xff95282a1fe0 nor frames[last - 1]=0x0 is released!!
[2026-08-17 17:28:59.601] [odom] [warning] there might be a large time gap between point cloud frames
[2026-08-17 17:29:03.580] [glim] [warning] large time gap between consecutive LiDAR frames!!
[2026-08-17 17:29:03.580] [glim] [warning] current=95.000000 last=94.400000 diff=0.600000
[2026-08-17 17:29:07.680] [glim] [warning] large time gap between consecutive LiDAR frames!!
[2026-08-17 17:29:07.681] [glim] [warning] current=99.100000 last=98.300000 diff=0.800000
[2026-08-17 17:29:09.580] [glim] [warning] large time gap between consecutive LiDAR frames!!
[2026-08-17 17:29:09.580] [glim] [warning] current=101.000000 last=100.300000 diff=0.700000
[2026-08-17 17:29:11.678] [glim] [warning] large time gap between consecutive LiDAR frames!!
[2026-08-17 17:29:11.678] [glim] [warning] current=103.100000 last=102.500000 diff=0.600000
[2026-08-17 17:29:12.286] [glim] [warning] large time gap between consecutive LiDAR frames!!
[2026-08-17 17:29:12.286] [glim] [warning] current=103.700000 last=103.100000 diff=0.600000
[2026-08-17 17:29:13.859] [glim] [warning] large time difference between points and imu!!
[2026-08-17 17:29:13.860] [glim] [warning] points=104.300000 imu=105.310000 diff=1.010000
[2026-08-17 17:29:13.870] [glim] [warning] large time difference between points and imu!!
[2026-08-17 17:29:13.870] [glim] [warning] points=104.300000 imu=105.320000 diff=1.020000
[2026-08-17 17:29:13.879] [glim] [warning] large time difference between points and imu!!
[2026-08-17 17:29:13.879] [glim] [warning] points=104.300000 imu=105.330000 diff=1.030000
[2026-08-17 17:29:13.890] [glim] [warning] large time difference between points and imu!!
[2026-08-17 17:29:13.890] [glim] [warning] points=104.300000 imu=105.340000 diff=1.040000
[2026-08-17 17:29:13.899] [glim] [warning] large time difference between points and imu!!
[2026-08-17 17:29:13.899] [glim] [warning] points=104.300000 imu=105.350000 diff=1.050000
[2026-08-17 17:29:13.909] [glim] [warning] large time difference between points and imu!!
[2026-08-17 17:29:13.909] [glim] [warning] points=104.300000 imu=105.360000 diff=1.060000
[2026-08-17 17:29:13.919] [glim] [warning] large time difference between points and imu!!
[2026-08-17 17:29:13.919] [glim] [warning] points=104.300000 imu=105.370000 diff=1.070000
[2026-08-17 17:29:13.929] [glim] [warning] large time difference between points and imu!!
[2026-08-17 17:29:13.929] [glim] [warning] points=104.300000 imu=105.380000 diff=1.080000
[2026-08-17 17:29:13.939] [glim] [warning] large time difference between points and imu!!
[2026-08-17 17:29:13.939] [glim] [warning] points=104.300000 imu=105.390000 diff=1.090000
[2026-08-17 17:29:13.949] [glim] [warning] large time difference between points and imu!!
[2026-08-17 17:29:13.950] [glim] [warning] points=104.300000 imu=105.400000 diff=1.100000
[2026-08-17 17:29:13.960] [glim] [warning] large time difference between points and imu!!
[2026-08-17 17:29:13.960] [glim] [warning] points=104.300000 imu=105.410000 diff=1.110000
[2026-08-17 17:29:13.970] [glim] [warning] large time difference between points and imu!!
[2026-08-17 17:29:13.970] [glim] [warning] points=104.300000 imu=105.420000 diff=1.120000
[2026-08-17 17:29:13.974] [glim] [warning] large time gap between consecutive LiDAR frames!!
[2026-08-17 17:29:13.974] [glim] [warning] current=105.400000 last=104.300000 diff=1.100000
[2026-08-17 17:29:14.130] [odom] [warning] neither frames[last]=0xff94e2069d10 nor frames[last - 1]=0x0 is released!!
[2026-08-17 17:29:14.130] [odom] [warning] there might be a large time gap between point cloud frames
[2026-08-17 17:29:15.282] [glim] [warning] large time gap between consecutive LiDAR frames!!
[2026-08-17 17:29:15.282] [glim] [warning] current=106.700000 last=105.900000 diff=0.800000
[2026-08-17 17:29:18.847] [glim] [warning] large time gap between consecutive LiDAR frames!!
[2026-08-17 17:29:18.847] [glim] [warning] current=110.200000 last=109.600000 diff=0.600000
[2026-08-17 17:29:19.925] [glim] [warning] large time gap between consecutive LiDAR frames!!
[2026-08-17 17:29:19.925] [glim] [warning] current=111.300000 last=110.700000 diff=0.600000
[2026-08-17 17:29:21.407] [glim] [warning] large time difference between points and imu!!
[2026-08-17 17:29:21.407] [glim] [warning] points=111.800000 imu=112.810000 diff=1.010000
[2026-08-17 17:29:21.416] [glim] [warning] large time difference between points and imu!!
[2026-08-17 17:29:21.416] [glim] [warning] points=111.800000 imu=112.820000 diff=1.020000
[2026-08-17 17:29:21.424] [glim] [warning] large time difference between points and imu!!
[2026-08-17 17:29:21.424] [glim] [warning] points=111.800000 imu=112.830000 diff=1.030000
[2026-08-17 17:29:21.435] [glim] [warning] large time difference between points and imu!!
[2026-08-17 17:29:21.435] [glim] [warning] points=111.800000 imu=112.840000 diff=1.040000
[2026-08-17 17:29:21.444] [glim] [warning] large time difference between points and imu!!
[2026-08-17 17:29:21.444] [glim] [warning] points=111.800000 imu=112.850000 diff=1.050000
[2026-08-17 17:29:21.454] [glim] [warning] large time difference between points and imu!!
[2026-08-17 17:29:21.454] [glim] [warning] points=111.800000 imu=112.860000 diff=1.060000
[2026-08-17 17:29:21.465] [glim] [warning] large time difference between points and imu!!
[2026-08-17 17:29:21.465] [glim] [warning] points=111.800000 imu=112.870000 diff=1.070000
[2026-08-17 17:29:21.475] [glim] [warning] large time difference between points and imu!!
[2026-08-17 17:29:21.475] [glim] [warning] points=111.800000 imu=112.880000 diff=1.080000
[2026-08-17 17:29:21.485] [glim] [warning] large time difference between points and imu!!
[2026-08-17 17:29:21.485] [glim] [warning] points=111.800000 imu=112.890000 diff=1.090000
[2026-08-17 17:29:21.494] [glim] [warning] large time difference between points and imu!!
[2026-08-17 17:29:21.494] [glim] [warning] points=111.800000 imu=112.900000 diff=1.100000
[2026-08-17 17:29:21.505] [glim] [warning] large time difference between points and imu!!
[2026-08-17 17:29:21.505] [glim] [warning] points=111.800000 imu=112.910000 diff=1.110000
[2026-08-17 17:29:21.515] [glim] [warning] large time difference between points and imu!!
[2026-08-17 17:29:21.515] [glim] [warning] points=111.800000 imu=112.920000 diff=1.120000
[2026-08-17 17:29:21.524] [glim] [warning] large time difference between points and imu!!
[2026-08-17 17:29:21.524] [glim] [warning] points=111.800000 imu=112.930000 diff=1.130000
[2026-08-17 17:29:21.534] [glim] [warning] large time difference between points and imu!!
[2026-08-17 17:29:21.534] [glim] [warning] points=111.800000 imu=112.940000 diff=1.140000
[2026-08-17 17:29:21.544] [glim] [warning] large time difference between points and imu!!
[2026-08-17 17:29:21.544] [glim] [warning] points=111.800000 imu=112.950000 diff=1.150000
[2026-08-17 17:29:21.554] [glim] [warning] large time difference between points and imu!!
[2026-08-17 17:29:21.554] [glim] [warning] points=111.800000 imu=112.960000 diff=1.160000
[2026-08-17 17:29:21.564] [glim] [warning] large time difference between points and imu!!
[2026-08-17 17:29:21.564] [glim] [warning] points=111.800000 imu=112.970000 diff=1.170000
[2026-08-17 17:29:21.574] [glim] [warning] large time difference between points and imu!!
[2026-08-17 17:29:21.574] [glim] [warning] points=111.800000 imu=112.980000 diff=1.180000
[2026-08-17 17:29:21.584] [glim] [warning] large time difference between points and imu!!
[2026-08-17 17:29:21.584] [glim] [warning] points=111.800000 imu=112.990000 diff=1.190000
[2026-08-17 17:29:21.594] [glim] [warning] large time difference between points and imu!!
[2026-08-17 17:29:21.594] [glim] [warning] points=111.800000 imu=113.000000 diff=1.200000
[2026-08-17 17:29:21.607] [glim] [warning] large time difference between points and imu!!
[2026-08-17 17:29:21.607] [glim] [warning] points=111.800000 imu=113.010000 diff=1.210000
[2026-08-17 17:29:21.615] [glim] [warning] large time difference between points and imu!!
[2026-08-17 17:29:21.615] [glim] [warning] points=111.800000 imu=113.020000 diff=1.220000
[2026-08-17 17:29:21.624] [glim] [warning] large time difference between points and imu!!
[2026-08-17 17:29:21.624] [glim] [warning] points=111.800000 imu=113.030000 diff=1.230000
[2026-08-17 17:29:21.634] [glim] [warning] large time difference between points and imu!!
[2026-08-17 17:29:21.634] [glim] [warning] points=111.800000 imu=113.040000 diff=1.240000
[2026-08-17 17:29:21.645] [glim] [warning] large time difference between points and imu!!
[2026-08-17 17:29:21.645] [glim] [warning] points=111.800000 imu=113.050000 diff=1.250000
[2026-08-17 17:29:21.654] [glim] [warning] large time difference between points and imu!!
[2026-08-17 17:29:21.654] [glim] [warning] points=111.800000 imu=113.060000 diff=1.260000
[2026-08-17 17:29:21.665] [glim] [warning] large time difference between points and imu!!
[2026-08-17 17:29:21.665] [glim] [warning] points=111.800000 imu=113.070000 diff=1.270000
[2026-08-17 17:29:21.674] [glim] [warning] large time difference between points and imu!!
[2026-08-17 17:29:21.674] [glim] [warning] points=111.800000 imu=113.080000 diff=1.280000
[2026-08-17 17:29:21.684] [glim] [warning] large time difference between points and imu!!
[2026-08-17 17:29:21.684] [glim] [warning] points=111.800000 imu=113.090000 diff=1.290000
[2026-08-17 17:29:21.694] [glim] [warning] large time difference between points and imu!!
[2026-08-17 17:29:21.694] [glim] [warning] points=111.800000 imu=113.100000 diff=1.300000
[2026-08-17 17:29:21.706] [glim] [warning] large time difference between points and imu!!
[2026-08-17 17:29:21.706] [glim] [warning] points=111.800000 imu=113.110000 diff=1.310000
[2026-08-17 17:29:21.715] [glim] [warning] large time difference between points and imu!!
[2026-08-17 17:29:21.715] [glim] [warning] points=111.800000 imu=113.120000 diff=1.320000
[2026-08-17 17:29:21.724] [glim] [warning] large time difference between points and imu!!
[2026-08-17 17:29:21.724] [glim] [warning] points=111.800000 imu=113.130000 diff=1.330000
[2026-08-17 17:29:21.726] [glim] [warning] large time gap between consecutive LiDAR frames!!
[2026-08-17 17:29:21.726] [glim] [warning] current=113.100000 last=111.800000 diff=1.300000
[2026-08-17 17:29:21.990] [odom] [warning] neither frames[last]=0xff94e28876b0 nor frames[last - 1]=0x0 is released!!
[2026-08-17 17:29:21.990] [odom] [warning] there might be a large time gap between point cloud frames
[2026-08-17 17:29:23.025] [glim] [warning] large time gap between consecutive LiDAR frames!!
[2026-08-17 17:29:23.025] [glim] [warning] current=114.400000 last=113.800000 diff=0.600000
[2026-08-17 17:29:29.604] [glim] [warning] large time difference between points and imu!!
[2026-08-17 17:29:29.605] [glim] [warning] points=120.000000 imu=121.010000 diff=1.010000
[2026-08-17 17:29:29.614] [glim] [warning] large time difference between points and imu!!
[2026-08-17 17:29:29.614] [glim] [warning] points=120.000000 imu=121.020000 diff=1.020000
[2026-08-17 17:29:29.625] [glim] [warning] large time difference between points and imu!!
[2026-08-17 17:29:29.625] [glim] [warning] points=120.000000 imu=121.030000 diff=1.030000
[2026-08-17 17:29:29.634] [glim] [warning] large time difference between points and imu!!
[2026-08-17 17:29:29.634] [glim] [warning] points=120.000000 imu=121.040000 diff=1.040000
[2026-08-17 17:29:29.644] [glim] [warning] large time difference between points and imu!!
[2026-08-17 17:29:29.644] [glim] [warning] points=120.000000 imu=121.050000 diff=1.050000
[2026-08-17 17:29:29.654] [glim] [warning] large time difference between points and imu!!
[2026-08-17 17:29:29.655] [glim] [warning] points=120.000000 imu=121.060000 diff=1.060000
[2026-08-17 17:29:29.664] [glim] [warning] large time difference between points and imu!!
[2026-08-17 17:29:29.664] [glim] [warning] points=120.000000 imu=121.070000 diff=1.070000
[2026-08-17 17:29:29.674] [glim] [warning] large time difference between points and imu!!
[2026-08-17 17:29:29.674] [glim] [warning] points=120.000000 imu=121.080000 diff=1.080000
[2026-08-17 17:29:29.687] [glim] [warning] large time difference between points and imu!!
[2026-08-17 17:29:29.687] [glim] [warning] points=120.000000 imu=121.090000 diff=1.090000
[2026-08-17 17:29:29.696] [glim] [warning] large time difference between points and imu!!
[2026-08-17 17:29:29.696] [glim] [warning] points=120.000000 imu=121.100000 diff=1.100000
[2026-08-17 17:29:29.705] [glim] [warning] large time difference between points and imu!!
[2026-08-17 17:29:29.705] [glim] [warning] points=120.000000 imu=121.110000 diff=1.110000
[2026-08-17 17:29:29.715] [glim] [warning] large time difference between points and imu!!
[2026-08-17 17:29:29.715] [glim] [warning] points=120.000000 imu=121.120000 diff=1.120000
[2026-08-17 17:29:29.725] [glim] [warning] large time difference between points and imu!!
[2026-08-17 17:29:29.725] [glim] [warning] points=120.000000 imu=121.130000 diff=1.130000
[2026-08-17 17:29:29.734] [glim] [warning] large time difference between points and imu!!
[2026-08-17 17:29:29.734] [glim] [warning] points=120.000000 imu=121.140000 diff=1.140000
[2026-08-17 17:29:29.744] [glim] [warning] large time difference between points and imu!!
[2026-08-17 17:29:29.744] [glim] [warning] points=120.000000 imu=121.150000 diff=1.150000
[2026-08-17 17:29:29.755] [glim] [warning] large time difference between points and imu!!
[2026-08-17 17:29:29.755] [glim] [warning] points=120.000000 imu=121.160000 diff=1.160000
[2026-08-17 17:29:29.765] [glim] [warning] large time difference between points and imu!!
[2026-08-17 17:29:29.765] [glim] [warning] points=120.000000 imu=121.170000 diff=1.170000
[2026-08-17 17:29:29.774] [glim] [warning] large time difference between points and imu!!
[2026-08-17 17:29:29.774] [glim] [warning] points=120.000000 imu=121.180000 diff=1.180000
[2026-08-17 17:29:29.784] [glim] [warning] large time difference between points and imu!!
[2026-08-17 17:29:29.784] [glim] [warning] points=120.000000 imu=121.190000 diff=1.190000
[2026-08-17 17:29:29.794] [glim] [warning] large time difference between points and imu!!
[2026-08-17 17:29:29.794] [glim] [warning] points=120.000000 imu=121.200000 diff=1.200000
[2026-08-17 17:29:29.804] [glim] [warning] large time difference between points and imu!!
[2026-08-17 17:29:29.804] [glim] [warning] points=120.000000 imu=121.210000 diff=1.210000
[2026-08-17 17:29:29.814] [glim] [warning] large time difference between points and imu!!
[2026-08-17 17:29:29.814] [glim] [warning] points=120.000000 imu=121.220000 diff=1.220000
[2026-08-17 17:29:29.824] [glim] [warning] large time difference between points and imu!!
[2026-08-17 17:29:29.824] [glim] [warning] points=120.000000 imu=121.230000 diff=1.230000
[2026-08-17 17:29:29.836] [glim] [warning] large time difference between points and imu!!
[2026-08-17 17:29:29.836] [glim] [warning] points=120.000000 imu=121.240000 diff=1.240000
[2026-08-17 17:29:29.844] [glim] [warning] large time difference between points and imu!!
[2026-08-17 17:29:29.844] [glim] [warning] points=120.000000 imu=121.250000 diff=1.250000
[2026-08-17 17:29:29.854] [glim] [warning] large time difference between points and imu!!
[2026-08-17 17:29:29.854] [glim] [warning] points=120.000000 imu=121.260000 diff=1.260000
[2026-08-17 17:29:29.867] [glim] [warning] large time difference between points and imu!!
[2026-08-17 17:29:29.867] [glim] [warning] points=120.000000 imu=121.270000 diff=1.270000
[2026-08-17 17:29:29.875] [glim] [warning] large time difference between points and imu!!
[2026-08-17 17:29:29.875] [glim] [warning] points=120.000000 imu=121.280000 diff=1.280000
[2026-08-17 17:29:29.886] [glim] [warning] large time difference between points and imu!!
[2026-08-17 17:29:29.886] [glim] [warning] points=120.000000 imu=121.290000 diff=1.290000
[2026-08-17 17:29:29.894] [glim] [warning] large time difference between points and imu!!
[2026-08-17 17:29:29.894] [glim] [warning] points=120.000000 imu=121.300000 diff=1.300000
[2026-08-17 17:29:29.904] [glim] [warning] large time difference between points and imu!!
[2026-08-17 17:29:29.904] [glim] [warning] points=120.000000 imu=121.310000 diff=1.310000
[2026-08-17 17:29:29.915] [glim] [warning] large time difference between points and imu!!
[2026-08-17 17:29:29.915] [glim] [warning] points=120.000000 imu=121.320000 diff=1.320000
[2026-08-17 17:29:29.917] [glim] [warning] large time gap between consecutive LiDAR frames!!
[2026-08-17 17:29:29.917] [glim] [warning] current=121.300000 last=120.000000 diff=1.300000
[2026-08-17 17:29:30.084] [odom] [warning] neither frames[last]=0xff94d0af6d20 nor frames[last - 1]=0x0 is released!!
[2026-08-17 17:29:30.084] [odom] [warning] there might be a large time gap between point cloud frames
[2026-08-17 17:29:31.528] [glim] [warning] large time gap between consecutive LiDAR frames!!
[2026-08-17 17:29:31.528] [glim] [warning] current=122.900000 last=122.300000 diff=0.600000
[2026-08-17 17:29:33.427] [glim] [warning] large time gap between consecutive LiDAR frames!!
[2026-08-17 17:29:33.427] [glim] [warning] current=124.800000 last=124.000000 diff=0.800000
[2026-08-17 17:29:37.431] [glim] [warning] large time gap between consecutive LiDAR frames!!
[2026-08-17 17:29:37.431] [glim] [warning] current=128.800000 last=128.100000 diff=0.700000
[2026-08-17 17:29:38.853] [glim] [warning] large time gap between consecutive LiDAR frames!!
[2026-08-17 17:29:38.853] [glim] [warning] current=130.200000 last=129.400000 diff=0.800000
[2026-08-17 17:29:43.371] [glim] [warning] large time gap between consecutive LiDAR frames!!
[2026-08-17 17:29:43.371] [glim] [warning] current=134.700000 last=133.800000 diff=0.900000
[2026-08-17 17:29:44.192] [glim] [warning] large time gap between consecutive LiDAR frames!!
[2026-08-17 17:29:44.192] [glim] [warning] current=135.500000 last=134.800000 diff=0.700000
[2026-08-17 17:29:45.892] [glim] [warning] large time gap between consecutive LiDAR frames!!
[2026-08-17 17:29:45.892] [glim] [warning] current=137.200000 last=136.500000 diff=0.700000
[2026-08-17 17:29:47.495] [glim] [warning] large time gap between consecutive LiDAR frames!!
[2026-08-17 17:29:47.495] [glim] [warning] current=138.800000 last=138.100000 diff=0.700000
[2026-08-17 17:29:49.306] [glim] [warning] large time gap between consecutive LiDAR frames!!
[2026-08-17 17:29:49.306] [glim] [warning] current=140.600000 last=139.800000 diff=0.800000
[2026-08-17 17:29:55.640] [glim] [warning] large time gap between consecutive LiDAR frames!!
[2026-08-17 17:29:55.640] [glim] [warning] current=146.900000 last=146.000000 diff=0.900000
[2026-08-17 17:29:56.100] [odom] [warning] neither frames[last]=0xff952af766a0 nor frames[last - 1]=0x0 is released!!
[2026-08-17 17:29:56.100] [odom] [warning] there might be a large time gap between point cloud frames
[2026-08-17 17:29:58.856] [glim] [warning] large time gap between consecutive LiDAR frames!!
[2026-08-17 17:29:58.856] [glim] [warning] current=150.100000 last=149.500000 diff=0.600000
[2026-08-17 17:29:59.972] [glim] [warning] large time gap between consecutive LiDAR frames!!
[2026-08-17 17:29:59.972] [glim] [warning] current=151.200000 last=150.500000 diff=0.700000
[2026-08-17 17:30:00.977] [glim] [warning] large time gap between consecutive LiDAR frames!!
[2026-08-17 17:30:00.977] [glim] [warning] current=152.200000 last=151.500000 diff=0.700000
[2026-08-17 17:30:04.392] [glim] [warning] large time gap between consecutive LiDAR frames!!
[2026-08-17 17:30:04.392] [glim] [warning] current=155.600000 last=154.700000 diff=0.900000
[2026-08-17 17:30:04.776] [odom] [warning] neither frames[last]=0xff952b5d0440 nor frames[last - 1]=0x0 is released!!
[2026-08-17 17:30:04.776] [odom] [warning] there might be a large time gap between point cloud frames
[2026-08-17 17:30:05.816] [glim] [warning] large time gap between consecutive LiDAR frames!!
[2026-08-17 17:30:05.816] [glim] [warning] current=157.000000 last=156.400000 diff=0.600000
[2026-08-17 17:30:06.619] [glim] [warning] large time gap between consecutive LiDAR frames!!
[2026-08-17 17:30:06.619] [glim] [warning] current=157.800000 last=157.200000 diff=0.600000
[2026-08-17 17:30:08.131] [glim] [warning] large time gap between consecutive LiDAR frames!!
[2026-08-17 17:30:08.131] [glim] [warning] current=159.300000 last=158.600000 diff=0.700000
[2026-08-17 17:30:12.466] [glim] [warning] large time gap between consecutive LiDAR frames!!
[2026-08-17 17:30:12.466] [glim] [warning] current=163.600000 last=162.800000 diff=0.800000
[2026-08-17 17:30:14.472] [glim] [warning] large time gap between consecutive LiDAR frames!!
[2026-08-17 17:30:14.472] [glim] [warning] current=165.600000 last=164.900000 diff=0.700000
[2026-08-17 17:30:17.077] [glim] [warning] large time difference between points and imu!!
[2026-08-17 17:30:17.077] [glim] [warning] points=167.200000 imu=168.210000 diff=1.010000
[2026-08-17 17:30:17.084] [glim] [warning] large time difference between points and imu!!
[2026-08-17 17:30:17.084] [glim] [warning] points=167.200000 imu=168.220000 diff=1.020000
[2026-08-17 17:30:17.096] [glim] [warning] large time difference between points and imu!!
[2026-08-17 17:30:17.096] [glim] [warning] points=167.200000 imu=168.230000 diff=1.030000
[2026-08-17 17:30:17.097] [glim] [warning] large time gap between consecutive LiDAR frames!!
[2026-08-17 17:30:17.097] [glim] [warning] current=168.200000 last=167.200000 diff=1.000000
[2026-08-17 17:30:17.298] [odom] [warning] neither frames[last]=0xff952bcb1e90 nor frames[last - 1]=0x0 is released!!
[2026-08-17 17:30:17.298] [odom] [warning] there might be a large time gap between point cloud frames
[2026-08-17 17:30:20.985] [glim] [warning] large time difference between points and imu!!
[2026-08-17 17:30:20.985] [glim] [warning] points=171.100000 imu=172.110000 diff=1.010000
[2026-08-17 17:30:20.993] [glim] [warning] large time difference between points and imu!!
[2026-08-17 17:30:20.993] [glim] [warning] points=171.100000 imu=172.120000 diff=1.020000
[2026-08-17 17:30:21.003] [glim] [warning] large time difference between points and imu!!
[2026-08-17 17:30:21.003] [glim] [warning] points=171.100000 imu=172.130000 diff=1.030000
[2026-08-17 17:30:21.013] [glim] [warning] large time difference between points and imu!!
[2026-08-17 17:30:21.013] [glim] [warning] points=171.100000 imu=172.140000 diff=1.040000
[2026-08-17 17:30:21.024] [glim] [warning] large time difference between points and imu!!
[2026-08-17 17:30:21.024] [glim] [warning] points=171.100000 imu=172.150000 diff=1.050000
[2026-08-17 17:30:21.034] [glim] [warning] large time difference between points and imu!!
[2026-08-17 17:30:21.034] [glim] [warning] points=171.100000 imu=172.160000 diff=1.060000
[2026-08-17 17:30:21.043] [glim] [warning] large time difference between points and imu!!
[2026-08-17 17:30:21.043] [glim] [warning] points=171.100000 imu=172.170000 diff=1.070000
[2026-08-17 17:30:21.053] [glim] [warning] large time difference between points and imu!!
[2026-08-17 17:30:21.053] [glim] [warning] points=171.100000 imu=172.180000 diff=1.080000
[2026-08-17 17:30:21.065] [glim] [warning] large time difference between points and imu!!
[2026-08-17 17:30:21.065] [glim] [warning] points=171.100000 imu=172.190000 diff=1.090000
[2026-08-17 17:30:21.074] [glim] [warning] large time difference between points and imu!!
[2026-08-17 17:30:21.074] [glim] [warning] points=171.100000 imu=172.200000 diff=1.100000
[2026-08-17 17:30:21.087] [glim] [warning] large time difference between points and imu!!
[2026-08-17 17:30:21.087] [glim] [warning] points=171.100000 imu=172.210000 diff=1.110000
[2026-08-17 17:30:21.094] [glim] [warning] large time difference between points and imu!!
[2026-08-17 17:30:21.094] [glim] [warning] points=171.100000 imu=172.220000 diff=1.120000
[2026-08-17 17:30:21.103] [glim] [warning] large time difference between points and imu!!
[2026-08-17 17:30:21.103] [glim] [warning] points=171.100000 imu=172.230000 diff=1.130000
[2026-08-17 17:30:21.113] [glim] [warning] large time difference between points and imu!!
[2026-08-17 17:30:21.113] [glim] [warning] points=171.100000 imu=172.240000 diff=1.140000
[2026-08-17 17:30:21.123] [glim] [warning] large time difference between points and imu!!
[2026-08-17 17:30:21.123] [glim] [warning] points=171.100000 imu=172.250000 diff=1.150000
[2026-08-17 17:30:21.133] [glim] [warning] large time difference between points and imu!!
[2026-08-17 17:30:21.133] [glim] [warning] points=171.100000 imu=172.260000 diff=1.160000
[2026-08-17 17:30:21.143] [glim] [warning] large time difference between points and imu!!
[2026-08-17 17:30:21.143] [glim] [warning] points=171.100000 imu=172.270000 diff=1.170000
[2026-08-17 17:30:21.153] [glim] [warning] large time difference between points and imu!!
[2026-08-17 17:30:21.153] [glim] [warning] points=171.100000 imu=172.280000 diff=1.180000
[2026-08-17 17:30:21.163] [glim] [warning] large time difference between points and imu!!
[2026-08-17 17:30:21.163] [glim] [warning] points=171.100000 imu=172.290000 diff=1.190000
[2026-08-17 17:30:21.173] [glim] [warning] large time difference between points and imu!!
[2026-08-17 17:30:21.173] [glim] [warning] points=171.100000 imu=172.300000 diff=1.200000
[2026-08-17 17:30:21.183] [glim] [warning] large time difference between points and imu!!
[2026-08-17 17:30:21.183] [glim] [warning] points=171.100000 imu=172.310000 diff=1.210000
[2026-08-17 17:30:21.193] [glim] [warning] large time difference between points and imu!!
[2026-08-17 17:30:21.193] [glim] [warning] points=171.100000 imu=172.320000 diff=1.220000
[2026-08-17 17:30:21.203] [glim] [warning] large time difference between points and imu!!
[2026-08-17 17:30:21.203] [glim] [warning] points=171.100000 imu=172.330000 diff=1.230000
[2026-08-17 17:30:21.213] [glim] [warning] large time difference between points and imu!!
[2026-08-17 17:30:21.213] [glim] [warning] points=171.100000 imu=172.340000 diff=1.240000
[2026-08-17 17:30:21.223] [glim] [warning] large time difference between points and imu!!
[2026-08-17 17:30:21.223] [glim] [warning] points=171.100000 imu=172.350000 diff=1.250000
[2026-08-17 17:30:21.233] [glim] [warning] large time difference between points and imu!!
[2026-08-17 17:30:21.233] [glim] [warning] points=171.100000 imu=172.360000 diff=1.260000
[2026-08-17 17:30:21.243] [glim] [warning] large time difference between points and imu!!
[2026-08-17 17:30:21.243] [glim] [warning] points=171.100000 imu=172.370000 diff=1.270000
[2026-08-17 17:30:21.253] [glim] [warning] large time difference between points and imu!!
[2026-08-17 17:30:21.253] [glim] [warning] points=171.100000 imu=172.380000 diff=1.280000
[2026-08-17 17:30:21.263] [glim] [warning] large time difference between points and imu!!
[2026-08-17 17:30:21.263] [glim] [warning] points=171.100000 imu=172.390000 diff=1.290000
[2026-08-17 17:30:21.274] [glim] [warning] large time difference between points and imu!!
[2026-08-17 17:30:21.274] [glim] [warning] points=171.100000 imu=172.400000 diff=1.300000
[2026-08-17 17:30:21.284] [glim] [warning] large time difference between points and imu!!
[2026-08-17 17:30:21.284] [glim] [warning] points=171.100000 imu=172.410000 diff=1.310000
[2026-08-17 17:30:21.293] [glim] [warning] large time difference between points and imu!!
[2026-08-17 17:30:21.293] [glim] [warning] points=171.100000 imu=172.420000 diff=1.320000
[2026-08-17 17:30:21.303] [glim] [warning] large time difference between points and imu!!
[2026-08-17 17:30:21.303] [glim] [warning] points=171.100000 imu=172.430000 diff=1.330000
[2026-08-17 17:30:21.313] [glim] [warning] large time difference between points and imu!!
[2026-08-17 17:30:21.313] [glim] [warning] points=171.100000 imu=172.440000 diff=1.340000
[2026-08-17 17:30:21.323] [glim] [warning] large time difference between points and imu!!
[2026-08-17 17:30:21.323] [glim] [warning] points=171.100000 imu=172.450000 diff=1.350000
[2026-08-17 17:30:21.333] [glim] [warning] large time difference between points and imu!!
[2026-08-17 17:30:21.333] [glim] [warning] points=171.100000 imu=172.460000 diff=1.360000
[2026-08-17 17:30:21.343] [glim] [warning] large time difference between points and imu!!
[2026-08-17 17:30:21.343] [glim] [warning] points=171.100000 imu=172.470000 diff=1.370000
[2026-08-17 17:30:21.353] [glim] [warning] large time difference between points and imu!!
[2026-08-17 17:30:21.353] [glim] [warning] points=171.100000 imu=172.480000 diff=1.380000
[2026-08-17 17:30:21.363] [glim] [warning] large time difference between points and imu!!
[2026-08-17 17:30:21.363] [glim] [warning] points=171.100000 imu=172.490000 diff=1.390000
[2026-08-17 17:30:21.373] [glim] [warning] large time difference between points and imu!!
[2026-08-17 17:30:21.373] [glim] [warning] points=171.100000 imu=172.500000 diff=1.400000
[2026-08-17 17:30:21.386] [glim] [warning] large time difference between points and imu!!
[2026-08-17 17:30:21.386] [glim] [warning] points=171.100000 imu=172.510000 diff=1.410000
[2026-08-17 17:30:21.393] [glim] [warning] large time difference between points and imu!!
[2026-08-17 17:30:21.393] [glim] [warning] points=171.100000 imu=172.520000 diff=1.420000
[2026-08-17 17:30:21.404] [glim] [warning] large time difference between points and imu!!
[2026-08-17 17:30:21.404] [glim] [warning] points=171.100000 imu=172.530000 diff=1.430000
[2026-08-17 17:30:21.413] [glim] [warning] large time difference between points and imu!!
[2026-08-17 17:30:21.413] [glim] [warning] points=171.100000 imu=172.540000 diff=1.440000
[2026-08-17 17:30:21.425] [glim] [warning] large time difference between points and imu!!
[2026-08-17 17:30:21.425] [glim] [warning] points=171.100000 imu=172.550000 diff=1.450000
[2026-08-17 17:30:21.434] [glim] [warning] large time difference between points and imu!!
[2026-08-17 17:30:21.434] [glim] [warning] points=171.100000 imu=172.560000 diff=1.460000
[2026-08-17 17:30:21.443] [glim] [warning] large time difference between points and imu!!
[2026-08-17 17:30:21.443] [glim] [warning] points=171.100000 imu=172.570000 diff=1.470000
[2026-08-17 17:30:21.453] [glim] [warning] large time difference between points and imu!!
[2026-08-17 17:30:21.453] [glim] [warning] points=171.100000 imu=172.580000 diff=1.480000
[2026-08-17 17:30:21.463] [glim] [warning] large time difference between points and imu!!
[2026-08-17 17:30:21.463] [glim] [warning] points=171.100000 imu=172.590000 diff=1.490000
[2026-08-17 17:30:21.473] [glim] [warning] large time difference between points and imu!!
[2026-08-17 17:30:21.473] [glim] [warning] points=171.100000 imu=172.600000 diff=1.500000
[2026-08-17 17:30:21.483] [glim] [warning] large time difference between points and imu!!
[2026-08-17 17:30:21.483] [glim] [warning] points=171.100000 imu=172.610000 diff=1.510000
[2026-08-17 17:30:21.493] [glim] [warning] large time difference between points and imu!!
[2026-08-17 17:30:21.493] [glim] [warning] points=171.100000 imu=172.620000 diff=1.520000
[2026-08-17 17:30:21.503] [glim] [warning] large time difference between points and imu!!
[2026-08-17 17:30:21.503] [glim] [warning] points=171.100000 imu=172.630000 diff=1.530000
[2026-08-17 17:30:21.504] [glim] [warning] large time gap between consecutive LiDAR frames!!
[2026-08-17 17:30:21.504] [glim] [warning] current=172.600000 last=171.100000 diff=1.500000
[2026-08-17 17:30:21.766] [odom] [warning] neither frames[last]=0xff952965ab20 nor frames[last - 1]=0x0 is released!!
[2026-08-17 17:30:21.766] [odom] [warning] there might be a large time gap between point cloud frames
[2026-08-17 17:30:28.399] [glim] [warning] large time gap between consecutive LiDAR frames!!
[2026-08-17 17:30:28.399] [glim] [warning] current=179.500000 last=178.900000 diff=0.600000
[2026-08-17 17:30:31.302] [glim] [warning] large time gap between consecutive LiDAR frames!!
[2026-08-17 17:30:31.302] [glim] [warning] current=182.400000 last=181.700000 diff=0.700000
[2026-08-17 17:30:32.692] [glim] [warning] large time difference between points and imu!!
[2026-08-17 17:30:32.692] [glim] [warning] points=182.800000 imu=183.810000 diff=1.010000
[2026-08-17 17:30:32.700] [glim] [warning] large time difference between points and imu!!
[2026-08-17 17:30:32.700] [glim] [warning] points=182.800000 imu=183.820000 diff=1.020000
[2026-08-17 17:30:32.710] [glim] [warning] large time difference between points and imu!!
[2026-08-17 17:30:32.710] [glim] [warning] points=182.800000 imu=183.830000 diff=1.030000
[2026-08-17 17:30:32.720] [glim] [warning] large time difference between points and imu!!
[2026-08-17 17:30:32.720] [glim] [warning] points=182.800000 imu=183.840000 diff=1.040000
[2026-08-17 17:30:32.731] [glim] [warning] large time difference between points and imu!!
[2026-08-17 17:30:32.731] [glim] [warning] points=182.800000 imu=183.850000 diff=1.050000
[2026-08-17 17:30:32.740] [glim] [warning] large time difference between points and imu!!
[2026-08-17 17:30:32.740] [glim] [warning] points=182.800000 imu=183.860000 diff=1.060000
[2026-08-17 17:30:32.750] [glim] [warning] large time difference between points and imu!!
[2026-08-17 17:30:32.750] [glim] [warning] points=182.800000 imu=183.870000 diff=1.070000
[2026-08-17 17:30:32.760] [glim] [warning] large time difference between points and imu!!
[2026-08-17 17:30:32.760] [glim] [warning] points=182.800000 imu=183.880000 diff=1.080000
[2026-08-17 17:30:32.770] [glim] [warning] large time difference between points and imu!!
[2026-08-17 17:30:32.770] [glim] [warning] points=182.800000 imu=183.890000 diff=1.090000
[2026-08-17 17:30:32.780] [glim] [warning] large time difference between points and imu!!
[2026-08-17 17:30:32.780] [glim] [warning] points=182.800000 imu=183.900000 diff=1.100000
[2026-08-17 17:30:32.792] [glim] [warning] large time difference between points and imu!!
[2026-08-17 17:30:32.792] [glim] [warning] points=182.800000 imu=183.910000 diff=1.110000
[2026-08-17 17:30:32.801] [glim] [warning] large time difference between points and imu!!
[2026-08-17 17:30:32.801] [glim] [warning] points=182.800000 imu=183.920000 diff=1.120000
[2026-08-17 17:30:32.803] [glim] [warning] large time gap between consecutive LiDAR frames!!
[2026-08-17 17:30:32.803] [glim] [warning] current=183.900000 last=182.800000 diff=1.100000
[2026-08-17 17:30:32.971] [odom] [warning] neither frames[last]=0xff94d2281ba0 nor frames[last - 1]=0x0 is released!!
[2026-08-17 17:30:32.971] [odom] [warning] there might be a large time gap between point cloud frames
[2026-08-17 17:30:34.412] [glim] [warning] large time gap between consecutive LiDAR frames!!
[2026-08-17 17:30:34.412] [glim] [warning] current=185.500000 last=184.900000 diff=0.600000
[2026-08-17 17:30:35.203] [glim] [warning] large time gap between consecutive LiDAR frames!!
[2026-08-17 17:30:35.203] [glim] [warning] current=186.300000 last=185.600000 diff=0.700000
[2026-08-17 17:30:37.299] [glim] [warning] large time difference between points and imu!!
[2026-08-17 17:30:37.299] [glim] [warning] points=187.400000 imu=188.410000 diff=1.010000
[2026-08-17 17:30:37.307] [glim] [warning] large time difference between points and imu!!
[2026-08-17 17:30:37.307] [glim] [warning] points=187.400000 imu=188.420000 diff=1.020000
[2026-08-17 17:30:37.317] [glim] [warning] large time difference between points and imu!!
[2026-08-17 17:30:37.317] [glim] [warning] points=187.400000 imu=188.430000 diff=1.030000
[2026-08-17 17:30:37.327] [glim] [warning] large time difference between points and imu!!
[2026-08-17 17:30:37.327] [glim] [warning] points=187.400000 imu=188.440000 diff=1.040000
[2026-08-17 17:30:37.338] [glim] [warning] large time difference between points and imu!!
[2026-08-17 17:30:37.338] [glim] [warning] points=187.400000 imu=188.450000 diff=1.050000
[2026-08-17 17:30:37.347] [glim] [warning] large time difference between points and imu!!
[2026-08-17 17:30:37.347] [glim] [warning] points=187.400000 imu=188.460000 diff=1.060000
[2026-08-17 17:30:37.358] [glim] [warning] large time difference between points and imu!!
[2026-08-17 17:30:37.358] [glim] [warning] points=187.400000 imu=188.470000 diff=1.070000
[2026-08-17 17:30:37.367] [glim] [warning] large time difference between points and imu!!
[2026-08-17 17:30:37.368] [glim] [warning] points=187.400000 imu=188.480000 diff=1.080000
[2026-08-17 17:30:37.377] [glim] [warning] large time difference between points and imu!!
[2026-08-17 17:30:37.377] [glim] [warning] points=187.400000 imu=188.490000 diff=1.090000
[2026-08-17 17:30:37.388] [glim] [warning] large time difference between points and imu!!
[2026-08-17 17:30:37.388] [glim] [warning] points=187.400000 imu=188.500000 diff=1.100000
[2026-08-17 17:30:37.397] [glim] [warning] large time difference between points and imu!!
[2026-08-17 17:30:37.397] [glim] [warning] points=187.400000 imu=188.510000 diff=1.110000
[2026-08-17 17:30:37.407] [glim] [warning] large time difference between points and imu!!
[2026-08-17 17:30:37.407] [glim] [warning] points=187.400000 imu=188.520000 diff=1.120000
[2026-08-17 17:30:37.417] [glim] [warning] large time difference between points and imu!!
[2026-08-17 17:30:37.417] [glim] [warning] points=187.400000 imu=188.530000 diff=1.130000
[2026-08-17 17:30:37.427] [glim] [warning] large time difference between points and imu!!
[2026-08-17 17:30:37.427] [glim] [warning] points=187.400000 imu=188.540000 diff=1.140000
[2026-08-17 17:30:37.437] [glim] [warning] large time difference between points and imu!!
[2026-08-17 17:30:37.437] [glim] [warning] points=187.400000 imu=188.550000 diff=1.150000
[2026-08-17 17:30:37.447] [glim] [warning] large time difference between points and imu!!
[2026-08-17 17:30:37.447] [glim] [warning] points=187.400000 imu=188.560000 diff=1.160000
[2026-08-17 17:30:37.457] [glim] [warning] large time difference between points and imu!!
[2026-08-17 17:30:37.457] [glim] [warning] points=187.400000 imu=188.570000 diff=1.170000
[2026-08-17 17:30:37.467] [glim] [warning] large time difference between points and imu!!
[2026-08-17 17:30:37.467] [glim] [warning] points=187.400000 imu=188.580000 diff=1.180000
[2026-08-17 17:30:37.477] [glim] [warning] large time difference between points and imu!!
[2026-08-17 17:30:37.477] [glim] [warning] points=187.400000 imu=188.590000 diff=1.190000
[2026-08-17 17:30:37.487] [glim] [warning] large time difference between points and imu!!
[2026-08-17 17:30:37.487] [glim] [warning] points=187.400000 imu=188.600000 diff=1.200000
[2026-08-17 17:30:37.499] [glim] [warning] large time difference between points and imu!!
[2026-08-17 17:30:37.499] [glim] [warning] points=187.400000 imu=188.610000 diff=1.210000
[2026-08-17 17:30:37.508] [glim] [warning] large time difference between points and imu!!
[2026-08-17 17:30:37.508] [glim] [warning] points=187.400000 imu=188.620000 diff=1.220000
[2026-08-17 17:30:37.517] [glim] [warning] large time difference between points and imu!!
[2026-08-17 17:30:37.517] [glim] [warning] points=187.400000 imu=188.630000 diff=1.230000
[2026-08-17 17:30:37.527] [glim] [warning] large time difference between points and imu!!
[2026-08-17 17:30:37.527] [glim] [warning] points=187.400000 imu=188.640000 diff=1.240000
[2026-08-17 17:30:37.537] [glim] [warning] large time difference between points and imu!!
[2026-08-17 17:30:37.537] [glim] [warning] points=187.400000 imu=188.650000 diff=1.250000
[2026-08-17 17:30:37.547] [glim] [warning] large time difference between points and imu!!
[2026-08-17 17:30:37.547] [glim] [warning] points=187.400000 imu=188.660000 diff=1.260000
[2026-08-17 17:30:37.557] [glim] [warning] large time difference between points and imu!!
[2026-08-17 17:30:37.557] [glim] [warning] points=187.400000 imu=188.670000 diff=1.270000
[2026-08-17 17:30:37.567] [glim] [warning] large time difference between points and imu!!
[2026-08-17 17:30:37.567] [glim] [warning] points=187.400000 imu=188.680000 diff=1.280000
[2026-08-17 17:30:37.577] [glim] [warning] large time difference between points and imu!!
[2026-08-17 17:30:37.577] [glim] [warning] points=187.400000 imu=188.690000 diff=1.290000
[2026-08-17 17:30:37.587] [glim] [warning] large time difference between points and imu!!
[2026-08-17 17:30:37.587] [glim] [warning] points=187.400000 imu=188.700000 diff=1.300000
[2026-08-17 17:30:37.599] [glim] [warning] large time difference between points and imu!!
[2026-08-17 17:30:37.599] [glim] [warning] points=187.400000 imu=188.710000 diff=1.310000
[2026-08-17 17:30:37.607] [glim] [warning] large time difference between points and imu!!
[2026-08-17 17:30:37.607] [glim] [warning] points=187.400000 imu=188.720000 diff=1.320000
[2026-08-17 17:30:37.627] [glim] [warning] large time difference between points and imu!!
[2026-08-17 17:30:37.627] [glim] [warning] points=187.400000 imu=188.740000 diff=1.340000
[2026-08-17 17:30:37.637] [glim] [warning] large time difference between points and imu!!
[2026-08-17 17:30:37.637] [glim] [warning] points=187.400000 imu=188.750000 diff=1.350000
[2026-08-17 17:30:37.647] [glim] [warning] large time difference between points and imu!!
[2026-08-17 17:30:37.647] [glim] [warning] points=187.400000 imu=188.760000 diff=1.360000
[2026-08-17 17:30:37.657] [glim] [warning] large time difference between points and imu!!
[2026-08-17 17:30:37.657] [glim] [warning] points=187.400000 imu=188.770000 diff=1.370000
[2026-08-17 17:30:37.667] [glim] [warning] large time difference between points and imu!!
[2026-08-17 17:30:37.667] [glim] [warning] points=187.400000 imu=188.780000 diff=1.380000
[2026-08-17 17:30:37.677] [glim] [warning] large time difference between points and imu!!
[2026-08-17 17:30:37.677] [glim] [warning] points=187.400000 imu=188.790000 diff=1.390000
[2026-08-17 17:30:37.687] [glim] [warning] large time difference between points and imu!!
[2026-08-17 17:30:37.687] [glim] [warning] points=187.400000 imu=188.800000 diff=1.400000
[2026-08-17 17:30:37.698] [glim] [warning] large time difference between points and imu!!
[2026-08-17 17:30:37.698] [glim] [warning] points=187.400000 imu=188.810000 diff=1.410000
[2026-08-17 17:30:37.709] [glim] [warning] large time difference between points and imu!!
[2026-08-17 17:30:37.709] [glim] [warning] points=187.400000 imu=188.820000 diff=1.420000
[2026-08-17 17:30:37.718] [glim] [warning] large time difference between points and imu!!
[2026-08-17 17:30:37.718] [glim] [warning] points=187.400000 imu=188.830000 diff=1.430000
[2026-08-17 17:30:37.727] [glim] [warning] large time difference between points and imu!!
[2026-08-17 17:30:37.727] [glim] [warning] points=187.400000 imu=188.840000 diff=1.440000
[2026-08-17 17:30:37.737] [glim] [warning] large time difference between points and imu!!
[2026-08-17 17:30:37.737] [glim] [warning] points=187.400000 imu=188.850000 diff=1.450000
[2026-08-17 17:30:37.747] [glim] [warning] large time difference between points and imu!!
[2026-08-17 17:30:37.747] [glim] [warning] points=187.400000 imu=188.860000 diff=1.460000
[2026-08-17 17:30:37.757] [glim] [warning] large time difference between points and imu!!
[2026-08-17 17:30:37.757] [glim] [warning] points=187.400000 imu=188.870000 diff=1.470000
[2026-08-17 17:30:37.767] [glim] [warning] large time difference between points and imu!!
[2026-08-17 17:30:37.767] [glim] [warning] points=187.400000 imu=188.880000 diff=1.480000
[2026-08-17 17:30:37.779] [glim] [warning] large time difference between points and imu!!
[2026-08-17 17:30:37.779] [glim] [warning] points=187.400000 imu=188.890000 diff=1.490000
[2026-08-17 17:30:37.787] [glim] [warning] large time difference between points and imu!!
[2026-08-17 17:30:37.787] [glim] [warning] points=187.400000 imu=188.900000 diff=1.500000
[2026-08-17 17:30:37.798] [glim] [warning] large time difference between points and imu!!
[2026-08-17 17:30:37.798] [glim] [warning] points=187.400000 imu=188.910000 diff=1.510000
[2026-08-17 17:30:37.807] [glim] [warning] large time difference between points and imu!!
[2026-08-17 17:30:37.807] [glim] [warning] points=187.400000 imu=188.920000 diff=1.520000
[2026-08-17 17:30:37.816] [glim] [warning] large time gap between consecutive LiDAR frames!!
[2026-08-17 17:30:37.816] [glim] [warning] current=188.900000 last=187.400000 diff=1.500000
[2026-08-17 17:30:38.185] [odom] [warning] neither frames[last]=0xff952b992650 nor frames[last - 1]=0x0 is released!!
[2026-08-17 17:30:38.185] [odom] [warning] there might be a large time gap between point cloud frames
[2026-08-17 17:30:40.217] [glim] [warning] large time gap between consecutive LiDAR frames!!
[2026-08-17 17:30:40.217] [glim] [warning] current=191.300000 last=190.700000 diff=0.600000
[INFO] [1786955592.724828677] [rclcpp]: signal_handler(SIGINT/SIGTERM)
[2026-08-17 17:33:12.731] [glim] [info] waiting for odometry estimation
[2026-08-17 17:33:12.736] [glim] [info] waiting for local mapping
[2026-08-17 17:33:12.741] [glim] [info] waiting for global mapping
[2026-08-17 17:33:12.748] [global] [info] saving to /tmp/dump...
[2026-08-17 17:33:12.749] [global] [info] serializing factor graph to /tmp/dump/graph.bin
[2026-08-17 17:33:12.985] [global] [info] saved
