[fullrun_cv1e3_gnss] glim pid=13989
[fullrun_cv1e3_gnss] converter pid=14016
[fullrun_cv1e3_gnss] chunk 0 변환 완료, 재생 시작
[fullrun_cv1e3_gnss] chunk 0 재생 완료
[fullrun_cv1e3_gnss] chunk 1 변환 완료, 재생 시작
[fullrun_cv1e3_gnss] chunk 1 재생 완료
[fullrun_cv1e3_gnss] chunk 2 변환 완료, 재생 시작
[fullrun_cv1e3_gnss] chunk 2 재생 완료
[fullrun_cv1e3_gnss] chunk 3 변환 완료, 재생 시작
[fullrun_cv1e3_gnss] chunk 3 재생 완료
[fullrun_cv1e3_gnss] chunk 4 변환 완료, 재생 시작
[fullrun_cv1e3_gnss] chunk 4 재생 완료
[fullrun_cv1e3_gnss] chunk 5 변환 완료, 재생 시작
[fullrun_cv1e3_gnss] chunk 5 재생 완료
[fullrun_cv1e3_gnss] chunk 6 변환 완료, 재생 시작
[fullrun_cv1e3_gnss] chunk 6 재생 완료
[fullrun_cv1e3_gnss] chunk 7 변환 완료, 재생 시작
[fullrun_cv1e3_gnss] chunk 7 재생 완료
[fullrun_cv1e3_gnss] chunk 8 변환 완료, 재생 시작
[fullrun_cv1e3_gnss] chunk 8 재생 완료
[fullrun_cv1e3_gnss] chunk 9 변환 완료, 재생 시작
[fullrun_cv1e3_gnss] chunk 9 재생 완료
[fullrun_cv1e3_gnss] chunk 10 변환 완료, 재생 시작
[fullrun_cv1e3_gnss] chunk 10 재생 완료
run_results/diag_scripts/run_glim_chunked_gnss.sh: line 68: 14016 Killed                  nohup python3 run_results/diag_scripts/navsat_to_gnss_pose.py > "run_results/logs/${OUT_NAME}_converter.log" 2>&1
[fullrun_cv1e3_gnss] 덤프 저장 완료 -> run_results/glim_diag_dumps/fullrun_cv1e3_gnss
