[fullrun_cv1e3] glim pid=4527
[fullrun_cv1e3] chunk 0 변환 완료, 재생 시작
[fullrun_cv1e3] chunk 0 재생 완료
[fullrun_cv1e3] chunk 1 변환 완료, 재생 시작
[fullrun_cv1e3] chunk 1 재생 완료
[fullrun_cv1e3] chunk 2 변환 완료, 재생 시작
[fullrun_cv1e3] chunk 2 재생 완료
[fullrun_cv1e3] chunk 3 변환 완료, 재생 시작
[fullrun_cv1e3] chunk 3 재생 완료
[fullrun_cv1e3] chunk 4 변환 완료, 재생 시작
[fullrun_cv1e3] chunk 4 재생 완료
[fullrun_cv1e3] chunk 5 변환 완료, 재생 시작
[fullrun_cv1e3] chunk 5 재생 완료
[fullrun_cv1e3] chunk 6 변환 완료, 재생 시작
[fullrun_cv1e3] chunk 6 재생 완료
[fullrun_cv1e3] chunk 7 변환 완료, 재생 시작
[fullrun_cv1e3] chunk 7 재생 완료
[fullrun_cv1e3] chunk 8 변환 완료, 재생 시작
[fullrun_cv1e3] chunk 8 재생 완료
[fullrun_cv1e3] chunk 9 변환 완료, 재생 시작
[fullrun_cv1e3] chunk 9 재생 완료
[fullrun_cv1e3] chunk 10 변환 완료, 재생 시작
[fullrun_cv1e3] chunk 10 재생 완료
[WARN] [1786964137.159224897] [rosbag2_storage_mcap]: attempted to read in receive timestamp order with no message index
[WARN] [1786964137.159405525] [rosbag2_cpp]: Could not set read order on open(), falling back to file order
[ERROR] [1786964137.250071393] [rosbag2_storage_mcap]: record type 0x30 at offset 6976 has length 4050477919966934580 but only 1060523 bytes remaining
[fullrun_cv1e3] chunk 11 변환 완료, 재생 시작
[fullrun_cv1e3] chunk 11 재생 완료
[fullrun_cv1e3] 덤프 저장 완료 -> run_results/glim_diag_dumps/fullrun_cv1e3
