  스캔 50개 처리, GICP 성공 49 실패 0
  스캔 100개 처리, GICP 성공 94 실패 5
  스캔 150개 처리, GICP 성공 135 실패 14
  스캔 200개 처리, GICP 성공 183 실패 16
  스캔 250개 처리, GICP 성공 219 실패 30
  스캔 300개 처리, GICP 성공 261 실패 38
  스캔 350개 처리, GICP 성공 307 실패 42
  스캔 400개 처리, GICP 성공 354 실패 45
  스캔 450개 처리, GICP 성공 403 실패 46
  스캔 500개 처리, GICP 성공 452 실패 47
  스캔 550개 처리, GICP 성공 502 실패 47
  스캔 600개 처리, GICP 성공 550 실패 49
  스캔 650개 처리, GICP 성공 595 실패 54
  스캔 700개 처리, GICP 성공 645 실패 54
  스캔 750개 처리, GICP 성공 695 실패 54
  스캔 800개 처리, GICP 성공 745 실패 54
  스캔 850개 처리, GICP 성공 795 실패 54
  스캔 900개 처리, GICP 성공 845 실패 54
  스캔 950개 처리, GICP 성공 895 실패 54
  스캔 1000개 처리, GICP 성공 940 실패 59
  스캔 1050개 처리, GICP 성공 989 실패 60
  스캔 1100개 처리, GICP 성공 1039 실패 60
  스캔 1150개 처리, GICP 성공 1089 실패 60
  스캔 1200개 처리, GICP 성공 1139 실패 60
  스캔 1250개 처리, GICP 성공 1185 실패 64
  스캔 1300개 처리, GICP 성공 1230 실패 69
  스캔 1350개 처리, GICP 성공 1280 실패 69
  스캔 1400개 처리, GICP 성공 1330 실패 69
  스캔 1450개 처리, GICP 성공 1378 실패 71
  스캔 1500개 처리, GICP 성공 1428 실패 71
  스캔 1550개 처리, GICP 성공 1478 실패 71
  스캔 1600개 처리, GICP 성공 1526 실패 73
  스캔 1650개 처리, GICP 성공 1576 실패 73
  스캔 1700개 처리, GICP 성공 1623 실패 76
  스캔 1750개 처리, GICP 성공 1671 실패 78
  스캔 1800개 처리, GICP 성공 1720 실패 79
  스캔 1850개 처리, GICP 성공 1767 실패 82
  스캔 1900개 처리, GICP 성공 1814 실패 85
  스캔 1950개 처리, GICP 성공 1860 실패 89
  스캔 2000개 처리, GICP 성공 1905 실패 94
  스캔 2050개 처리, GICP 성공 1954 실패 95
  스캔 2100개 처리, GICP 성공 2004 실패 95
  스캔 2150개 처리, GICP 성공 2054 실패 95
  스캔 2200개 처리, GICP 성공 2104 실패 95
  스캔 2250개 처리, GICP 성공 2154 실패 95
  스캔 2300개 처리, GICP 성공 2202 실패 97
  스캔 2350개 처리, GICP 성공 2252 실패 97
  스캔 2400개 처리, GICP 성공 2301 실패 98
  스캔 2450개 처리, GICP 성공 2350 실패 99
  스캔 2500개 처리, GICP 성공 2396 실패 103
  스캔 2550개 처리, GICP 성공 2446 실패 103
  스캔 2600개 처리, GICP 성공 2496 실패 103
  스캔 2650개 처리, GICP 성공 2545 실패 104
  스캔 2700개 처리, GICP 성공 2594 실패 105
  스캔 2750개 처리, GICP 성공 2644 실패 105
  스캔 2800개 처리, GICP 성공 2694 실패 105
  스캔 2850개 처리, GICP 성공 2744 실패 105
  스캔 2900개 처리, GICP 성공 2790 실패 109
  스캔 2950개 처리, GICP 성공 2836 실패 113
  스캔 3000개 처리, GICP 성공 2886 실패 113
  스캔 3050개 처리, GICP 성공 2936 실패 113
  스캔 3100개 처리, GICP 성공 2985 실패 114
  스캔 3150개 처리, GICP 성공 3035 실패 114
  스캔 3200개 처리, GICP 성공 3085 실패 114
  스캔 3250개 처리, GICP 성공 3135 실패 114
  스캔 3300개 처리, GICP 성공 3184 실패 115
  스캔 3350개 처리, GICP 성공 3234 실패 115
  스캔 3400개 처리, GICP 성공 3282 실패 117
  스캔 3450개 처리, GICP 성공 3328 실패 121
  스캔 3500개 처리, GICP 성공 3376 실패 123
  스캔 3550개 처리, GICP 성공 3421 실패 128
  스캔 3600개 처리, GICP 성공 3469 실패 130
  스캔 3650개 처리, GICP 성공 3516 실패 133
  스캔 3700개 처리, GICP 성공 3563 실패 136
  스캔 3750개 처리, GICP 성공 3612 실패 137
  스캔 3800개 처리, GICP 성공 3662 실패 137
  스캔 3850개 처리, GICP 성공 3710 실패 139
  스캔 3900개 처리, GICP 성공 3760 실패 139
  스캔 3950개 처리, GICP 성공 3810 실패 139
  스캔 4000개 처리, GICP 성공 3859 실패 140
  스캔 4050개 처리, GICP 성공 3909 실패 140
  스캔 4100개 처리, GICP 성공 3957 실패 142
  스캔 4150개 처리, GICP 성공 4005 실패 144
  스캔 4200개 처리, GICP 성공 4055 실패 144
  스캔 4250개 처리, GICP 성공 4105 실패 144
  스캔 4300개 처리, GICP 성공 4155 실패 144
  스캔 4350개 처리, GICP 성공 4205 실패 144
  스캔 4400개 처리, GICP 성공 4255 실패 144
  스캔 4450개 처리, GICP 성공 4305 실패 144
  스캔 4500개 처리, GICP 성공 4355 실패 144
  스캔 4550개 처리, GICP 성공 4405 실패 144
  스캔 4600개 처리, GICP 성공 4452 실패 147
  스캔 4650개 처리, GICP 성공 4501 실패 148
  스캔 4700개 처리, GICP 성공 4551 실패 148
  스캔 4750개 처리, GICP 성공 4600 실패 149
  스캔 4800개 처리, GICP 성공 4649 실패 150
  스캔 4850개 처리, GICP 성공 4699 실패 150
  스캔 4900개 처리, GICP 성공 4749 실패 150
  스캔 4950개 처리, GICP 성공 4799 실패 150
  스캔 5000개 처리, GICP 성공 4848 실패 151
  스캔 5050개 처리, GICP 성공 4894 실패 155
  스캔 5100개 처리, GICP 성공 4941 실패 158
  스캔 5150개 처리, GICP 성공 4985 실패 164
  스캔 5200개 처리, GICP 성공 5032 실패 167
  스캔 5250개 처리, GICP 성공 5082 실패 167
  스캔 5300개 처리, GICP 성공 5129 실패 170
  스캔 5350개 처리, GICP 성공 5173 실패 176
  스캔 5400개 처리, GICP 성공 5221 실패 178
  스캔 5450개 처리, GICP 성공 5270 실패 179
  스캔 5500개 처리, GICP 성공 5320 실패 179
  스캔 5550개 처리, GICP 성공 5370 실패 179
  스캔 5600개 처리, GICP 성공 5420 실패 179
  스캔 5650개 처리, GICP 성공 5470 실패 179
  스캔 5700개 처리, GICP 성공 5520 실패 179
  스캔 5750개 처리, GICP 성공 5570 실패 179
  스캔 5800개 처리, GICP 성공 5620 실패 179
  스캔 5850개 처리, GICP 성공 5670 실패 179
  스캔 5900개 처리, GICP 성공 5720 실패 179
  스캔 5950개 처리, GICP 성공 5770 실패 179
  스캔 6000개 처리, GICP 성공 5820 실패 179
  스캔 6050개 처리, GICP 성공 5870 실패 179
  스캔 6100개 처리, GICP 성공 5920 실패 179
  스캔 6150개 처리, GICP 성공 5970 실패 179
  스캔 6200개 처리, GICP 성공 6020 실패 179
  스캔 6250개 처리, GICP 성공 6070 실패 179
  스캔 6300개 처리, GICP 성공 6120 실패 179
  스캔 6350개 처리, GICP 성공 6170 실패 179
  스캔 6400개 처리, GICP 성공 6219 실패 180
  스캔 6450개 처리, GICP 성공 6269 실패 180
  스캔 6500개 처리, GICP 성공 6319 실패 180
  스캔 6550개 처리, GICP 성공 6369 실패 180
  스캔 6600개 처리, GICP 성공 6419 실패 180
  스캔 6650개 처리, GICP 성공 6469 실패 180
  스캔 6700개 처리, GICP 성공 6516 실패 183
  스캔 6750개 처리, GICP 성공 6566 실패 183
  스캔 6800개 처리, GICP 성공 6611 실패 188
  스캔 6850개 처리, GICP 성공 6657 실패 192
  스캔 6900개 처리, GICP 성공 6706 실패 193
  스캔 6950개 처리, GICP 성공 6755 실패 194
  스캔 7000개 처리, GICP 성공 6802 실패 197
  스캔 7050개 처리, GICP 성공 6849 실패 200
  스캔 7100개 처리, GICP 성공 6899 실패 200
  스캔 7150개 처리, GICP 성공 6947 실패 202
  스캔 7200개 처리, GICP 성공 6997 실패 202
  스캔 7250개 처리, GICP 성공 7047 실패 202
  스캔 7300개 처리, GICP 성공 7097 실패 202
  스캔 7350개 처리, GICP 성공 7147 실패 202
  스캔 7400개 처리, GICP 성공 7197 실패 202
  스캔 7450개 처리, GICP 성공 7247 실패 202
  스캔 7500개 처리, GICP 성공 7297 실패 202
  스캔 7550개 처리, GICP 성공 7347 실패 202
  스캔 7600개 처리, GICP 성공 7396 실패 203
  스캔 7650개 처리, GICP 성공 7446 실패 203
  스캔 7700개 처리, GICP 성공 7496 실패 203
  스캔 7750개 처리, GICP 성공 7546 실패 203
  스캔 7800개 처리, GICP 성공 7596 실패 203
  스캔 7850개 처리, GICP 성공 7646 실패 203
  스캔 7900개 처리, GICP 성공 7696 실패 203
  스캔 7950개 처리, GICP 성공 7746 실패 203
  스캔 8000개 처리, GICP 성공 7796 실패 203
  스캔 8050개 처리, GICP 성공 7846 실패 203
  스캔 8100개 처리, GICP 성공 7892 실패 207
  스캔 8150개 처리, GICP 성공 7942 실패 207
  스캔 8200개 처리, GICP 성공 7992 실패 207
  스캔 8250개 처리, GICP 성공 8042 실패 207
  스캔 8300개 처리, GICP 성공 8092 실패 207
  스캔 8350개 처리, GICP 성공 8142 실패 207
  스캔 8400개 처리, GICP 성공 8192 실패 207
  스캔 8450개 처리, GICP 성공 8241 실패 208
  스캔 8500개 처리, GICP 성공 8289 실패 210
  스캔 8550개 처리, GICP 성공 8335 실패 214
  스캔 8600개 처리, GICP 성공 8385 실패 214
  스캔 8650개 처리, GICP 성공 8420 실패 229
  스캔 8700개 처리, GICP 성공 8470 실패 229
  스캔 8750개 처리, GICP 성공 8514 실패 235
  스캔 8800개 처리, GICP 성공 8564 실패 235
  스캔 8850개 처리, GICP 성공 8613 실패 236
  스캔 8900개 처리, GICP 성공 8663 실패 236
  스캔 8950개 처리, GICP 성공 8713 실패 236
  스캔 9000개 처리, GICP 성공 8763 실패 236
  스캔 9050개 처리, GICP 성공 8813 실패 236
  스캔 9100개 처리, GICP 성공 8863 실패 236
  스캔 9150개 처리, GICP 성공 8913 실패 236
  스캔 9200개 처리, GICP 성공 8963 실패 236
  스캔 9250개 처리, GICP 성공 9013 실패 236
  스캔 9300개 처리, GICP 성공 9063 실패 236
  스캔 9350개 처리, GICP 성공 9113 실패 236
  스캔 9400개 처리, GICP 성공 9163 실패 236
  스캔 9450개 처리, GICP 성공 9213 실패 236
  스캔 9500개 처리, GICP 성공 9263 실패 236
  스캔 9550개 처리, GICP 성공 9313 실패 236
  스캔 9600개 처리, GICP 성공 9363 실패 236
  스캔 9650개 처리, GICP 성공 9413 실패 236
  스캔 9700개 처리, GICP 성공 9463 실패 236
  스캔 9750개 처리, GICP 성공 9513 실패 236
  스캔 9800개 처리, GICP 성공 9563 실패 236
  스캔 9850개 처리, GICP 성공 9613 실패 236
  스캔 9900개 처리, GICP 성공 9663 실패 236
  스캔 9950개 처리, GICP 성공 9713 실패 236
  스캔 10000개 처리, GICP 성공 9763 실패 236
  스캔 10050개 처리, GICP 성공 9813 실패 236
  스캔 10100개 처리, GICP 성공 9863 실패 236
  스캔 10150개 처리, GICP 성공 9913 실패 236
  스캔 10200개 처리, GICP 성공 9963 실패 236
  스캔 10250개 처리, GICP 성공 10010 실패 239
  스캔 10300개 처리, GICP 성공 10058 실패 241
  스캔 10350개 처리, GICP 성공 10102 실패 247
  스캔 10400개 처리, GICP 성공 10151 실패 248
  스캔 10450개 처리, GICP 성공 10201 실패 248
  스캔 10500개 처리, GICP 성공 10245 실패 254
  스캔 10550개 처리, GICP 성공 10295 실패 254
  스캔 10600개 처리, GICP 성공 10345 실패 254
  스캔 10650개 처리, GICP 성공 10395 실패 254
  스캔 10700개 처리, GICP 성공 10445 실패 254
  스캔 10750개 처리, GICP 성공 10495 실패 254
  스캔 10800개 처리, GICP 성공 10545 실패 254
  스캔 10850개 처리, GICP 성공 10595 실패 254
  스캔 10900개 처리, GICP 성공 10645 실패 254
  스캔 10950개 처리, GICP 성공 10695 실패 254
  스캔 11000개 처리, GICP 성공 10745 실패 254
  스캔 11050개 처리, GICP 성공 10795 실패 254
  스캔 11100개 처리, GICP 성공 10845 실패 254
  스캔 11150개 처리, GICP 성공 10895 실패 254
  스캔 11200개 처리, GICP 성공 10945 실패 254
  스캔 11250개 처리, GICP 성공 10994 실패 255
  스캔 11300개 처리, GICP 성공 11044 실패 255
  스캔 11350개 처리, GICP 성공 11094 실패 255
  스캔 11400개 처리, GICP 성공 11144 실패 255
  스캔 11450개 처리, GICP 성공 11194 실패 255
  스캔 11500개 처리, GICP 성공 11244 실패 255
  스캔 11550개 처리, GICP 성공 11294 실패 255
  스캔 11600개 처리, GICP 성공 11342 실패 257
  스캔 11650개 처리, GICP 성공 11392 실패 257
  스캔 11700개 처리, GICP 성공 11442 실패 257
  스캔 11750개 처리, GICP 성공 11492 실패 257
  스캔 11800개 처리, GICP 성공 11542 실패 257
  스캔 11850개 처리, GICP 성공 11592 실패 257
  스캔 11900개 처리, GICP 성공 11642 실패 257
  스캔 11950개 처리, GICP 성공 11692 실패 257
  스캔 12000개 처리, GICP 성공 11741 실패 258
  스캔 12050개 처리, GICP 성공 11790 실패 259
  스캔 12100개 처리, GICP 성공 11831 실패 268
  스캔 12150개 처리, GICP 성공 11878 실패 271
  스캔 12200개 처리, GICP 성공 11927 실패 272
  스캔 12250개 처리, GICP 성공 11976 실패 273
  스캔 12300개 처리, GICP 성공 12026 실패 273
  스캔 12350개 처리, GICP 성공 12075 실패 274
  스캔 12400개 처리, GICP 성공 12125 실패 274
  스캔 12450개 처리, GICP 성공 12175 실패 274
  스캔 12500개 처리, GICP 성공 12225 실패 274
  스캔 12550개 처리, GICP 성공 12275 실패 274
  스캔 12600개 처리, GICP 성공 12325 실패 274
  스캔 12650개 처리, GICP 성공 12375 실패 274
  스캔 12700개 처리, GICP 성공 12425 실패 274
  스캔 12750개 처리, GICP 성공 12475 실패 274
  스캔 12800개 처리, GICP 성공 12525 실패 274
  스캔 12850개 처리, GICP 성공 12575 실패 274
  스캔 12900개 처리, GICP 성공 12625 실패 274
  스캔 12950개 처리, GICP 성공 12675 실패 274
  스캔 13000개 처리, GICP 성공 12725 실패 274
  스캔 13050개 처리, GICP 성공 12775 실패 274
  스캔 13100개 처리, GICP 성공 12824 실패 275
  스캔 13150개 처리, GICP 성공 12871 실패 278
  스캔 13200개 처리, GICP 성공 12921 실패 278
  스캔 13250개 처리, GICP 성공 12971 실패 278
  스캔 13300개 처리, GICP 성공 13020 실패 279
  스캔 13350개 처리, GICP 성공 13070 실패 279
  스캔 13400개 처리, GICP 성공 13120 실패 279
  스캔 13450개 처리, GICP 성공 13170 실패 279
  스캔 13500개 처리, GICP 성공 13220 실패 279
  스캔 13550개 처리, GICP 성공 13270 실패 279
  스캔 13600개 처리, GICP 성공 13320 실패 279
  스캔 13650개 처리, GICP 성공 13370 실패 279
  스캔 13700개 처리, GICP 성공 13420 실패 279
  스캔 13750개 처리, GICP 성공 13470 실패 279
  스캔 13800개 처리, GICP 성공 13519 실패 280
  스캔 13850개 처리, GICP 성공 13569 실패 280
  스캔 13900개 처리, GICP 성공 13617 실패 282
  스캔 13950개 처리, GICP 성공 13665 실패 284
  스캔 14000개 처리, GICP 성공 13712 실패 287
  스캔 14050개 처리, GICP 성공 13762 실패 287
  스캔 14100개 처리, GICP 성공 13812 실패 287
  스캔 14150개 처리, GICP 성공 13862 실패 287
  스캔 14200개 처리, GICP 성공 13912 실패 287
  스캔 14250개 처리, GICP 성공 13962 실패 287
  스캔 14300개 처리, GICP 성공 14012 실패 287
  스캔 14350개 처리, GICP 성공 14062 실패 287
  스캔 14400개 처리, GICP 성공 14112 실패 287
  스캔 14450개 처리, GICP 성공 14162 실패 287
  스캔 14500개 처리, GICP 성공 14211 실패 288
  스캔 14550개 처리, GICP 성공 14261 실패 288
  스캔 14600개 처리, GICP 성공 14311 실패 288
  스캔 14650개 처리, GICP 성공 14361 실패 288
  스캔 14700개 처리, GICP 성공 14411 실패 288
  스캔 14750개 처리, GICP 성공 14461 실패 288
  스캔 14800개 처리, GICP 성공 14511 실패 288
  스캔 14850개 처리, GICP 성공 14561 실패 288
  스캔 14900개 처리, GICP 성공 14611 실패 288
  스캔 14950개 처리, GICP 성공 14661 실패 288
  스캔 15000개 처리, GICP 성공 14711 실패 288
  스캔 15050개 처리, GICP 성공 14761 실패 288
  스캔 15100개 처리, GICP 성공 14811 실패 288
  스캔 15150개 처리, GICP 성공 14860 실패 289
  스캔 15200개 처리, GICP 성공 14910 실패 289
  스캔 15250개 처리, GICP 성공 14960 실패 289
  스캔 15300개 처리, GICP 성공 15010 실패 289
  스캔 15350개 처리, GICP 성공 15060 실패 289
  스캔 15400개 처리, GICP 성공 15110 실패 289
  스캔 15450개 처리, GICP 성공 15160 실패 289
  스캔 15500개 처리, GICP 성공 15210 실패 289
  스캔 15550개 처리, GICP 성공 15260 실패 289
  스캔 15600개 처리, GICP 성공 15310 실패 289
  스캔 15650개 처리, GICP 성공 15359 실패 290
  스캔 15700개 처리, GICP 성공 15405 실패 294
  스캔 15750개 처리, GICP 성공 15451 실패 298
  스캔 15800개 처리, GICP 성공 15498 실패 301
  스캔 15850개 처리, GICP 성공 15545 실패 304
  스캔 15900개 처리, GICP 성공 15595 실패 304
  스캔 15950개 처리, GICP 성공 15644 실패 305
  스캔 16000개 처리, GICP 성공 15694 실패 305
  스캔 16050개 처리, GICP 성공 15744 실패 305
  스캔 16100개 처리, GICP 성공 15794 실패 305
  스캔 16150개 처리, GICP 성공 15844 실패 305
  스캔 16200개 처리, GICP 성공 15894 실패 305
  스캔 16250개 처리, GICP 성공 15944 실패 305
  스캔 16300개 처리, GICP 성공 15994 실패 305
  스캔 16350개 처리, GICP 성공 16044 실패 305
  스캔 16400개 처리, GICP 성공 16094 실패 305
  스캔 16450개 처리, GICP 성공 16144 실패 305
  스캔 16500개 처리, GICP 성공 16194 실패 305
  스캔 16550개 처리, GICP 성공 16244 실패 305
  스캔 16600개 처리, GICP 성공 16294 실패 305
  스캔 16650개 처리, GICP 성공 16344 실패 305
  스캔 16700개 처리, GICP 성공 16394 실패 305
  스캔 16750개 처리, GICP 성공 16444 실패 305
  스캔 16800개 처리, GICP 성공 16494 실패 305
  스캔 16850개 처리, GICP 성공 16543 실패 306
  스캔 16900개 처리, GICP 성공 16593 실패 306
  스캔 16950개 처리, GICP 성공 16643 실패 306
  스캔 17000개 처리, GICP 성공 16693 실패 306
  스캔 17050개 처리, GICP 성공 16743 실패 306
  스캔 17100개 처리, GICP 성공 16793 실패 306
  스캔 17150개 처리, GICP 성공 16843 실패 306
  스캔 17200개 처리, GICP 성공 16893 실패 306
  스캔 17250개 처리, GICP 성공 16943 실패 306
  스캔 17300개 처리, GICP 성공 16993 실패 306
  스캔 17350개 처리, GICP 성공 17042 실패 307
  스캔 17400개 처리, GICP 성공 17090 실패 309
  스캔 17450개 처리, GICP 성공 17137 실패 312
  스캔 17500개 처리, GICP 성공 17187 실패 312
  스캔 17550개 처리, GICP 성공 17236 실패 313
  스캔 17600개 처리, GICP 성공 17285 실패 314
  스캔 17650개 처리, GICP 성공 17332 실패 317
  스캔 17700개 처리, GICP 성공 17382 실패 317
  스캔 17750개 처리, GICP 성공 17431 실패 318
  스캔 17800개 처리, GICP 성공 17481 실패 318
  스캔 17850개 처리, GICP 성공 17531 실패 318
  스캔 17900개 처리, GICP 성공 17581 실패 318
  스캔 17950개 처리, GICP 성공 17629 실패 320
  스캔 18000개 처리, GICP 성공 17679 실패 320
  스캔 18050개 처리, GICP 성공 17729 실패 320
  스캔 18100개 처리, GICP 성공 17779 실패 320
  스캔 18150개 처리, GICP 성공 17829 실패 320
  스캔 18200개 처리, GICP 성공 17879 실패 320
  스캔 18250개 처리, GICP 성공 17929 실패 320
  스캔 18300개 처리, GICP 성공 17979 실패 320
  스캔 18350개 처리, GICP 성공 18029 실패 320
  스캔 18400개 처리, GICP 성공 18079 실패 320
  스캔 18450개 처리, GICP 성공 18129 실패 320
  스캔 18500개 처리, GICP 성공 18177 실패 322
  스캔 18550개 처리, GICP 성공 18227 실패 322
  스캔 18600개 처리, GICP 성공 18275 실패 324
  스캔 18650개 처리, GICP 성공 18325 실패 324
  스캔 18700개 처리, GICP 성공 18374 실패 325
  스캔 18750개 처리, GICP 성공 18423 실패 326
  스캔 18800개 처리, GICP 성공 18473 실패 326
  스캔 18850개 처리, GICP 성공 18523 실패 326
  스캔 18900개 처리, GICP 성공 18573 실패 326
  스캔 18950개 처리, GICP 성공 18623 실패 326
  스캔 19000개 처리, GICP 성공 18673 실패 326
  스캔 19050개 처리, GICP 성공 18723 실패 326
  스캔 19100개 처리, GICP 성공 18773 실패 326
  스캔 19150개 처리, GICP 성공 18823 실패 326
  스캔 19200개 처리, GICP 성공 18872 실패 327
  스캔 19250개 처리, GICP 성공 18922 실패 327
  스캔 19300개 처리, GICP 성공 18972 실패 327
  스캔 19350개 처리, GICP 성공 19018 실패 331
  스캔 19400개 처리, GICP 성공 19062 실패 337
  스캔 19450개 처리, GICP 성공 19107 실패 342
  스캔 19500개 처리, GICP 성공 19157 실패 342
  스캔 19550개 처리, GICP 성공 19205 실패 344
  스캔 19600개 처리, GICP 성공 19255 실패 344
  스캔 19650개 처리, GICP 성공 19305 실패 344
  스캔 19700개 처리, GICP 성공 19355 실패 344
  스캔 19750개 처리, GICP 성공 19404 실패 345
  스캔 19800개 처리, GICP 성공 19453 실패 346
  스캔 19850개 처리, GICP 성공 19503 실패 346
  스캔 19900개 처리, GICP 성공 19553 실패 346
  스캔 19950개 처리, GICP 성공 19603 실패 346
  스캔 20000개 처리, GICP 성공 19653 실패 346
  스캔 20050개 처리, GICP 성공 19703 실패 346
  스캔 20100개 처리, GICP 성공 19753 실패 346
  스캔 20150개 처리, GICP 성공 19803 실패 346
  스캔 20200개 처리, GICP 성공 19849 실패 350
  스캔 20250개 처리, GICP 성공 19895 실패 354
  스캔 20300개 처리, GICP 성공 19940 실패 359
  스캔 20350개 처리, GICP 성공 19987 실패 362
  스캔 20400개 처리, GICP 성공 20034 실패 365
  스캔 20450개 처리, GICP 성공 20084 실패 365
  스캔 20500개 처리, GICP 성공 20131 실패 368
  스캔 20550개 처리, GICP 성공 20181 실패 368
  스캔 20600개 처리, GICP 성공 20231 실패 368
  스캔 20650개 처리, GICP 성공 20281 실패 368
  스캔 20700개 처리, GICP 성공 20331 실패 368
  스캔 20750개 처리, GICP 성공 20381 실패 368
  스캔 20800개 처리, GICP 성공 20430 실패 369
  스캔 20850개 처리, GICP 성공 20480 실패 369
  스캔 20900개 처리, GICP 성공 20530 실패 369
  스캔 20950개 처리, GICP 성공 20580 실패 369
  스캔 21000개 처리, GICP 성공 20629 실패 370
  스캔 21050개 처리, GICP 성공 20679 실패 370
  스캔 21100개 처리, GICP 성공 20728 실패 371
  스캔 21150개 처리, GICP 성공 20772 실패 377
  스캔 21200개 처리, GICP 성공 20813 실패 386
  스캔 21250개 처리, GICP 성공 20860 실패 389
  스캔 21300개 처리, GICP 성공 20910 실패 389
  스캔 21350개 처리, GICP 성공 20959 실패 390
  스캔 21400개 처리, GICP 성공 21008 실패 391
  스캔 21450개 처리, GICP 성공 21058 실패 391
  스캔 21500개 처리, GICP 성공 21108 실패 391
  스캔 21550개 처리, GICP 성공 21158 실패 391
  스캔 21600개 처리, GICP 성공 21205 실패 394
  스캔 21650개 처리, GICP 성공 21255 실패 394
  스캔 21700개 처리, GICP 성공 21305 실패 394
  스캔 21750개 처리, GICP 성공 21355 실패 394
  스캔 21800개 처리, GICP 성공 21405 실패 394
  스캔 21850개 처리, GICP 성공 21454 실패 395
  스캔 21900개 처리, GICP 성공 21504 실패 395
  스캔 21950개 처리, GICP 성공 21554 실패 395
  스캔 22000개 처리, GICP 성공 21603 실패 396
  스캔 22050개 처리, GICP 성공 21652 실패 397
  스캔 22100개 처리, GICP 성공 21702 실패 397
  스캔 22150개 처리, GICP 성공 21749 실패 400
  스캔 22200개 처리, GICP 성공 21798 실패 401
  스캔 22250개 처리, GICP 성공 21846 실패 403
  스캔 22300개 처리, GICP 성공 21895 실패 404
  스캔 22350개 처리, GICP 성공 21945 실패 404
  스캔 22400개 처리, GICP 성공 21995 실패 404
  스캔 22450개 처리, GICP 성공 22045 실패 404
  스캔 22500개 처리, GICP 성공 22095 실패 404
  스캔 22550개 처리, GICP 성공 22145 실패 404
  스캔 22600개 처리, GICP 성공 22195 실패 404
  스캔 22650개 처리, GICP 성공 22244 실패 405
  스캔 22700개 처리, GICP 성공 22294 실패 405
  스캔 22750개 처리, GICP 성공 22344 실패 405
  스캔 22800개 처리, GICP 성공 22394 실패 405
  스캔 22850개 처리, GICP 성공 22440 실패 409
  스캔 22900개 처리, GICP 성공 22490 실패 409
  스캔 22950개 처리, GICP 성공 22540 실패 409
  스캔 23000개 처리, GICP 성공 22590 실패 409
  스캔 23050개 처리, GICP 성공 22640 실패 409
  스캔 23100개 처리, GICP 성공 22690 실패 409
  스캔 23150개 처리, GICP 성공 22740 실패 409
  스캔 23200개 처리, GICP 성공 22790 실패 409
  스캔 23250개 처리, GICP 성공 22840 실패 409
  스캔 23300개 처리, GICP 성공 22890 실패 409
  스캔 23350개 처리, GICP 성공 22940 실패 409
  스캔 23400개 처리, GICP 성공 22990 실패 409
  스캔 23450개 처리, GICP 성공 23040 실패 409
  스캔 23500개 처리, GICP 성공 23090 실패 409
  스캔 23550개 처리, GICP 성공 23140 실패 409
  스캔 23600개 처리, GICP 성공 23190 실패 409
  스캔 23650개 처리, GICP 성공 23240 실패 409
  스캔 23700개 처리, GICP 성공 23290 실패 409
  스캔 23750개 처리, GICP 성공 23340 실패 409
  스캔 23800개 처리, GICP 성공 23390 실패 409
  스캔 23850개 처리, GICP 성공 23440 실패 409
  스캔 23900개 처리, GICP 성공 23490 실패 409
  스캔 23950개 처리, GICP 성공 23540 실패 409
  스캔 24000개 처리, GICP 성공 23590 실패 409
  스캔 24050개 처리, GICP 성공 23640 실패 409
  스캔 24100개 처리, GICP 성공 23690 실패 409
  스캔 24150개 처리, GICP 성공 23740 실패 409
  스캔 24200개 처리, GICP 성공 23790 실패 409
  스캔 24250개 처리, GICP 성공 23840 실패 409
  스캔 24300개 처리, GICP 성공 23890 실패 409
  스캔 24350개 처리, GICP 성공 23940 실패 409
  스캔 24400개 처리, GICP 성공 23990 실패 409
  스캔 24450개 처리, GICP 성공 24040 실패 409
  스캔 24500개 처리, GICP 성공 24090 실패 409
  스캔 24550개 처리, GICP 성공 24140 실패 409
  스캔 24600개 처리, GICP 성공 24190 실패 409
  스캔 24650개 처리, GICP 성공 24240 실패 409
[WARN] [1786829684.174830773] [rosbag2_storage_mcap]: attempted to read in receive timestamp order with no message index
  스캔 24700개 처리, GICP 성공 24290 실패 409
  스캔 24750개 처리, GICP 성공 24340 실패 409
  스캔 24800개 처리, GICP 성공 24390 실패 409
  스캔 24850개 처리, GICP 성공 24440 실패 409
  스캔 24900개 처리, GICP 성공 24490 실패 409
  스캔 24950개 처리, GICP 성공 24540 실패 409
  스캔 25000개 처리, GICP 성공 24590 실패 409
  스캔 25050개 처리, GICP 성공 24640 실패 409
  스캔 25100개 처리, GICP 성공 24690 실패 409
스캔 25117개 (TF 조회 실패로 스킵 0개)
GICP: 성공 24707, 실패(GT로 대체) 409 (그 중 수렴했지만 이동량 상한 2.0m 초과로 기각 49), 첫 스캔이라 스킵 1
baseline 점 309125893개 -> run_results/clouds/baseline_4m_5mps_attempt2_discard.npy
방법B    점 309125893개 -> run_results/clouds/methodb_4m_5mps.npy
