[2026-08-16 11:39:30] launch pid=27033 tag=attempt1
[2026-08-16 11:39:34] *** /tf 무응답(1/3) ***
[2026-08-16 11:39:34] 0s progress=N/A bag_size=N/A tf=없음 disk=/dev/vda2        78G   35G   39G  48% /
[2026-08-16 11:40:39] 65s progress=wp 63/5251 bag_size=481M tf=average rate: 48.824 disk=/dev/vda2        78G   36G   39G  48% /
[2026-08-16 11:41:47] 133s progress=wp 217/5251 bag_size=1.2G tf=average rate: 49.655 disk=/dev/vda2        78G   36G   38G  49% /
[2026-08-16 11:42:54] 200s progress=wp 404/5251 bag_size=1.8G tf=average rate: 49.013 disk=/dev/vda2        78G   37G   37G  50% /
[2026-08-16 11:44:02] 268s progress=wp 566/5251 bag_size=2.4G tf=average rate: 49.694 disk=/dev/vda2        78G   37G   37G  51% /
[2026-08-16 11:45:10] 335s progress=wp 717/5251 bag_size=3.1G tf=average rate: 49.527 disk=/dev/vda2        78G   38G   36G  52% /
[2026-08-16 11:46:17] 403s progress=wp 859/5251 bag_size=3.7G tf=average rate: 50.040 disk=/dev/vda2        78G   39G   35G  53% /
[2026-08-16 11:47:24] 470s progress=wp 1017/5251 bag_size=4.4G tf=average rate: 49.999 disk=/dev/vda2        78G   39G   35G  54% /
[2026-08-16 11:48:32] 538s progress=wp 1192/5251 bag_size=5.0G tf=average rate: 49.972 disk=/dev/vda2        78G   40G   34G  54% /
[2026-08-16 11:49:39] 605s progress=wp 1338/5251 bag_size=5.7G tf=average rate: 31.255 disk=/dev/vda2        78G   41G   34G  55% /
[2026-08-16 11:50:46] 672s progress=wp 1490/5251 bag_size=6.3G tf=average rate: 49.465 disk=/dev/vda2        78G   41G   33G  56% /
[2026-08-16 11:51:54] *** /tf 무응답(1/3) ***
[2026-08-16 11:51:54] 740s progress=wp 1643/5251 bag_size=7.0G tf=없음 disk=/dev/vda2        78G   42G   32G  57% /
[2026-08-16 11:53:01] 807s progress=wp 1818/5251 bag_size=7.6G tf=average rate: 48.893 disk=/dev/vda2        78G   43G   32G  58% /
[2026-08-16 11:54:13] 879s progress=wp 1979/5251 bag_size=8.3G tf=average rate: 49.993 disk=/dev/vda2        78G   43G   31G  59% /
[2026-08-16 11:55:21] 946s progress=wp 2132/5251 bag_size=9.0G tf=average rate: 49.617 disk=/dev/vda2        78G   44G   30G  60% /
[2026-08-16 11:56:28] 1014s progress=wp 2283/5251 bag_size=9.6G tf=average rate: 49.976 disk=/dev/vda2        78G   38G   36G  52% /
[2026-08-16 11:57:36] 1081s progress=wp 2426/5251 bag_size=11G tf=average rate: 49.987 disk=/dev/vda2        78G   39G   35G  53% /
[2026-08-16 11:58:43] 1149s progress=wp 2611/5251 bag_size=11G tf=average rate: 49.988 disk=/dev/vda2        78G   39G   35G  54% /
[2026-08-16 11:59:50] 1216s progress=wp 2762/5251 bag_size=12G tf=average rate: 50.020 disk=/dev/vda2        78G   40G   34G  55% /
[2026-08-16 12:00:57] 1283s progress=wp 2897/5251 bag_size=13G tf=average rate: 49.930 disk=/dev/vda2        78G   41G   33G  55% /
[2026-08-16 12:02:05] 1351s progress=wp 3041/5251 bag_size=13G tf=average rate: 50.010 disk=/dev/vda2        78G   41G   33G  56% /
[2026-08-16 12:03:12] 1418s progress=wp 3219/5251 bag_size=14G tf=average rate: 49.999 disk=/dev/vda2        78G   42G   32G  57% /
[2026-08-16 12:04:19] 1485s progress=wp 3347/5251 bag_size=15G tf=average rate: 50.003 disk=/dev/vda2        78G   43G   31G  58% /
[2026-08-16 12:05:27] 1553s progress=wp 3497/5251 bag_size=15G tf=average rate: 49.997 disk=/dev/vda2        78G   43G   31G  59% /
[2026-08-16 12:06:39] 1625s progress=wp 3647/5251 bag_size=16G tf=average rate: 34.472 disk=/dev/vda2        78G   44G   30G  60% /
[2026-08-16 12:07:46] 1692s progress=wp 3807/5251 bag_size=17G tf=average rate: 49.973 disk=/dev/vda2        78G   45G   29G  61% /
[2026-08-16 12:08:54] 1760s progress=wp 3964/5251 bag_size=17G tf=average rate: 49.957 disk=/dev/vda2        78G   45G   29G  62% /
[2026-08-16 12:10:01] 1827s progress=wp 4083/5251 bag_size=18G tf=average rate: 49.929 disk=/dev/vda2        78G   46G   28G  63% /
[2026-08-16 12:11:08] 1894s progress=wp 4246/5251 bag_size=19G tf=average rate: 50.035 disk=/dev/vda2        78G   47G   27G  64% /
[2026-08-16 12:12:16] 1962s progress=wp 4424/5251 bag_size=19G tf=average rate: 49.962 disk=/dev/vda2        78G   47G   27G  65% /
[2026-08-16 12:13:23] 2029s progress=wp 4567/5251 bag_size=20G tf=average rate: 50.004 disk=/dev/vda2        78G   48G   26G  65% /
[2026-08-16 12:14:30] 2096s progress=wp 4718/5251 bag_size=21G tf=average rate: 49.991 disk=/dev/vda2        78G   49G   25G  66% /
[2026-08-16 12:15:38] 2164s progress=wp 4859/5251 bag_size=21G tf=average rate: 49.977 disk=/dev/vda2        78G   49G   25G  67% /
[2026-08-16 12:16:45] 2231s progress=wp 4859/5251 bag_size=22G tf=average rate: 49.929 disk=/dev/vda2        78G   50G   24G  68% /
[2026-08-16 12:16:47] path_status=true — 완주
[2026-08-16 12:16:47] SHUTDOWN 시작 — 사유: 정상 완주
[2026-08-16 12:17:17] SIGINT로 안 죽어서 SIGTERM 에스컬레이션
[2026-08-16 12:17:33] 잔여 프로세스 확인: 없음
