[2026-08-21 13:40:30] BUILD start: none
  스캔 200개 처리, GICP 성공 181 실패 18 (필터폴백 0)
  스캔 400개 처리, GICP 성공 348 실패 51 (필터폴백 0)
  스캔 600개 처리, GICP 성공 540 실패 59 (필터폴백 0)
  스캔 800개 처리, GICP 성공 733 실패 66 (필터폴백 0)
  스캔 1000개 처리, GICP 성공 929 실패 70 (필터폴백 0)
  스캔 1200개 처리, GICP 성공 1127 실패 72 (필터폴백 0)
  스캔 1400개 처리, GICP 성공 1326 실패 73 (필터폴백 0)
  스캔 1600개 처리, GICP 성공 1524 실패 75 (필터폴백 0)
  스캔 1800개 처리, GICP 성공 1717 실패 82 (필터폴백 0)
  스캔 2000개 처리, GICP 성공 1902 실패 97 (필터폴백 0)
  스캔 2200개 처리, GICP 성공 2102 실패 97 (필터폴백 0)
  스캔 2400개 처리, GICP 성공 2300 실패 99 (필터폴백 0)
  스캔 2600개 처리, GICP 성공 2497 실패 102 (필터폴백 0)
  스캔 2800개 처리, GICP 성공 2695 실패 104 (필터폴백 0)
  스캔 3000개 처리, GICP 성공 2889 실패 110 (필터폴백 0)
  스캔 3200개 처리, GICP 성공 3089 실패 110 (필터폴백 0)
  스캔 3400개 처리, GICP 성공 3283 실패 116 (필터폴백 0)
  스캔 3600개 처리, GICP 성공 3469 실패 130 (필터폴백 0)
  스캔 3800개 처리, GICP 성공 3663 실패 136 (필터폴백 0)
  스캔 4000개 처리, GICP 성공 3863 실패 136 (필터폴백 0)
  스캔 4200개 처리, GICP 성공 4059 실패 140 (필터폴백 0)
  스캔 4400개 처리, GICP 성공 4259 실패 140 (필터폴백 0)
  스캔 4600개 처리, GICP 성공 4456 실패 143 (필터폴백 0)
  스캔 4800개 처리, GICP 성공 4645 실패 154 (필터폴백 0)
  스캔 5000개 처리, GICP 성공 4843 실패 156 (필터폴백 0)
  스캔 5200개 처리, GICP 성공 5030 실패 169 (필터폴백 0)
  스캔 5400개 처리, GICP 성공 5218 실패 181 (필터폴백 0)
  스캔 5600개 처리, GICP 성공 5418 실패 181 (필터폴백 0)
  스캔 5800개 처리, GICP 성공 5618 실패 181 (필터폴백 0)
  스캔 6000개 처리, GICP 성공 5815 실패 184 (필터폴백 0)
  스캔 6200개 처리, GICP 성공 6015 실패 184 (필터폴백 0)
  스캔 6400개 처리, GICP 성공 6214 실패 185 (필터폴백 0)
  스캔 6600개 처리, GICP 성공 6414 실패 185 (필터폴백 0)
  스캔 6800개 처리, GICP 성공 6608 실패 191 (필터폴백 0)
  스캔 7000개 처리, GICP 성공 6796 실패 203 (필터폴백 0)
  스캔 7200개 처리, GICP 성공 6993 실패 206 (필터폴백 0)
  스캔 7400개 처리, GICP 성공 7193 실패 206 (필터폴백 0)
  스캔 7600개 처리, GICP 성공 7392 실패 207 (필터폴백 0)
  스캔 7800개 처리, GICP 성공 7592 실패 207 (필터폴백 0)
  스캔 8000개 처리, GICP 성공 7792 실패 207 (필터폴백 0)
  스캔 8200개 처리, GICP 성공 7991 실패 208 (필터폴백 0)
  스캔 8400개 처리, GICP 성공 8191 실패 208 (필터폴백 0)
  스캔 8600개 처리, GICP 성공 8380 실패 219 (필터폴백 0)
  스캔 8800개 처리, GICP 성공 8558 실패 241 (필터폴백 0)
  스캔 9000개 처리, GICP 성공 8758 실패 241 (필터폴백 0)
  스캔 9200개 처리, GICP 성공 8958 실패 241 (필터폴백 0)
  스캔 9400개 처리, GICP 성공 9158 실패 241 (필터폴백 0)
  스캔 9600개 처리, GICP 성공 9358 실패 241 (필터폴백 0)
  스캔 9800개 처리, GICP 성공 9557 실패 242 (필터폴백 0)
  스캔 10000개 처리, GICP 성공 9755 실패 244 (필터폴백 0)
  스캔 10200개 처리, GICP 성공 9954 실패 245 (필터폴백 0)
  스캔 10400개 처리, GICP 성공 10137 실패 262 (필터폴백 0)
  스캔 10600개 처리, GICP 성공 10329 실패 270 (필터폴백 0)
  스캔 10800개 처리, GICP 성공 10528 실패 271 (필터폴백 0)
  스캔 11000개 처리, GICP 성공 10728 실패 271 (필터폴백 0)
  스캔 11200개 처리, GICP 성공 10927 실패 272 (필터폴백 0)
  스캔 11400개 처리, GICP 성공 11124 실패 275 (필터폴백 0)
  스캔 11600개 처리, GICP 성공 11323 실패 276 (필터폴백 0)
  스캔 11800개 처리, GICP 성공 11522 실패 277 (필터폴백 0)
  스캔 12000개 처리, GICP 성공 11718 실패 281 (필터폴백 0)
  스캔 12200개 처리, GICP 성공 11906 실패 293 (필터폴백 0)
  스캔 12400개 처리, GICP 성공 12105 실패 294 (필터폴백 0)
  스캔 12600개 처리, GICP 성공 12305 실패 294 (필터폴백 0)
  스캔 12800개 처리, GICP 성공 12505 실패 294 (필터폴백 0)
  스캔 13000개 처리, GICP 성공 12703 실패 296 (필터폴백 0)
  스캔 13200개 처리, GICP 성공 12901 실패 298 (필터폴백 0)
  스캔 13400개 처리, GICP 성공 13101 실패 298 (필터폴백 0)
  스캔 13600개 처리, GICP 성공 13301 실패 298 (필터폴백 0)
  스캔 13800개 처리, GICP 성공 13501 실패 298 (필터폴백 0)
  스캔 14000개 처리, GICP 성공 13693 실패 306 (필터폴백 0)
  스캔 14200개 처리, GICP 성공 13891 실패 308 (필터폴백 0)
  스캔 14400개 처리, GICP 성공 14091 실패 308 (필터폴백 0)
  스캔 14600개 처리, GICP 성공 14291 실패 308 (필터폴백 0)
  스캔 14800개 처리, GICP 성공 14490 실패 309 (필터폴백 0)
  스캔 15000개 처리, GICP 성공 14688 실패 311 (필터폴백 0)
  스캔 15200개 처리, GICP 성공 14888 실패 311 (필터폴백 0)
  스캔 15400개 처리, GICP 성공 15088 실패 311 (필터폴백 0)
  스캔 15600개 처리, GICP 성공 15287 실패 312 (필터폴백 0)
  스캔 15800개 처리, GICP 성공 15478 실패 321 (필터폴백 0)
  스캔 16000개 처리, GICP 성공 15675 실패 324 (필터폴백 0)
  스캔 16200개 처리, GICP 성공 15875 실패 324 (필터폴백 0)
  스캔 16400개 처리, GICP 성공 16075 실패 324 (필터폴백 0)
  스캔 16600개 처리, GICP 성공 16271 실패 328 (필터폴백 0)
  스캔 16800개 처리, GICP 성공 16469 실패 330 (필터폴백 0)
  스캔 17000개 처리, GICP 성공 16668 실패 331 (필터폴백 0)
  스캔 17200개 처리, GICP 성공 16868 실패 331 (필터폴백 0)
  스캔 17400개 처리, GICP 성공 17068 실패 331 (필터폴백 0)
  스캔 17600개 처리, GICP 성공 17262 실패 337 (필터폴백 0)
  스캔 17800개 처리, GICP 성공 17460 실패 339 (필터폴백 0)
  스캔 18000개 처리, GICP 성공 17656 실패 343 (필터폴백 0)
  스캔 18200개 처리, GICP 성공 17856 실패 343 (필터폴백 0)
  스캔 18400개 처리, GICP 성공 18056 실패 343 (필터폴백 0)
  스캔 18600개 처리, GICP 성공 18253 실패 346 (필터폴백 0)
  스캔 18800개 처리, GICP 성공 18452 실패 347 (필터폴백 0)
  스캔 19000개 처리, GICP 성공 18652 실패 347 (필터폴백 0)
  스캔 19200개 처리, GICP 성공 18852 실패 347 (필터폴백 0)
  스캔 19400개 처리, GICP 성공 19040 실패 359 (필터폴백 0)
  스캔 19600개 처리, GICP 성공 19237 실패 362 (필터폴백 0)
  스캔 19800개 처리, GICP 성공 19435 실패 364 (필터폴백 0)
  스캔 20000개 처리, GICP 성공 19635 실패 364 (필터폴백 0)
  스캔 20200개 처리, GICP 성공 19835 실패 364 (필터폴백 0)
  스캔 20400개 처리, GICP 성공 20021 실패 378 (필터폴백 0)
  스캔 20600개 처리, GICP 성공 20221 실패 378 (필터폴백 0)
  스캔 20800개 처리, GICP 성공 20419 실패 380 (필터폴백 0)
  스캔 21000개 처리, GICP 성공 20619 실패 380 (필터폴백 0)
  스캔 21200개 처리, GICP 성공 20807 실패 392 (필터폴백 0)
  스캔 21400개 처리, GICP 성공 21003 실패 396 (필터폴백 0)
  스캔 21600개 처리, GICP 성공 21200 실패 399 (필터폴백 0)
  스캔 21800개 처리, GICP 성공 21399 실패 400 (필터폴백 0)
  스캔 22000개 처리, GICP 성공 21598 실패 401 (필터폴백 0)
  스캔 22200개 처리, GICP 성공 21790 실패 409 (필터폴백 0)
  스캔 22400개 처리, GICP 성공 21989 실패 410 (필터폴백 0)
  스캔 22600개 처리, GICP 성공 22188 실패 411 (필터폴백 0)
  스캔 22800개 처리, GICP 성공 22388 실패 411 (필터폴백 0)
  스캔 23000개 처리, GICP 성공 22586 실패 413 (필터폴백 0)
  스캔 23200개 처리, GICP 성공 22786 실패 413 (필터폴백 0)
  스캔 23400개 처리, GICP 성공 22986 실패 413 (필터폴백 0)
  스캔 23600개 처리, GICP 성공 23186 실패 413 (필터폴백 0)
  스캔 23800개 처리, GICP 성공 23386 실패 413 (필터폴백 0)
  스캔 24000개 처리, GICP 성공 23586 실패 413 (필터폴백 0)
  스캔 24200개 처리, GICP 성공 23786 실패 413 (필터폴백 0)
  스캔 24400개 처리, GICP 성공 23986 실패 413 (필터폴백 0)
  스캔 24600개 처리, GICP 성공 24186 실패 413 (필터폴백 0)
  스캔 24800개 처리, GICP 성공 24386 실패 413 (필터폴백 0)
  스캔 25000개 처리, GICP 성공 24586 실패 413 (필터폴백 0)
  스캔 25200개 처리, GICP 성공 24786 실패 413 (필터폴백 0)
  스캔 25400개 처리, GICP 성공 24986 실패 413 (필터폴백 0)
  스캔 25600개 처리, GICP 성공 25186 실패 413 (필터폴백 0)
  스캔 25800개 처리, GICP 성공 25386 실패 413 (필터폴백 0)
  스캔 26000개 처리, GICP 성공 25586 실패 413 (필터폴백 0)
  스캔 26200개 처리, GICP 성공 25786 실패 413 (필터폴백 0)
  스캔 26400개 처리, GICP 성공 25986 실패 413 (필터폴백 0)
[WARN] [1787287557.952647584] [rosbag2_storage_mcap]: attempted to read in receive timestamp order with no message index
  스캔 26600개 처리, GICP 성공 26186 실패 413 (필터폴백 0)
  스캔 26800개 처리, GICP 성공 26386 실패 413 (필터폴백 0)
  스캔 27000개 처리, GICP 성공 26586 실패 413 (필터폴백 0)
  스캔 27200개 처리, GICP 성공 26786 실패 413 (필터폴백 0)
  스캔 27400개 처리, GICP 성공 26985 실패 414 (필터폴백 0)
전처리=none (gicp_downsample=0.3)
스캔 27598개 (TF 조회 실패로 스킵 29개)
GICP: 성공 27183, 실패(GT로 대체) 414 (그 중 수렴했지만 이동량 상한 2.0m 초과로 기각 52), 첫 스캔이라 스킵 1
baseline 점 338741908개 -> /tmp/gicp_preproc/baseline_none.npy
방법B(none) 점 338741908개 -> /tmp/gicp_preproc/methodb_none.npy
[2026-08-21 13:48:11] BUILD done: none (exit 0)
[2026-08-21 13:48:11] SCORE start: methodb_none
[methodb_none] wheel FN%=52.94% (GT통과가능 618378개 중 pipeline이 막힘판정 327365개, 미측정 1.0%)
[methodb_none] leg FN%=44.41% (GT통과가능 618378개 중 pipeline이 막힘판정 274641개, 미측정 1.0%)
[methodb_none] 저장: /tmp/gicp_preproc/methodb_none_fn.json
로그: /tmp/trav_fn_methodb_none   결과: /tmp/gicp_preproc/methodb_none_fn.json
[2026-08-21 14:07:51] SCORE done: methodb_none (exit 0)
[2026-08-21 14:07:52] BUILD start: voxel0.10
  스캔 200개 처리, GICP 성공 174 실패 25 (필터폴백 0)
  스캔 400개 처리, GICP 성공 335 실패 64 (필터폴백 0)
  스캔 600개 처리, GICP 성공 525 실패 74 (필터폴백 0)
  스캔 800개 처리, GICP 성공 719 실패 80 (필터폴백 0)
  스캔 1000개 처리, GICP 성공 917 실패 82 (필터폴백 0)
  스캔 1200개 처리, GICP 성공 1112 실패 87 (필터폴백 0)
  스캔 1400개 처리, GICP 성공 1306 실패 93 (필터폴백 0)
  스캔 1600개 처리, GICP 성공 1503 실패 96 (필터폴백 0)
  스캔 1800개 처리, GICP 성공 1678 실패 121 (필터폴백 0)
  스캔 2000개 처리, GICP 성공 1855 실패 144 (필터폴백 0)
  스캔 2200개 처리, GICP 성공 2050 실패 149 (필터폴백 0)
[2026-08-21 14:09:15] BUILD start: sor
  스캔 200개 처리, GICP 성공 179 실패 20 (필터폴백 0)
  스캔 400개 처리, GICP 성공 348 실패 51 (필터폴백 0)
  스캔 600개 처리, GICP 성공 538 실패 61 (필터폴백 0)
  스캔 800개 처리, GICP 성공 732 실패 67 (필터폴백 0)
  스캔 1000개 처리, GICP 성공 927 실패 72 (필터폴백 0)
  스캔 1200개 처리, GICP 성공 1124 실패 75 (필터폴백 0)
  스캔 1400개 처리, GICP 성공 1320 실패 79 (필터폴백 0)
  스캔 1600개 처리, GICP 성공 1512 실패 87 (필터폴백 0)
  스캔 1800개 처리, GICP 성공 1694 실패 105 (필터폴백 0)
  스캔 2000개 처리, GICP 성공 1881 실패 118 (필터폴백 0)
  스캔 2200개 처리, GICP 성공 2078 실패 121 (필터폴백 0)
  스캔 2400개 처리, GICP 성공 2277 실패 122 (필터폴백 0)
  스캔 2600개 처리, GICP 성공 2476 실패 123 (필터폴백 0)
  스캔 2800개 처리, GICP 성공 2676 실패 123 (필터폴백 0)
  스캔 3000개 처리, GICP 성공 2868 실패 131 (필터폴백 0)
  스캔 3200개 처리, GICP 성공 3067 실패 132 (필터폴백 0)
  스캔 3400개 처리, GICP 성공 3253 실패 146 (필터폴백 0)
  스캔 3600개 처리, GICP 성공 3433 실패 166 (필터폴백 0)
  스캔 3800개 처리, GICP 성공 3621 실패 178 (필터폴백 0)
  스캔 4000개 처리, GICP 성공 3819 실패 180 (필터폴백 0)
  스캔 4200개 처리, GICP 성공 4017 실패 182 (필터폴백 0)
  스캔 4400개 처리, GICP 성공 4217 실패 182 (필터폴백 0)
  스캔 4600개 처리, GICP 성공 4415 실패 184 (필터폴백 0)
  스캔 4800개 처리, GICP 성공 4611 실패 188 (필터폴백 0)
  스캔 5000개 처리, GICP 성공 4808 실패 191 (필터폴백 0)
  스캔 5200개 처리, GICP 성공 4994 실패 205 (필터폴백 0)
  스캔 5400개 처리, GICP 성공 5179 실패 220 (필터폴백 0)
  스캔 5600개 처리, GICP 성공 5377 실패 222 (필터폴백 0)
  스캔 5800개 처리, GICP 성공 5576 실패 223 (필터폴백 0)
  스캔 6000개 처리, GICP 성공 5775 실패 224 (필터폴백 0)
  스캔 6200개 처리, GICP 성공 5973 실패 226 (필터폴백 0)
  스캔 6400개 처리, GICP 성공 6173 실패 226 (필터폴백 0)
  스캔 6600개 처리, GICP 성공 6369 실패 230 (필터폴백 0)
  스캔 6800개 처리, GICP 성공 6557 실패 242 (필터폴백 0)
  스캔 7000개 처리, GICP 성공 6744 실패 255 (필터폴백 0)
  스캔 7200개 처리, GICP 성공 6934 실패 265 (필터폴백 0)
  스캔 7400개 처리, GICP 성공 7134 실패 265 (필터폴백 0)
  스캔 7600개 처리, GICP 성공 7333 실패 266 (필터폴백 0)
  스캔 7800개 처리, GICP 성공 7533 실패 266 (필터폴백 0)
  스캔 8000개 처리, GICP 성공 7732 실패 267 (필터폴백 0)
  스캔 8200개 처리, GICP 성공 7932 실패 267 (필터폴백 0)
  스캔 8400개 처리, GICP 성공 8131 실패 268 (필터폴백 0)
  스캔 8600개 처리, GICP 성공 8315 실패 284 (필터폴백 0)
  스캔 8800개 처리, GICP 성공 8483 실패 316 (필터폴백 0)
  스캔 9000개 처리, GICP 성공 8681 실패 318 (필터폴백 0)
  스캔 9200개 처리, GICP 성공 8881 실패 318 (필터폴백 0)
  스캔 9400개 처리, GICP 성공 9081 실패 318 (필터폴백 0)
  스캔 9600개 처리, GICP 성공 9281 실패 318 (필터폴백 0)
  스캔 9800개 처리, GICP 성공 9480 실패 319 (필터폴백 0)
  스캔 10000개 처리, GICP 성공 9676 실패 323 (필터폴백 0)
  스캔 10200개 처리, GICP 성공 9876 실패 323 (필터폴백 0)
  스캔 10400개 처리, GICP 성공 10062 실패 337 (필터폴백 0)
  스캔 10600개 처리, GICP 성공 10257 실패 342 (필터폴백 0)
  스캔 10800개 처리, GICP 성공 10457 실패 342 (필터폴백 0)
  스캔 11000개 처리, GICP 성공 10657 실패 342 (필터폴백 0)
  스캔 11200개 처리, GICP 성공 10857 실패 342 (필터폴백 0)
  스캔 11400개 처리, GICP 성공 11056 실패 343 (필터폴백 0)
  스캔 11600개 처리, GICP 성공 11256 실패 343 (필터폴백 0)
  스캔 11800개 처리, GICP 성공 11456 실패 343 (필터폴백 0)
  스캔 12000개 처리, GICP 성공 11655 실패 344 (필터폴백 0)
  스캔 12200개 처리, GICP 성공 11834 실패 365 (필터폴백 0)
  스캔 12400개 처리, GICP 성공 12034 실패 365 (필터폴백 0)
  스캔 12600개 처리, GICP 성공 12234 실패 365 (필터폴백 0)
  스캔 12800개 처리, GICP 성공 12433 실패 366 (필터폴백 0)
  스캔 13000개 처리, GICP 성공 12633 실패 366 (필터폴백 0)
  스캔 13200개 처리, GICP 성공 12833 실패 366 (필터폴백 0)
  스캔 13400개 처리, GICP 성공 13032 실패 367 (필터폴백 0)
  스캔 13600개 처리, GICP 성공 13232 실패 367 (필터폴백 0)
  스캔 13800개 처리, GICP 성공 13432 실패 367 (필터폴백 0)
  스캔 14000개 처리, GICP 성공 13623 실패 376 (필터폴백 0)
  스캔 14200개 처리, GICP 성공 13820 실패 379 (필터폴백 0)
  스캔 14400개 처리, GICP 성공 14020 실패 379 (필터폴백 0)
  스캔 14600개 처리, GICP 성공 14219 실패 380 (필터폴백 0)
  스캔 14800개 처리, GICP 성공 14419 실패 380 (필터폴백 0)
  스캔 15000개 처리, GICP 성공 14617 실패 382 (필터폴백 0)
  스캔 15200개 처리, GICP 성공 14817 실패 382 (필터폴백 0)
  스캔 15400개 처리, GICP 성공 15017 실패 382 (필터폴백 0)
  스캔 15600개 처리, GICP 성공 15215 실패 384 (필터폴백 0)
  스캔 15800개 처리, GICP 성공 15402 실패 397 (필터폴백 0)
  스캔 16000개 처리, GICP 성공 15599 실패 400 (필터폴백 0)
  스캔 16200개 처리, GICP 성공 15797 실패 402 (필터폴백 0)
  스캔 16400개 처리, GICP 성공 15997 실패 402 (필터폴백 0)
  스캔 16600개 처리, GICP 성공 16196 실패 403 (필터폴백 0)
  스캔 16800개 처리, GICP 성공 16394 실패 405 (필터폴백 0)
  스캔 17000개 처리, GICP 성공 16594 실패 405 (필터폴백 0)
  스캔 17200개 처리, GICP 성공 16794 실패 405 (필터폴백 0)
  스캔 17400개 처리, GICP 성공 16994 실패 405 (필터폴백 0)
  스캔 17600개 처리, GICP 성공 17189 실패 410 (필터폴백 0)
  스캔 17800개 처리, GICP 성공 17386 실패 413 (필터폴백 0)
  스캔 18000개 처리, GICP 성공 17579 실패 420 (필터폴백 0)
  스캔 18200개 처리, GICP 성공 17779 실패 420 (필터폴백 0)
  스캔 18400개 처리, GICP 성공 17978 실패 421 (필터폴백 0)
  스캔 18600개 처리, GICP 성공 18175 실패 424 (필터폴백 0)
  스캔 18800개 처리, GICP 성공 18370 실패 429 (필터폴백 0)
  스캔 19000개 처리, GICP 성공 18570 실패 429 (필터폴백 0)
  스캔 19200개 처리, GICP 성공 18769 실패 430 (필터폴백 0)
  스캔 19400개 처리, GICP 성공 18950 실패 449 (필터폴백 0)
  스캔 19600개 처리, GICP 성공 19148 실패 451 (필터폴백 0)
  스캔 19800개 처리, GICP 성공 19345 실패 454 (필터폴백 0)
  스캔 20000개 처리, GICP 성공 19543 실패 456 (필터폴백 0)
  스캔 20200개 처리, GICP 성공 19737 실패 462 (필터폴백 0)
  스캔 20400개 처리, GICP 성공 19924 실패 475 (필터폴백 0)
  스캔 20600개 처리, GICP 성공 20123 실패 476 (필터폴백 0)
  스캔 20800개 처리, GICP 성공 20320 실패 479 (필터폴백 0)
  스캔 21000개 처리, GICP 성공 20520 실패 479 (필터폴백 0)
  스캔 21200개 처리, GICP 성공 20705 실패 494 (필터폴백 0)
  스캔 21400개 처리, GICP 성공 20904 실패 495 (필터폴백 0)
  스캔 21600개 처리, GICP 성공 21104 실패 495 (필터폴백 0)
  스캔 21800개 처리, GICP 성공 21304 실패 495 (필터폴백 0)
  스캔 22000개 처리, GICP 성공 21501 실패 498 (필터폴백 0)
  스캔 22200개 처리, GICP 성공 21695 실패 504 (필터폴백 0)
  스캔 22400개 처리, GICP 성공 21893 실패 506 (필터폴백 0)
  스캔 22600개 처리, GICP 성공 22092 실패 507 (필터폴백 0)
  스캔 22800개 처리, GICP 성공 22288 실패 511 (필터폴백 0)
  스캔 23000개 처리, GICP 성공 22487 실패 512 (필터폴백 0)
  스캔 23200개 처리, GICP 성공 22687 실패 512 (필터폴백 0)
  스캔 23400개 처리, GICP 성공 22887 실패 512 (필터폴백 0)
  스캔 23600개 처리, GICP 성공 23087 실패 512 (필터폴백 0)
  스캔 23800개 처리, GICP 성공 23287 실패 512 (필터폴백 0)
  스캔 24000개 처리, GICP 성공 23487 실패 512 (필터폴백 0)
  스캔 24200개 처리, GICP 성공 23687 실패 512 (필터폴백 0)
  스캔 24400개 처리, GICP 성공 23887 실패 512 (필터폴백 0)
  스캔 24600개 처리, GICP 성공 24087 실패 512 (필터폴백 0)
  스캔 24800개 처리, GICP 성공 24287 실패 512 (필터폴백 0)
  스캔 25000개 처리, GICP 성공 24487 실패 512 (필터폴백 0)
  스캔 25200개 처리, GICP 성공 24687 실패 512 (필터폴백 0)
  스캔 25400개 처리, GICP 성공 24887 실패 512 (필터폴백 0)
  스캔 25600개 처리, GICP 성공 25086 실패 513 (필터폴백 0)
  스캔 25800개 처리, GICP 성공 25286 실패 513 (필터폴백 0)
  스캔 26000개 처리, GICP 성공 25485 실패 514 (필터폴백 0)
  스캔 26200개 처리, GICP 성공 25685 실패 514 (필터폴백 0)
  스캔 26400개 처리, GICP 성공 25885 실패 514 (필터폴백 0)
[WARN] [1787289525.738139216] [rosbag2_storage_mcap]: attempted to read in receive timestamp order with no message index
  스캔 26600개 처리, GICP 성공 26085 실패 514 (필터폴백 0)
  스캔 26800개 처리, GICP 성공 26285 실패 514 (필터폴백 0)
  스캔 27000개 처리, GICP 성공 26485 실패 514 (필터폴백 0)
  스캔 27200개 처리, GICP 성공 26685 실패 514 (필터폴백 0)
  스캔 27400개 처리, GICP 성공 26885 실패 514 (필터폴백 0)
전처리=sor (gicp_downsample=0.3)
스캔 27598개 (TF 조회 실패로 스킵 29개)
GICP: 성공 27083, 실패(GT로 대체) 514 (그 중 수렴했지만 이동량 상한 2.0m 초과로 기각 30), 첫 스캔이라 스킵 1
필터링: 스캔당 폴백(점 10개 미만으로 필터 후 원본 사용) 0회, 필터 전 점 338741908개 -> 필터 후 331199209개 (2.2% 감소)
baseline 점 338741908개 -> /tmp/gicp_preproc/baseline_sor.npy
방법B(sor) 점 331199209개 -> /tmp/gicp_preproc/methodb_sor.npy
[2026-08-21 14:20:39] BUILD done: sor (exit 0)
[2026-08-21 14:20:39] SCORE start: methodb_sor
[methodb_sor] wheel FN%=42.45% (GT통과가능 618378개 중 pipeline이 막힘판정 262520개, 미측정 0.6%)
[methodb_sor] leg FN%=32.33% (GT통과가능 618378개 중 pipeline이 막힘판정 199902개, 미측정 0.6%)
[methodb_sor] 저장: /tmp/gicp_preproc/methodb_sor_fn.json
로그: /tmp/trav_fn_methodb_sor   결과: /tmp/gicp_preproc/methodb_sor_fn.json
[2026-08-21 14:36:48] SCORE done: methodb_sor (exit 0)
[2026-08-21 14:36:49] BUILD start: flatness
  스캔 200개 처리, GICP 성공 176 실패 23 (필터폴백 0)
  스캔 400개 처리, GICP 성공 347 실패 52 (필터폴백 0)
  스캔 600개 처리, GICP 성공 537 실패 62 (필터폴백 0)
  스캔 800개 처리, GICP 성공 728 실패 71 (필터폴백 0)
  스캔 1000개 처리, GICP 성공 925 실패 74 (필터폴백 0)
  스캔 1200개 처리, GICP 성공 1117 실패 82 (필터폴백 0)
  스캔 1400개 처리, GICP 성공 1306 실패 93 (필터폴백 0)
  스캔 1600개 처리, GICP 성공 1488 실패 111 (필터폴백 0)
  스캔 1800개 처리, GICP 성공 1679 실패 120 (필터폴백 0)
  스캔 2000개 처리, GICP 성공 1854 실패 145 (필터폴백 0)
  스캔 2200개 처리, GICP 성공 2046 실패 153 (필터폴백 0)
  스캔 2400개 처리, GICP 성공 2240 실패 159 (필터폴백 0)
  스캔 2600개 처리, GICP 성공 2429 실패 170 (필터폴백 0)
  스캔 2800개 처리, GICP 성공 2626 실패 173 (필터폴백 0)
  스캔 3000개 처리, GICP 성공 2816 실패 183 (필터폴백 0)
  스캔 3200개 처리, GICP 성공 3014 실패 185 (필터폴백 0)
  스캔 3400개 처리, GICP 성공 3193 실패 206 (필터폴백 0)
  스캔 3600개 처리, GICP 성공 3363 실패 236 (필터폴백 0)
  스캔 3800개 처리, GICP 성공 3549 실패 250 (필터폴백 0)
  스캔 4000개 처리, GICP 성공 3744 실패 255 (필터폴백 0)
  스캔 4200개 처리, GICP 성공 3941 실패 258 (필터폴백 0)
  스캔 4400개 처리, GICP 성공 4137 실패 262 (필터폴백 0)
  스캔 4600개 처리, GICP 성공 4332 실패 267 (필터폴백 0)
  스캔 4800개 처리, GICP 성공 4525 실패 274 (필터폴백 0)
  스캔 5000개 처리, GICP 성공 4715 실패 284 (필터폴백 0)
  스캔 5200개 처리, GICP 성공 4900 실패 299 (필터폴백 0)
  스캔 5400개 처리, GICP 성공 5088 실패 311 (필터폴백 0)
  스캔 5600개 처리, GICP 성공 5283 실패 316 (필터폴백 0)
  스캔 5800개 처리, GICP 성공 5482 실패 317 (필터폴백 0)
  스캔 6000개 처리, GICP 성공 5680 실패 319 (필터폴백 0)
  스캔 6200개 처리, GICP 성공 5876 실패 323 (필터폴백 0)
  스캔 6400개 처리, GICP 성공 6074 실패 325 (필터폴백 0)
  스캔 6600개 처리, GICP 성공 6270 실패 329 (필터폴백 0)
  스캔 6800개 처리, GICP 성공 6463 실패 336 (필터폴백 0)
  스캔 7000개 처리, GICP 성공 6653 실패 346 (필터폴백 0)
  스캔 7200개 처리, GICP 성공 6843 실패 356 (필터폴백 0)
  스캔 7400개 처리, GICP 성공 7043 실패 356 (필터폴백 0)
  스캔 7600개 처리, GICP 성공 7242 실패 357 (필터폴백 0)
  스캔 7800개 처리, GICP 성공 7436 실패 363 (필터폴백 0)
  스캔 8000개 처리, GICP 성공 7632 실패 367 (필터폴백 0)
  스캔 8200개 처리, GICP 성공 7828 실패 371 (필터폴백 0)
  스캔 8400개 처리, GICP 성공 8024 실패 375 (필터폴백 0)
  스캔 8600개 처리, GICP 성공 8200 실패 399 (필터폴백 0)
  스캔 8800개 처리, GICP 성공 8386 실패 413 (필터폴백 0)
  스캔 9000개 처리, GICP 성공 8584 실패 415 (필터폴백 0)
  스캔 9200개 처리, GICP 성공 8782 실패 417 (필터폴백 0)
  스캔 9400개 처리, GICP 성공 8972 실패 427 (필터폴백 0)
  스캔 9600개 처리, GICP 성공 9164 실패 435 (필터폴백 0)
  스캔 9800개 처리, GICP 성공 9363 실패 436 (필터폴백 0)
  스캔 10000개 처리, GICP 성공 9561 실패 438 (필터폴백 0)
  스캔 10200개 처리, GICP 성공 9759 실패 440 (필터폴백 0)
  스캔 10400개 처리, GICP 성공 9937 실패 462 (필터폴백 0)
  스캔 10600개 처리, GICP 성공 10122 실패 477 (필터폴백 0)
  스캔 10800개 처리, GICP 성공 10320 실패 479 (필터폴백 0)
  스캔 11000개 처리, GICP 성공 10518 실패 481 (필터폴백 0)
  스캔 11200개 처리, GICP 성공 10707 실패 492 (필터폴백 0)
  스캔 11400개 처리, GICP 성공 10901 실패 498 (필터폴백 0)
  스캔 11600개 처리, GICP 성공 11096 실패 503 (필터폴백 0)
  스캔 11800개 처리, GICP 성공 11296 실패 503 (필터폴백 0)
  스캔 12000개 처리, GICP 성공 11492 실패 507 (필터폴백 0)
  스캔 12200개 처리, GICP 성공 11669 실패 530 (필터폴백 0)
  스캔 12400개 처리, GICP 성공 11862 실패 537 (필터폴백 0)
  스캔 12600개 처리, GICP 성공 12059 실패 540 (필터폴백 0)
  스캔 12800개 처리, GICP 성공 12259 실패 540 (필터폴백 0)
  스캔 13000개 처리, GICP 성공 12450 실패 549 (필터폴백 0)
  스캔 13200개 처리, GICP 성공 12647 실패 552 (필터폴백 0)
  스캔 13400개 처리, GICP 성공 12842 실패 557 (필터폴백 0)
  스캔 13600개 처리, GICP 성공 13041 실패 558 (필터폴백 0)
  스캔 13800개 처리, GICP 성공 13236 실패 563 (필터폴백 0)
  스캔 14000개 처리, GICP 성공 13423 실패 576 (필터폴백 0)
  스캔 14200개 처리, GICP 성공 13614 실패 585 (필터폴백 0)
  스캔 14400개 처리, GICP 성공 13812 실패 587 (필터폴백 0)
  스캔 14600개 처리, GICP 성공 14008 실패 591 (필터폴백 0)
  스캔 14800개 처리, GICP 성공 14201 실패 598 (필터폴백 0)
  스캔 15000개 처리, GICP 성공 14397 실패 602 (필터폴백 0)
  스캔 15200개 처리, GICP 성공 14597 실패 602 (필터폴백 0)
  스캔 15400개 처리, GICP 성공 14796 실패 603 (필터폴백 0)
  스캔 15600개 처리, GICP 성공 14991 실패 608 (필터폴백 0)
  스캔 15800개 처리, GICP 성공 15172 실패 627 (필터폴백 0)
  스캔 16000개 처리, GICP 성공 15360 실패 639 (필터폴백 0)
  스캔 16200개 처리, GICP 성공 15558 실패 641 (필터폴백 0)
  스캔 16400개 처리, GICP 성공 15756 실패 643 (필터폴백 0)
  스캔 16600개 처리, GICP 성공 15955 실패 644 (필터폴백 0)
  스캔 16800개 처리, GICP 성공 16147 실패 652 (필터폴백 0)
  스캔 17000개 처리, GICP 성공 16344 실패 655 (필터폴백 0)
  스캔 17200개 처리, GICP 성공 16542 실패 657 (필터폴백 0)
  스캔 17400개 처리, GICP 성공 16739 실패 660 (필터폴백 0)
  스캔 17600개 처리, GICP 성공 16912 실패 687 (필터폴백 0)
  스캔 17800개 처리, GICP 성공 17095 실패 704 (필터폴백 0)
  스캔 18000개 처리, GICP 성공 17287 실패 712 (필터폴백 0)
  스캔 18200개 처리, GICP 성공 17486 실패 713 (필터폴백 0)
  스캔 18400개 처리, GICP 성공 17684 실패 715 (필터폴백 0)
  스캔 18600개 처리, GICP 성공 17873 실패 726 (필터폴백 0)
  스캔 18800개 처리, GICP 성공 18068 실패 731 (필터폴백 0)
  스캔 19000개 처리, GICP 성공 18267 실패 732 (필터폴백 0)
  스캔 19200개 처리, GICP 성공 18461 실패 738 (필터폴백 0)
  스캔 19400개 처리, GICP 성공 18634 실패 765 (필터폴백 0)
  스캔 19600개 처리, GICP 성공 18822 실패 777 (필터폴백 0)
  스캔 19800개 처리, GICP 성공 19018 실패 781 (필터폴백 0)
  스캔 20000개 처리, GICP 성공 19218 실패 781 (필터폴백 0)
  스캔 20200개 처리, GICP 성공 19413 실패 786 (필터폴백 0)
  스캔 20400개 처리, GICP 성공 19597 실패 802 (필터폴백 0)
  스캔 20600개 처리, GICP 성공 19793 실패 806 (필터폴백 0)
  스캔 20800개 처리, GICP 성공 19992 실패 807 (필터폴백 0)
  스캔 21000개 처리, GICP 성공 20185 실패 814 (필터폴백 0)
  스캔 21200개 처리, GICP 성공 20365 실패 834 (필터폴백 0)
  스캔 21400개 처리, GICP 성공 20558 실패 841 (필터폴백 0)
  스캔 21600개 처리, GICP 성공 20749 실패 850 (필터폴백 0)
  스캔 21800개 처리, GICP 성공 20949 실패 850 (필터폴백 0)
  스캔 22000개 처리, GICP 성공 21145 실패 854 (필터폴백 0)
  스캔 22200개 처리, GICP 성공 21338 실패 861 (필터폴백 0)
  스캔 22400개 처리, GICP 성공 21530 실패 869 (필터폴백 0)
  스캔 22600개 처리, GICP 성공 21727 실패 872 (필터폴백 0)
  스캔 22800개 처리, GICP 성공 21926 실패 873 (필터폴백 0)
  스캔 23000개 처리, GICP 성공 22124 실패 875 (필터폴백 0)
  스캔 23200개 처리, GICP 성공 22324 실패 875 (필터폴백 0)
  스캔 23400개 처리, GICP 성공 22524 실패 875 (필터폴백 0)
  스캔 23600개 처리, GICP 성공 22724 실패 875 (필터폴백 0)
  스캔 23800개 처리, GICP 성공 22924 실패 875 (필터폴백 0)
  스캔 24000개 처리, GICP 성공 23124 실패 875 (필터폴백 0)
  스캔 24200개 처리, GICP 성공 23324 실패 875 (필터폴백 0)
  스캔 24400개 처리, GICP 성공 23524 실패 875 (필터폴백 0)
  스캔 24600개 처리, GICP 성공 23724 실패 875 (필터폴백 0)
  스캔 24800개 처리, GICP 성공 23924 실패 875 (필터폴백 0)
  스캔 25000개 처리, GICP 성공 24124 실패 875 (필터폴백 0)
  스캔 25200개 처리, GICP 성공 24324 실패 875 (필터폴백 0)
  스캔 25400개 처리, GICP 성공 24524 실패 875 (필터폴백 0)
  스캔 25600개 처리, GICP 성공 24724 실패 875 (필터폴백 0)
  스캔 25800개 처리, GICP 성공 24924 실패 875 (필터폴백 0)
  스캔 26000개 처리, GICP 성공 25124 실패 875 (필터폴백 0)
  스캔 26200개 처리, GICP 성공 25324 실패 875 (필터폴백 0)
  스캔 26400개 처리, GICP 성공 25524 실패 875 (필터폴백 0)
[WARN] [1787294967.938583161] [rosbag2_storage_mcap]: attempted to read in receive timestamp order with no message index
  스캔 26600개 처리, GICP 성공 25724 실패 875 (필터폴백 0)
  스캔 26800개 처리, GICP 성공 25924 실패 875 (필터폴백 0)
  스캔 27000개 처리, GICP 성공 26124 실패 875 (필터폴백 0)
  스캔 27200개 처리, GICP 성공 26324 실패 875 (필터폴백 0)
  스캔 27400개 처리, GICP 성공 26524 실패 875 (필터폴백 0)
전처리=flatness (gicp_downsample=0.3)
스캔 27598개 (TF 조회 실패로 스킵 29개)
GICP: 성공 26722, 실패(GT로 대체) 875 (그 중 수렴했지만 이동량 상한 2.0m 초과로 기각 75), 첫 스캔이라 스킵 1
필터링: 스캔당 폴백(점 10개 미만으로 필터 후 원본 사용) 0회, 필터 전 점 338741908개 -> 필터 후 324668445개 (4.2% 감소)
baseline 점 338741908개 -> /tmp/gicp_preproc/baseline_flatness.npy
방법B(flatness) 점 324668445개 -> /tmp/gicp_preproc/methodb_flatness.npy
[2026-08-21 16:04:30] BUILD done: flatness (exit 0)
[2026-08-21 16:04:30] SCORE start: methodb_flatness
[methodb_flatness] wheel FN%=30.41% (GT통과가능 618378개 중 pipeline이 막힘판정 188056개, 미측정 1.6%)
[methodb_flatness] leg FN%=21.35% (GT통과가능 618378개 중 pipeline이 막힘판정 132010개, 미측정 1.6%)
[methodb_flatness] 저장: /tmp/gicp_preproc/methodb_flatness_fn.json
로그: /tmp/trav_fn_methodb_flatness   결과: /tmp/gicp_preproc/methodb_flatness_fn.json
[2026-08-21 16:19:27] SCORE done: methodb_flatness (exit 0)
[2026-08-21 16:19:28] ALL DONE: sor flatness
[2026-08-21 16:19:42] BUILD start: combo
  스캔 200개 처리, GICP 성공 169 실패 30 (필터폴백 0)
  스캔 400개 처리, GICP 성공 329 실패 70 (필터폴백 0)
  스캔 600개 처리, GICP 성공 516 실패 83 (필터폴백 0)
  스캔 800개 처리, GICP 성공 700 실패 99 (필터폴백 0)
  스캔 1000개 처리, GICP 성공 895 실패 104 (필터폴백 0)
  스캔 1200개 처리, GICP 성공 1091 실패 108 (필터폴백 0)
  스캔 1400개 처리, GICP 성공 1274 실패 125 (필터폴백 0)
  스캔 1600개 처리, GICP 성공 1450 실패 149 (필터폴백 0)
  스캔 1800개 처리, GICP 성공 1625 실패 174 (필터폴백 0)
  스캔 2000개 처리, GICP 성공 1794 실패 205 (필터폴백 0)
  스캔 2200개 처리, GICP 성공 1980 실패 219 (필터폴백 0)
  스캔 2400개 처리, GICP 성공 2173 실패 226 (필터폴백 0)
  스캔 2600개 처리, GICP 성공 2364 실패 235 (필터폴백 0)
  스캔 2800개 처리, GICP 성공 2562 실패 237 (필터폴백 0)
  스캔 3000개 처리, GICP 성공 2748 실패 251 (필터폴백 0)
  스캔 3200개 처리, GICP 성공 2942 실패 257 (필터폴백 0)
  스캔 3400개 처리, GICP 성공 3118 실패 281 (필터폴백 0)
  스캔 3600개 처리, GICP 성공 3280 실패 319 (필터폴백 0)
  스캔 3800개 처리, GICP 성공 3458 실패 341 (필터폴백 0)
  스캔 4000개 처리, GICP 성공 3656 실패 343 (필터폴백 0)
  스캔 4200개 처리, GICP 성공 3847 실패 352 (필터폴백 0)
  스캔 4400개 처리, GICP 성공 4046 실패 353 (필터폴백 0)
  스캔 4600개 처리, GICP 성공 4241 실패 358 (필터폴백 0)
  스캔 4800개 처리, GICP 성공 4437 실패 362 (필터폴백 0)
  스캔 5000개 처리, GICP 성공 4629 실패 370 (필터폴백 0)
  스캔 5200개 처리, GICP 성공 4817 실패 382 (필터폴백 0)
  스캔 5400개 처리, GICP 성공 4998 실패 401 (필터폴백 0)
  스캔 5600개 처리, GICP 성공 5187 실패 412 (필터폴백 0)
  스캔 5800개 처리, GICP 성공 5384 실패 415 (필터폴백 0)
  스캔 6000개 처리, GICP 성공 5582 실패 417 (필터폴백 0)
  스캔 6200개 처리, GICP 성공 5771 실패 428 (필터폴백 0)
  스캔 6400개 처리, GICP 성공 5969 실패 430 (필터폴백 0)
  스캔 6600개 처리, GICP 성공 6161 실패 438 (필터폴백 0)
  스캔 6800개 처리, GICP 성공 6338 실패 461 (필터폴백 0)
  스캔 7000개 처리, GICP 성공 6523 실패 476 (필터폴백 0)
  스캔 7200개 처리, GICP 성공 6715 실패 484 (필터폴백 0)
  스캔 7400개 처리, GICP 성공 6911 실패 488 (필터폴백 0)
  스캔 7600개 처리, GICP 성공 7109 실패 490 (필터폴백 0)
  스캔 7800개 처리, GICP 성공 7298 실패 501 (필터폴백 0)
  스캔 8000개 처리, GICP 성공 7491 실패 508 (필터폴백 0)
  스캔 8200개 처리, GICP 성공 7686 실패 513 (필터폴백 0)
  스캔 8400개 처리, GICP 성공 7880 실패 519 (필터폴백 0)
  스캔 8600개 처리, GICP 성공 8051 실패 548 (필터폴백 0)
  스캔 8800개 처리, GICP 성공 8231 실패 568 (필터폴백 0)
  스캔 9000개 처리, GICP 성공 8428 실패 571 (필터폴백 0)
  스캔 9200개 처리, GICP 성공 8626 실패 573 (필터폴백 0)
  스캔 9400개 처리, GICP 성공 8821 실패 578 (필터폴백 0)
  스캔 9600개 처리, GICP 성공 9014 실패 585 (필터폴백 0)
  스캔 9800개 처리, GICP 성공 9210 실패 589 (필터폴백 0)
  스캔 10000개 처리, GICP 성공 9409 실패 590 (필터폴백 0)
  스캔 10200개 처리, GICP 성공 9607 실패 592 (필터폴백 0)
  스캔 10400개 처리, GICP 성공 9789 실패 610 (필터폴백 0)
  스캔 10600개 처리, GICP 성공 9975 실패 624 (필터폴백 0)
  스캔 10800개 처리, GICP 성공 10175 실패 624 (필터폴백 0)
  스캔 11000개 처리, GICP 성공 10375 실패 624 (필터폴백 0)
  스캔 11200개 처리, GICP 성공 10570 실패 629 (필터폴백 0)
  스캔 11400개 처리, GICP 성공 10761 실패 638 (필터폴백 0)
  스캔 11600개 처리, GICP 성공 10961 실패 638 (필터폴백 0)
  스캔 11800개 처리, GICP 성공 11161 실패 638 (필터폴백 0)
  스캔 12000개 처리, GICP 성공 11359 실패 640 (필터폴백 0)
  스캔 12200개 처리, GICP 성공 11534 실패 665 (필터폴백 0)
  스캔 12400개 처리, GICP 성공 11724 실패 675 (필터폴백 0)
  스캔 12600개 처리, GICP 성공 11923 실패 676 (필터폴백 0)
  스캔 12800개 처리, GICP 성공 12123 실패 676 (필터폴백 0)
  스캔 13000개 처리, GICP 성공 12313 실패 686 (필터폴백 0)
  스캔 13200개 처리, GICP 성공 12509 실패 690 (필터폴백 0)
  스캔 13400개 처리, GICP 성공 12706 실패 693 (필터폴백 0)
  스캔 13600개 처리, GICP 성공 12905 실패 694 (필터폴백 0)
  스캔 13800개 처리, GICP 성공 13102 실패 697 (필터폴백 0)
  스캔 14000개 처리, GICP 성공 13288 실패 711 (필터폴백 0)
  스캔 14200개 처리, GICP 성공 13486 실패 713 (필터폴백 0)
  스캔 14400개 처리, GICP 성공 13681 실패 718 (필터폴백 0)
  스캔 14600개 처리, GICP 성공 13878 실패 721 (필터폴백 0)
  스캔 14800개 처리, GICP 성공 14069 실패 730 (필터폴백 0)
  스캔 15000개 처리, GICP 성공 14259 실패 740 (필터폴백 0)
  스캔 15200개 처리, GICP 성공 14458 실패 741 (필터폴백 0)
  스캔 15400개 처리, GICP 성공 14656 실패 743 (필터폴백 0)
  스캔 15600개 처리, GICP 성공 14852 실패 747 (필터폴백 0)
  스캔 15800개 처리, GICP 성공 15029 실패 770 (필터폴백 0)
  스캔 16000개 처리, GICP 성공 15219 실패 780 (필터폴백 0)
  스캔 16200개 처리, GICP 성공 15416 실패 783 (필터폴백 0)
  스캔 16400개 처리, GICP 성공 15615 실패 784 (필터폴백 0)
  스캔 16600개 처리, GICP 성공 15813 실패 786 (필터폴백 0)
  스캔 16800개 처리, GICP 성공 15997 실패 802 (필터폴백 0)
  스캔 17000개 처리, GICP 성공 16197 실패 802 (필터폴백 0)
  스캔 17200개 처리, GICP 성공 16395 실패 804 (필터폴백 0)
  스캔 17400개 처리, GICP 성공 16589 실패 810 (필터폴백 0)
  스캔 17600개 처리, GICP 성공 16769 실패 830 (필터폴백 0)
  스캔 17800개 처리, GICP 성공 16952 실패 847 (필터폴백 0)
  스캔 18000개 처리, GICP 성공 17145 실패 854 (필터폴백 0)
  스캔 18200개 처리, GICP 성공 17341 실패 858 (필터폴백 0)
  스캔 18400개 처리, GICP 성공 17536 실패 863 (필터폴백 0)
  스캔 18600개 처리, GICP 성공 17722 실패 877 (필터폴백 0)
  스캔 18800개 처리, GICP 성공 17915 실패 884 (필터폴백 0)
  스캔 19000개 처리, GICP 성공 18114 실패 885 (필터폴백 0)
  스캔 19200개 처리, GICP 성공 18298 실패 901 (필터폴백 0)
  스캔 19400개 처리, GICP 성공 18472 실패 927 (필터폴백 0)
  스캔 19600개 처리, GICP 성공 18659 실패 940 (필터폴백 0)
  스캔 19800개 처리, GICP 성공 18849 실패 950 (필터폴백 0)
  스캔 20000개 처리, GICP 성공 19047 실패 952 (필터폴백 0)
  스캔 20200개 처리, GICP 성공 19233 실패 966 (필터폴백 0)
  스캔 20400개 처리, GICP 성공 19424 실패 975 (필터폴백 0)
  스캔 20600개 처리, GICP 성공 19620 실패 979 (필터폴백 0)
  스캔 20800개 처리, GICP 성공 19817 실패 982 (필터폴백 0)
  스캔 21000개 처리, GICP 성공 20000 실패 999 (필터폴백 0)
  스캔 21200개 처리, GICP 성공 20179 실패 1020 (필터폴백 0)
  스캔 21400개 처리, GICP 성공 20371 실패 1028 (필터폴백 0)
  스캔 21600개 처리, GICP 성공 20555 실패 1044 (필터폴백 0)
  스캔 21800개 처리, GICP 성공 20754 실패 1045 (필터폴백 0)
  스캔 22000개 처리, GICP 성공 20943 실패 1056 (필터폴백 0)
  스캔 22200개 처리, GICP 성공 21129 실패 1070 (필터폴백 0)
  스캔 22400개 처리, GICP 성공 21320 실패 1079 (필터폴백 0)
  스캔 22600개 처리, GICP 성공 21515 실패 1084 (필터폴백 0)
  스캔 22800개 처리, GICP 성공 21711 실패 1088 (필터폴백 0)
  스캔 23000개 처리, GICP 성공 21907 실패 1092 (필터폴백 0)
  스캔 23200개 처리, GICP 성공 22107 실패 1092 (필터폴백 0)
  스캔 23400개 처리, GICP 성공 22307 실패 1092 (필터폴백 0)
  스캔 23600개 처리, GICP 성공 22505 실패 1094 (필터폴백 0)
  스캔 23800개 처리, GICP 성공 22705 실패 1094 (필터폴백 0)
  스캔 24000개 처리, GICP 성공 22905 실패 1094 (필터폴백 0)
  스캔 24200개 처리, GICP 성공 23105 실패 1094 (필터폴백 0)
  스캔 24400개 처리, GICP 성공 23305 실패 1094 (필터폴백 0)
  스캔 24600개 처리, GICP 성공 23505 실패 1094 (필터폴백 0)
  스캔 24800개 처리, GICP 성공 23705 실패 1094 (필터폴백 0)
  스캔 25000개 처리, GICP 성공 23905 실패 1094 (필터폴백 0)
  스캔 25200개 처리, GICP 성공 24105 실패 1094 (필터폴백 0)
  스캔 25400개 처리, GICP 성공 24305 실패 1094 (필터폴백 0)
  스캔 25600개 처리, GICP 성공 24505 실패 1094 (필터폴백 0)
  스캔 25800개 처리, GICP 성공 24705 실패 1094 (필터폴백 0)
  스캔 26000개 처리, GICP 성공 24905 실패 1094 (필터폴백 0)
  스캔 26200개 처리, GICP 성공 25105 실패 1094 (필터폴백 0)
  스캔 26400개 처리, GICP 성공 25305 실패 1094 (필터폴백 0)
[WARN] [1787301553.389833950] [rosbag2_storage_mcap]: attempted to read in receive timestamp order with no message index
  스캔 26600개 처리, GICP 성공 25505 실패 1094 (필터폴백 0)
  스캔 26800개 처리, GICP 성공 25705 실패 1094 (필터폴백 0)
  스캔 27000개 처리, GICP 성공 25905 실패 1094 (필터폴백 0)
  스캔 27200개 처리, GICP 성공 26105 실패 1094 (필터폴백 0)
  스캔 27400개 처리, GICP 성공 26305 실패 1094 (필터폴백 0)
전처리=combo (gicp_downsample=0.3)
스캔 27598개 (TF 조회 실패로 스킵 29개)
GICP: 성공 26503, 실패(GT로 대체) 1094 (그 중 수렴했지만 이동량 상한 2.0m 초과로 기각 35), 첫 스캔이라 스킵 1
필터링: 스캔당 폴백(점 10개 미만으로 필터 후 원본 사용) 0회, 필터 전 점 338741908개 -> 필터 후 317151006개 (6.4% 감소)
baseline 점 338741908개 -> /tmp/gicp_preproc/baseline_combo.npy
방법B(combo) 점 317151006개 -> /tmp/gicp_preproc/methodb_combo.npy
[2026-08-21 17:49:25] BUILD done: combo (exit 0)
[2026-08-21 17:49:25] SCORE start: methodb_combo
[2026-08-21 18:01:57] BUILD start: combo
[2026-08-21 18:05:10] BUILD start: combo
  스캔 200개 처리, GICP 성공 169 실패 30 (필터폴백 0)
  스캔 400개 처리, GICP 성공 329 실패 70 (필터폴백 0)
  스캔 600개 처리, GICP 성공 516 실패 83 (필터폴백 0)
  스캔 800개 처리, GICP 성공 700 실패 99 (필터폴백 0)
  스캔 1000개 처리, GICP 성공 895 실패 104 (필터폴백 0)
  스캔 1200개 처리, GICP 성공 1091 실패 108 (필터폴백 0)
  스캔 1400개 처리, GICP 성공 1274 실패 125 (필터폴백 0)
  스캔 1600개 처리, GICP 성공 1450 실패 149 (필터폴백 0)
  스캔 1800개 처리, GICP 성공 1625 실패 174 (필터폴백 0)
  스캔 2000개 처리, GICP 성공 1794 실패 205 (필터폴백 0)
  스캔 2200개 처리, GICP 성공 1980 실패 219 (필터폴백 0)
  스캔 2400개 처리, GICP 성공 2173 실패 226 (필터폴백 0)
  스캔 2600개 처리, GICP 성공 2364 실패 235 (필터폴백 0)
  스캔 2800개 처리, GICP 성공 2562 실패 237 (필터폴백 0)
  스캔 3000개 처리, GICP 성공 2748 실패 251 (필터폴백 0)
  스캔 3200개 처리, GICP 성공 2942 실패 257 (필터폴백 0)
  스캔 3400개 처리, GICP 성공 3118 실패 281 (필터폴백 0)
  스캔 3600개 처리, GICP 성공 3280 실패 319 (필터폴백 0)
  스캔 3800개 처리, GICP 성공 3458 실패 341 (필터폴백 0)
  스캔 4000개 처리, GICP 성공 3656 실패 343 (필터폴백 0)
  스캔 4200개 처리, GICP 성공 3847 실패 352 (필터폴백 0)
  스캔 4400개 처리, GICP 성공 4046 실패 353 (필터폴백 0)
  스캔 4600개 처리, GICP 성공 4241 실패 358 (필터폴백 0)
  스캔 4800개 처리, GICP 성공 4437 실패 362 (필터폴백 0)
  스캔 5000개 처리, GICP 성공 4629 실패 370 (필터폴백 0)
  스캔 5200개 처리, GICP 성공 4817 실패 382 (필터폴백 0)
  스캔 5400개 처리, GICP 성공 4998 실패 401 (필터폴백 0)
  스캔 5600개 처리, GICP 성공 5187 실패 412 (필터폴백 0)
  스캔 5800개 처리, GICP 성공 5384 실패 415 (필터폴백 0)
  스캔 6000개 처리, GICP 성공 5582 실패 417 (필터폴백 0)
  스캔 6200개 처리, GICP 성공 5771 실패 428 (필터폴백 0)
  스캔 6400개 처리, GICP 성공 5969 실패 430 (필터폴백 0)
  스캔 6600개 처리, GICP 성공 6161 실패 438 (필터폴백 0)
  스캔 6800개 처리, GICP 성공 6338 실패 461 (필터폴백 0)
  스캔 7000개 처리, GICP 성공 6523 실패 476 (필터폴백 0)
  스캔 7200개 처리, GICP 성공 6715 실패 484 (필터폴백 0)
  스캔 7400개 처리, GICP 성공 6911 실패 488 (필터폴백 0)
  스캔 7600개 처리, GICP 성공 7109 실패 490 (필터폴백 0)
  스캔 7800개 처리, GICP 성공 7298 실패 501 (필터폴백 0)
  스캔 8000개 처리, GICP 성공 7491 실패 508 (필터폴백 0)
  스캔 8200개 처리, GICP 성공 7686 실패 513 (필터폴백 0)
  스캔 8400개 처리, GICP 성공 7880 실패 519 (필터폴백 0)
  스캔 8600개 처리, GICP 성공 8051 실패 548 (필터폴백 0)
  스캔 8800개 처리, GICP 성공 8231 실패 568 (필터폴백 0)
  스캔 9000개 처리, GICP 성공 8428 실패 571 (필터폴백 0)
  스캔 9200개 처리, GICP 성공 8626 실패 573 (필터폴백 0)
  스캔 9400개 처리, GICP 성공 8821 실패 578 (필터폴백 0)
  스캔 9600개 처리, GICP 성공 9014 실패 585 (필터폴백 0)
  스캔 9800개 처리, GICP 성공 9210 실패 589 (필터폴백 0)
  스캔 10000개 처리, GICP 성공 9409 실패 590 (필터폴백 0)
  스캔 10200개 처리, GICP 성공 9607 실패 592 (필터폴백 0)
  스캔 10400개 처리, GICP 성공 9789 실패 610 (필터폴백 0)
  스캔 10600개 처리, GICP 성공 9975 실패 624 (필터폴백 0)
  스캔 10800개 처리, GICP 성공 10175 실패 624 (필터폴백 0)
  스캔 11000개 처리, GICP 성공 10375 실패 624 (필터폴백 0)
  스캔 11200개 처리, GICP 성공 10570 실패 629 (필터폴백 0)
  스캔 11400개 처리, GICP 성공 10761 실패 638 (필터폴백 0)
  스캔 11600개 처리, GICP 성공 10961 실패 638 (필터폴백 0)
  스캔 11800개 처리, GICP 성공 11161 실패 638 (필터폴백 0)
  스캔 12000개 처리, GICP 성공 11359 실패 640 (필터폴백 0)
  스캔 12200개 처리, GICP 성공 11534 실패 665 (필터폴백 0)
  스캔 12400개 처리, GICP 성공 11724 실패 675 (필터폴백 0)
  스캔 12600개 처리, GICP 성공 11923 실패 676 (필터폴백 0)
  스캔 12800개 처리, GICP 성공 12123 실패 676 (필터폴백 0)
  스캔 13000개 처리, GICP 성공 12313 실패 686 (필터폴백 0)
  스캔 13200개 처리, GICP 성공 12509 실패 690 (필터폴백 0)
  스캔 13400개 처리, GICP 성공 12706 실패 693 (필터폴백 0)
  스캔 13600개 처리, GICP 성공 12905 실패 694 (필터폴백 0)
  스캔 13800개 처리, GICP 성공 13102 실패 697 (필터폴백 0)
  스캔 14000개 처리, GICP 성공 13288 실패 711 (필터폴백 0)
  스캔 14200개 처리, GICP 성공 13486 실패 713 (필터폴백 0)
  스캔 14400개 처리, GICP 성공 13681 실패 718 (필터폴백 0)
  스캔 14600개 처리, GICP 성공 13878 실패 721 (필터폴백 0)
  스캔 14800개 처리, GICP 성공 14069 실패 730 (필터폴백 0)
  스캔 15000개 처리, GICP 성공 14259 실패 740 (필터폴백 0)
  스캔 15200개 처리, GICP 성공 14458 실패 741 (필터폴백 0)
  스캔 15400개 처리, GICP 성공 14656 실패 743 (필터폴백 0)
[2026-08-21 18:49:59] BUILD start: combo
  스캔 200개 처리, GICP 성공 169 실패 30 (필터폴백 0)
  스캔 400개 처리, GICP 성공 329 실패 70 (필터폴백 0)
  스캔 600개 처리, GICP 성공 516 실패 83 (필터폴백 0)
  스캔 800개 처리, GICP 성공 700 실패 99 (필터폴백 0)
  스캔 1000개 처리, GICP 성공 895 실패 104 (필터폴백 0)
  스캔 1200개 처리, GICP 성공 1091 실패 108 (필터폴백 0)
  스캔 1400개 처리, GICP 성공 1274 실패 125 (필터폴백 0)
  스캔 1600개 처리, GICP 성공 1450 실패 149 (필터폴백 0)
  스캔 1800개 처리, GICP 성공 1625 실패 174 (필터폴백 0)
  스캔 2000개 처리, GICP 성공 1794 실패 205 (필터폴백 0)
  스캔 2200개 처리, GICP 성공 1980 실패 219 (필터폴백 0)
  스캔 2400개 처리, GICP 성공 2173 실패 226 (필터폴백 0)
  스캔 2600개 처리, GICP 성공 2364 실패 235 (필터폴백 0)
  스캔 2800개 처리, GICP 성공 2562 실패 237 (필터폴백 0)
  스캔 3000개 처리, GICP 성공 2748 실패 251 (필터폴백 0)
  스캔 3200개 처리, GICP 성공 2942 실패 257 (필터폴백 0)
  스캔 3400개 처리, GICP 성공 3118 실패 281 (필터폴백 0)
  스캔 3600개 처리, GICP 성공 3280 실패 319 (필터폴백 0)
  스캔 3800개 처리, GICP 성공 3458 실패 341 (필터폴백 0)
  스캔 4000개 처리, GICP 성공 3656 실패 343 (필터폴백 0)
  스캔 4200개 처리, GICP 성공 3847 실패 352 (필터폴백 0)
  스캔 4400개 처리, GICP 성공 4046 실패 353 (필터폴백 0)
  스캔 4600개 처리, GICP 성공 4241 실패 358 (필터폴백 0)
  스캔 4800개 처리, GICP 성공 4437 실패 362 (필터폴백 0)
  스캔 5000개 처리, GICP 성공 4629 실패 370 (필터폴백 0)
  스캔 5200개 처리, GICP 성공 4817 실패 382 (필터폴백 0)
  스캔 5400개 처리, GICP 성공 4998 실패 401 (필터폴백 0)
  스캔 5600개 처리, GICP 성공 5187 실패 412 (필터폴백 0)
  스캔 5800개 처리, GICP 성공 5384 실패 415 (필터폴백 0)
  스캔 6000개 처리, GICP 성공 5582 실패 417 (필터폴백 0)
  스캔 6200개 처리, GICP 성공 5771 실패 428 (필터폴백 0)
  스캔 6400개 처리, GICP 성공 5969 실패 430 (필터폴백 0)
  스캔 6600개 처리, GICP 성공 6161 실패 438 (필터폴백 0)
  스캔 6800개 처리, GICP 성공 6338 실패 461 (필터폴백 0)
  스캔 7000개 처리, GICP 성공 6523 실패 476 (필터폴백 0)
  스캔 7200개 처리, GICP 성공 6715 실패 484 (필터폴백 0)
  스캔 7400개 처리, GICP 성공 6911 실패 488 (필터폴백 0)
  스캔 7600개 처리, GICP 성공 7109 실패 490 (필터폴백 0)
  스캔 7800개 처리, GICP 성공 7298 실패 501 (필터폴백 0)
  스캔 8000개 처리, GICP 성공 7491 실패 508 (필터폴백 0)
  스캔 8200개 처리, GICP 성공 7686 실패 513 (필터폴백 0)
  스캔 8400개 처리, GICP 성공 7880 실패 519 (필터폴백 0)
  스캔 8600개 처리, GICP 성공 8051 실패 548 (필터폴백 0)
  스캔 8800개 처리, GICP 성공 8231 실패 568 (필터폴백 0)
  스캔 9000개 처리, GICP 성공 8428 실패 571 (필터폴백 0)
  스캔 9200개 처리, GICP 성공 8626 실패 573 (필터폴백 0)
  스캔 9400개 처리, GICP 성공 8821 실패 578 (필터폴백 0)
  스캔 9600개 처리, GICP 성공 9014 실패 585 (필터폴백 0)
  스캔 9800개 처리, GICP 성공 9210 실패 589 (필터폴백 0)
  스캔 10000개 처리, GICP 성공 9409 실패 590 (필터폴백 0)
  스캔 10200개 처리, GICP 성공 9607 실패 592 (필터폴백 0)
  스캔 10400개 처리, GICP 성공 9789 실패 610 (필터폴백 0)
  스캔 10600개 처리, GICP 성공 9975 실패 624 (필터폴백 0)
  스캔 10800개 처리, GICP 성공 10175 실패 624 (필터폴백 0)
  스캔 11000개 처리, GICP 성공 10375 실패 624 (필터폴백 0)
  스캔 11200개 처리, GICP 성공 10570 실패 629 (필터폴백 0)
  스캔 11400개 처리, GICP 성공 10761 실패 638 (필터폴백 0)
  스캔 11600개 처리, GICP 성공 10961 실패 638 (필터폴백 0)
  스캔 11800개 처리, GICP 성공 11161 실패 638 (필터폴백 0)
  스캔 12000개 처리, GICP 성공 11359 실패 640 (필터폴백 0)
  스캔 12200개 처리, GICP 성공 11534 실패 665 (필터폴백 0)
  스캔 12400개 처리, GICP 성공 11724 실패 675 (필터폴백 0)
  스캔 12600개 처리, GICP 성공 11923 실패 676 (필터폴백 0)
  스캔 12800개 처리, GICP 성공 12123 실패 676 (필터폴백 0)
  스캔 13000개 처리, GICP 성공 12313 실패 686 (필터폴백 0)
  스캔 13200개 처리, GICP 성공 12509 실패 690 (필터폴백 0)
  스캔 13400개 처리, GICP 성공 12706 실패 693 (필터폴백 0)
  스캔 13600개 처리, GICP 성공 12905 실패 694 (필터폴백 0)
  스캔 13800개 처리, GICP 성공 13102 실패 697 (필터폴백 0)
  스캔 14000개 처리, GICP 성공 13288 실패 711 (필터폴백 0)
  스캔 14200개 처리, GICP 성공 13486 실패 713 (필터폴백 0)
  스캔 14400개 처리, GICP 성공 13681 실패 718 (필터폴백 0)
  스캔 14600개 처리, GICP 성공 13878 실패 721 (필터폴백 0)
  스캔 14800개 처리, GICP 성공 14069 실패 730 (필터폴백 0)
  스캔 15000개 처리, GICP 성공 14259 실패 740 (필터폴백 0)
  스캔 15200개 처리, GICP 성공 14458 실패 741 (필터폴백 0)
  스캔 15400개 처리, GICP 성공 14656 실패 743 (필터폴백 0)
  스캔 15600개 처리, GICP 성공 14852 실패 747 (필터폴백 0)
  스캔 15800개 처리, GICP 성공 15029 실패 770 (필터폴백 0)
  스캔 16000개 처리, GICP 성공 15219 실패 780 (필터폴백 0)
  스캔 16200개 처리, GICP 성공 15416 실패 783 (필터폴백 0)
  스캔 16400개 처리, GICP 성공 15615 실패 784 (필터폴백 0)
  스캔 16600개 처리, GICP 성공 15813 실패 786 (필터폴백 0)
  스캔 16800개 처리, GICP 성공 15997 실패 802 (필터폴백 0)
  스캔 17000개 처리, GICP 성공 16197 실패 802 (필터폴백 0)
  스캔 17200개 처리, GICP 성공 16395 실패 804 (필터폴백 0)
  스캔 17400개 처리, GICP 성공 16589 실패 810 (필터폴백 0)
  스캔 17600개 처리, GICP 성공 16769 실패 830 (필터폴백 0)
  스캔 17800개 처리, GICP 성공 16952 실패 847 (필터폴백 0)
  스캔 18000개 처리, GICP 성공 17145 실패 854 (필터폴백 0)
  스캔 18200개 처리, GICP 성공 17341 실패 858 (필터폴백 0)
  스캔 18400개 처리, GICP 성공 17536 실패 863 (필터폴백 0)
  스캔 18600개 처리, GICP 성공 17722 실패 877 (필터폴백 0)
  스캔 18800개 처리, GICP 성공 17915 실패 884 (필터폴백 0)
  스캔 19000개 처리, GICP 성공 18114 실패 885 (필터폴백 0)
  스캔 19200개 처리, GICP 성공 18298 실패 901 (필터폴백 0)
  스캔 19400개 처리, GICP 성공 18472 실패 927 (필터폴백 0)
  스캔 19600개 처리, GICP 성공 18659 실패 940 (필터폴백 0)
  스캔 19800개 처리, GICP 성공 18849 실패 950 (필터폴백 0)
  스캔 20000개 처리, GICP 성공 19047 실패 952 (필터폴백 0)
  스캔 20200개 처리, GICP 성공 19233 실패 966 (필터폴백 0)
  스캔 20400개 처리, GICP 성공 19424 실패 975 (필터폴백 0)
  스캔 20600개 처리, GICP 성공 19620 실패 979 (필터폴백 0)
  스캔 20800개 처리, GICP 성공 19817 실패 982 (필터폴백 0)
  스캔 21000개 처리, GICP 성공 20000 실패 999 (필터폴백 0)
  스캔 21200개 처리, GICP 성공 20179 실패 1020 (필터폴백 0)
  스캔 21400개 처리, GICP 성공 20371 실패 1028 (필터폴백 0)
  스캔 21600개 처리, GICP 성공 20555 실패 1044 (필터폴백 0)
  스캔 21800개 처리, GICP 성공 20754 실패 1045 (필터폴백 0)
  스캔 22000개 처리, GICP 성공 20943 실패 1056 (필터폴백 0)
  스캔 22200개 처리, GICP 성공 21129 실패 1070 (필터폴백 0)
  스캔 22400개 처리, GICP 성공 21320 실패 1079 (필터폴백 0)
  스캔 22600개 처리, GICP 성공 21515 실패 1084 (필터폴백 0)
  스캔 22800개 처리, GICP 성공 21711 실패 1088 (필터폴백 0)
  스캔 23000개 처리, GICP 성공 21907 실패 1092 (필터폴백 0)
  스캔 23200개 처리, GICP 성공 22107 실패 1092 (필터폴백 0)
  스캔 23400개 처리, GICP 성공 22307 실패 1092 (필터폴백 0)
  스캔 23600개 처리, GICP 성공 22505 실패 1094 (필터폴백 0)
  스캔 23800개 처리, GICP 성공 22705 실패 1094 (필터폴백 0)
  스캔 24000개 처리, GICP 성공 22905 실패 1094 (필터폴백 0)
  스캔 24200개 처리, GICP 성공 23105 실패 1094 (필터폴백 0)
  스캔 24400개 처리, GICP 성공 23305 실패 1094 (필터폴백 0)
  스캔 24600개 처리, GICP 성공 23505 실패 1094 (필터폴백 0)
  스캔 24800개 처리, GICP 성공 23705 실패 1094 (필터폴백 0)
  스캔 25000개 처리, GICP 성공 23905 실패 1094 (필터폴백 0)
  스캔 25200개 처리, GICP 성공 24105 실패 1094 (필터폴백 0)
  스캔 25400개 처리, GICP 성공 24305 실패 1094 (필터폴백 0)
  스캔 25600개 처리, GICP 성공 24505 실패 1094 (필터폴백 0)
  스캔 25800개 처리, GICP 성공 24705 실패 1094 (필터폴백 0)
  스캔 26000개 처리, GICP 성공 24905 실패 1094 (필터폴백 0)
  스캔 26200개 처리, GICP 성공 25105 실패 1094 (필터폴백 0)
  스캔 26400개 처리, GICP 성공 25305 실패 1094 (필터폴백 0)
[WARN] [1787310301.175344619] [rosbag2_storage_mcap]: attempted to read in receive timestamp order with no message index
  스캔 26600개 처리, GICP 성공 25505 실패 1094 (필터폴백 0)
  스캔 26800개 처리, GICP 성공 25705 실패 1094 (필터폴백 0)
  스캔 27000개 처리, GICP 성공 25905 실패 1094 (필터폴백 0)
  스캔 27200개 처리, GICP 성공 26105 실패 1094 (필터폴백 0)
  스캔 27400개 처리, GICP 성공 26305 실패 1094 (필터폴백 0)
전처리=combo (gicp_downsample=0.3)
스캔 27598개 (TF 조회 실패로 스킵 29개)
GICP: 성공 26503, 실패(GT로 대체) 1094 (그 중 수렴했지만 이동량 상한 2.0m 초과로 기각 35), 첫 스캔이라 스킵 1
필터링: 스캔당 폴백(점 10개 미만으로 필터 후 원본 사용) 0회, 필터 전 점 338741908개 -> 필터 후 317151006개 (6.4% 감소)
baseline 점 338741908개 -> /tmp/gicp_preproc/baseline_combo.npy
방법B(combo) 점 317151006개 -> /tmp/gicp_preproc/methodb_combo.npy
[2026-08-21 20:14:19] BUILD done: combo (exit 0)
[2026-08-21 20:14:19] SCORE start: methodb_combo
[methodb_combo] wheel FN%=21.44% (GT통과가능 618378개 중 pipeline이 막힘판정 132552개, 미측정 0.3%)
[methodb_combo] leg FN%=16.04% (GT통과가능 618378개 중 pipeline이 막힘판정 99195개, 미측정 0.3%)
[methodb_combo] 저장: /tmp/gicp_preproc/methodb_combo_fn.json
로그: /tmp/trav_fn_methodb_combo   결과: /tmp/gicp_preproc/methodb_combo_fn.json
[2026-08-21 20:28:31] SCORE done: methodb_combo (exit 0)
[2026-08-21 20:28:32] ALL DONE: combo
