[2026-08-16 04:20:43] launch pid=16789 tag=attempt1
[2026-08-16 04:20:47] *** /tf 무응답(1/3) ***
[2026-08-16 04:20:47] 0s progress=N/A bag_size=N/A tf=없음 disk=/dev/vda2        78G   29G   46G  39% /
[2026-08-16 04:21:52] 65s progress=wp 63/5251 bag_size=485M tf=average rate: 49.974 disk=/dev/vda2        78G   29G   45G  40% /
[2026-08-16 04:22:59] 132s progress=wp 230/5251 bag_size=1.2G tf=average rate: 50.075 disk=/dev/vda2        78G   30G   44G  40% /
[2026-08-16 04:24:07] 199s progress=wp 404/5251 bag_size=1.8G tf=average rate: 50.023 disk=/dev/vda2        78G   30G   44G  41% /
[2026-08-16 04:25:14] 267s progress=wp 566/5251 bag_size=2.5G tf=average rate: 49.956 disk=/dev/vda2        78G   31G   43G  42% /
[2026-08-16 04:26:21] *** /tf 무응답(1/3) ***
[2026-08-16 04:26:21] 334s progress=wp 732/5251 bag_size=3.2G tf=없음 disk=/dev/vda2        78G   32G   42G  43% /
[2026-08-16 04:27:29] 402s progress=wp 873/5251 bag_size=3.8G tf=average rate: 49.981 disk=/dev/vda2        78G   32G   42G  44% /
[2026-08-16 04:28:36] 469s progress=wp 1040/5251 bag_size=4.5G tf=average rate: 50.005 disk=/dev/vda2        78G   33G   41G  45% /
[2026-08-16 04:29:43] 536s progress=wp 1212/5251 bag_size=5.1G tf=average rate: 50.003 disk=/dev/vda2        78G   34G   41G  46% /
[2026-08-16 04:30:51] 603s progress=wp 1381/5251 bag_size=5.8G tf=average rate: 49.727 disk=/dev/vda2        78G   34G   40G  47% /
[2026-08-16 04:31:58] 671s progress=wp 1533/5251 bag_size=6.5G tf=average rate: 50.009 disk=/dev/vda2        78G   35G   39G  48% /
[2026-08-16 04:33:05] 738s progress=wp 1682/5251 bag_size=7.1G tf=average rate: 50.035 disk=/dev/vda2        78G   36G   39G  49% /
[2026-08-16 04:34:13] 805s progress=wp 1836/5251 bag_size=7.8G tf=average rate: 49.964 disk=/dev/vda2        78G   36G   38G  49% /
[2026-08-16 04:35:20] 873s progress=wp 2006/5251 bag_size=8.4G tf=average rate: 34.482 disk=/dev/vda2        78G   37G   37G  50% /
[2026-08-16 04:36:27] 940s progress=wp 2160/5251 bag_size=9.1G tf=average rate: 49.995 disk=/dev/vda2        78G   38G   37G  51% /
[2026-08-16 04:37:35] 1007s progress=wp 2311/5251 bag_size=9.8G tf=average rate: 49.161 disk=/dev/vda2        78G   38G   36G  52% /
[2026-08-16 04:38:42] 1075s progress=wp 2460/5251 bag_size=11G tf=average rate: 49.994 disk=/dev/vda2        78G   39G   35G  53% /
[2026-08-16 04:39:49] 1142s progress=wp 2626/5251 bag_size=12G tf=average rate: 50.015 disk=/dev/vda2        78G   40G   35G  54% /
[2026-08-16 04:40:57] 1209s progress=wp 2794/5251 bag_size=12G tf=average rate: 49.986 disk=/dev/vda2        78G   40G   34G  55% /
[2026-08-16 04:42:04] *** /tf 무응답(1/3) ***
[2026-08-16 04:42:04] 1277s progress=wp 2917/5251 bag_size=13G tf=없음 disk=/dev/vda2        78G   41G   33G  56% /
[2026-08-16 04:43:11] 1344s progress=wp 3079/5251 bag_size=13G tf=average rate: 49.990 disk=/dev/vda2        78G   42G   33G  57% /
[2026-08-16 04:44:19] *** /tf 무응답(1/3) ***
[2026-08-16 04:44:19] 1411s progress=wp 3232/5251 bag_size=14G tf=없음 disk=/dev/vda2        78G   42G   32G  58% /
[2026-08-16 04:45:26] 1479s progress=wp 3374/5251 bag_size=15G tf=average rate: 49.988 disk=/dev/vda2        78G   43G   31G  58% /
[2026-08-16 04:46:33] 1546s progress=wp 3539/5251 bag_size=15G tf=average rate: 50.063 disk=/dev/vda2        78G   44G   31G  59% /
[2026-08-16 04:47:40] 1613s progress=wp 3658/5251 bag_size=16G tf=average rate: 50.001 disk=/dev/vda2        78G   44G   30G  60% /
[2026-08-16 04:48:53] 1686s progress=wp 3838/5251 bag_size=17G tf=average rate: 50.021 disk=/dev/vda2        78G   45G   29G  61% /
[2026-08-16 04:50:00] 1753s progress=wp 3991/5251 bag_size=18G tf=average rate: 50.005 disk=/dev/vda2        78G   46G   29G  62% /
[2026-08-16 04:51:07] 1820s progress=wp 4126/5251 bag_size=18G tf=average rate: 49.992 disk=/dev/vda2        78G   46G   28G  63% /
[2026-08-16 04:52:15] 1888s progress=wp 4266/5251 bag_size=19G tf=average rate: 50.058 disk=/dev/vda2        78G   47G   27G  64% /
[2026-08-16 04:53:22] 1955s progress=wp 4444/5251 bag_size=19G tf=average rate: 49.727 disk=/dev/vda2        78G   48G   27G  65% /
[2026-08-16 04:54:29] 2022s progress=wp 4594/5251 bag_size=20G tf=average rate: 33.208 disk=/dev/vda2        78G   48G   26G  66% /
[2026-08-16 04:55:37] 2090s progress=wp 4759/5251 bag_size=21G tf=average rate: 49.978 disk=/dev/vda2        78G   49G   25G  67% /
[2026-08-16 04:56:44] 2157s progress=wp 4859/5251 bag_size=21G tf=average rate: 50.009 disk=/dev/vda2        78G   50G   25G  68% /
[2026-08-16 04:56:45] path_status=true — 완주
[2026-08-16 04:56:45] SHUTDOWN 시작 — 사유: 정상 완주
[2026-08-16 04:57:15] SIGINT로 안 죽어서 SIGTERM 에스컬레이션
[2026-08-16 04:57:30] 잔여 프로세스 확인: 없음
