[2026-08-21 12:52:34] launch pid=14436 tag=preproc_src
[2026-08-21 12:52:39] *** /tf 무응답(1/3) ***
[2026-08-21 12:52:39] 0s progress=N/A bag_size=N/A tf=없음 disk=/dev/vda2        78G   31G   43G  42% /
[2026-08-21 12:53:44] 66s progress=wp 63/5251 bag_size=512M tf=average rate: 49.323 disk=/dev/vda2        78G   31G   43G  42% /
[2026-08-21 12:54:52] 133s progress=wp 218/5251 bag_size=1.2G tf=average rate: 50.023 disk=/dev/vda2        78G   32G   42G  43% /
[2026-08-21 12:55:59] *** /tf 무응답(1/3) ***
[2026-08-21 12:55:59] 201s progress=wp 401/5251 bag_size=1.8G tf=없음 disk=/dev/vda2        78G   32G   42G  44% /
[2026-08-21 12:57:06] 268s progress=wp 552/5251 bag_size=2.5G tf=average rate: 48.781 disk=/dev/vda2        78G   33G   41G  45% /
[2026-08-21 12:58:14] 336s progress=wp 717/5251 bag_size=3.1G tf=average rate: 50.034 disk=/dev/vda2        78G   34G   40G  46% /
[2026-08-21 12:59:21] 403s progress=wp 859/5251 bag_size=3.8G tf=average rate: 49.573 disk=/dev/vda2        78G   34G   40G  47% /
[2026-08-21 13:00:28] *** /tf 무응답(1/3) ***
[2026-08-21 13:00:28] 470s progress=wp 1028/5251 bag_size=4.4G tf=없음 disk=/dev/vda2        78G   35G   39G  48% /
[2026-08-21 13:01:36] 538s progress=wp 1203/5251 bag_size=5.1G tf=average rate: 50.014 disk=/dev/vda2        78G   36G   38G  49% /
[2026-08-21 13:02:43] *** /tf 무응답(1/3) ***
[2026-08-21 13:02:43] 605s progress=wp 1353/5251 bag_size=5.8G tf=없음 disk=/dev/vda2        78G   36G   38G  50% /
[2026-08-21 13:03:50] 672s progress=wp 1518/5251 bag_size=6.4G tf=average rate: 28.542 disk=/dev/vda2        78G   37G   37G  50% /
[2026-08-21 13:04:58] 740s progress=wp 1655/5251 bag_size=7.1G tf=average rate: 50.008 disk=/dev/vda2        78G   38G   36G  51% /
[2026-08-21 13:06:05] 807s progress=wp 1820/5251 bag_size=7.7G tf=average rate: 49.964 disk=/dev/vda2        78G   38G   36G  52% /
[2026-08-21 13:07:13] 874s progress=wp 1992/5251 bag_size=8.4G tf=average rate: 50.129 disk=/dev/vda2        78G   39G   35G  53% /
[2026-08-21 13:08:20] 942s progress=wp 2131/5251 bag_size=9.0G tf=average rate: 49.650 disk=/dev/vda2        78G   40G   35G  54% /
[2026-08-21 13:09:27] 1009s progress=wp 2282/5251 bag_size=9.7G tf=average rate: 49.995 disk=/dev/vda2        78G   40G   34G  55% /
[2026-08-21 13:10:35] 1076s progress=wp 2434/5251 bag_size=11G tf=average rate: 49.937 disk=/dev/vda2        78G   41G   33G  56% /
[2026-08-21 13:11:42] 1144s progress=wp 2611/5251 bag_size=11G tf=average rate: 49.134 disk=/dev/vda2        78G   42G   33G  57% /
[2026-08-21 13:12:49] *** /tf 무응답(1/3) ***
[2026-08-21 13:12:49] 1211s progress=wp 2762/5251 bag_size=12G tf=없음 disk=/dev/vda2        78G   42G   32G  58% /
[2026-08-21 13:13:57] 1278s progress=wp 2896/5251 bag_size=13G tf=average rate: 49.920 disk=/dev/vda2        78G   43G   31G  59% /
[2026-08-21 13:15:04] *** /tf 무응답(1/3) ***
[2026-08-21 13:15:04] 1346s progress=wp 3040/5251 bag_size=13G tf=없음 disk=/dev/vda2        78G   44G   31G  59% /
[2026-08-21 13:16:12] 1413s progress=wp 3208/5251 bag_size=14G tf=average rate: 50.109 disk=/dev/vda2        78G   44G   30G  60% /
[2026-08-21 13:17:19] *** /tf 무응답(1/3) ***
[2026-08-21 13:17:19] 1481s progress=wp 3345/5251 bag_size=15G tf=없음 disk=/dev/vda2        78G   45G   29G  61% /
[2026-08-21 13:18:26] 1548s progress=wp 3496/5251 bag_size=15G tf=average rate: 49.924 disk=/dev/vda2        78G   46G   29G  62% /
[2026-08-21 13:19:34] 1615s progress=wp 3636/5251 bag_size=16G tf=average rate: 50.048 disk=/dev/vda2        78G   46G   28G  63% /
[2026-08-21 13:20:41] 1683s progress=wp 3790/5251 bag_size=17G tf=average rate: 49.983 disk=/dev/vda2        78G   47G   27G  64% /
[2026-08-21 13:21:48] 1750s progress=wp 3941/5251 bag_size=17G tf=average rate: 49.997 disk=/dev/vda2        78G   48G   27G  65% /
[2026-08-21 13:22:56] *** /tf 무응답(1/3) ***
[2026-08-21 13:22:56] 1817s progress=wp 4081/5251 bag_size=18G tf=없음 disk=/dev/vda2        78G   48G   26G  66% /
[2026-08-21 13:24:03] 1885s progress=wp 4242/5251 bag_size=19G tf=average rate: 50.030 disk=/dev/vda2        78G   49G   25G  67% /
[2026-08-21 13:25:10] *** /tf 무응답(1/3) ***
[2026-08-21 13:25:10] 1952s progress=wp 4393/5251 bag_size=19G tf=없음 disk=/dev/vda2        78G   50G   25G  67% /
[2026-08-21 13:26:18] 2020s progress=wp 4536/5251 bag_size=20G tf=average rate: 27.561 disk=/dev/vda2        78G   50G   24G  68% /
[2026-08-21 13:27:25] *** /tf 무응답(1/3) ***
[2026-08-21 13:27:25] 2087s progress=wp 4687/5251 bag_size=21G tf=없음 disk=/dev/vda2        78G   51G   23G  69% /
[2026-08-21 13:28:32] 2154s progress=wp 4852/5251 bag_size=21G tf=average rate: 49.997 disk=/dev/vda2        78G   51G   23G  70% /
[2026-08-21 13:29:40] 2222s progress=wp 4981/5251 bag_size=22G tf=average rate: 49.977 disk=/dev/vda2        78G   52G   22G  71% /
[2026-08-21 13:30:47] 2289s progress=wp 5132/5251 bag_size=23G tf=average rate: 50.007 disk=/dev/vda2        78G   53G   21G  72% /
[2026-08-21 13:31:54] 2356s progress=wp 5239/5251 bag_size=23G tf=average rate: 49.947 disk=/dev/vda2        78G   53G   21G  73% /
[2026-08-21 13:33:02] 2424s progress=wp 5239/5251 bag_size=24G tf=average rate: 49.935 disk=/dev/vda2        78G   54G   20G  74% /
[2026-08-21 13:34:09] 2491s progress=wp 5239/5251 bag_size=25G tf=average rate: 49.971 disk=/dev/vda2        78G   55G   19G  75% /
[2026-08-21 13:35:17] 2558s progress=wp 5239/5251 bag_size=25G tf=average rate: 49.984 disk=/dev/vda2        78G   55G   19G  76% /
[2026-08-21 13:36:24] 2626s progress=wp 5239/5251 bag_size=26G tf=average rate: 33.319 disk=/dev/vda2        78G   56G   18G  76% /
[2026-08-21 13:37:31] 2693s progress=wp 5239/5251 bag_size=27G tf=average rate: 49.967 disk=/dev/vda2        78G   57G   17G  77% /
[2026-08-21 13:37:31] *** 진행률이 5분 연속 정지(wp 5239/5251) — STALLED ***
[2026-08-21 13:37:31] SHUTDOWN 시작 — 사유: 진행률 정지(5분)
[2026-08-21 13:39:11] SIGINT로 100초 내 안 죽어서 SIGTERM 에스컬레이션
[2026-08-21 13:39:27] 잔여 프로세스 확인: 없음
[2026-08-21 13:39:27] *** metadata.yaml 없음 — bag 녹화가 완료 직전에 끊긴 것으로 보임. ros2 bag reindex로 자동 복구 시도 ***
[INFO] [1787287167.373185957] [rosbag2_cpp]: Beginning reindexing bag in directory: "bags/velocity_4m_5mps_preproc_src"
[WARN] [1787287168.612763140] [rosbag2_storage_mcap]: attempted to read in receive timestamp order with no message index
[WARN] [1787287168.613459847] [rosbag2_cpp]: Could not set read order on open(), falling back to file order
[INFO] [1787287168.618361793] [rosbag2_cpp]: Reindexing complete.
[2026-08-21 13:39:28] reindex 성공 — metadata.yaml 복구됨
