[2026-08-17 02:55:42] launch pid=17157 tag=gps_attempt1
[2026-08-17 02:55:46] *** /tf 무응답(1/3) ***
[2026-08-17 02:55:46] 0s progress=N/A bag_size=N/A tf=없음 disk=/dev/vda2        78G   51G   23G  69% /
[2026-08-17 02:56:52] 65s progress=wp 63/5251 bag_size=514M tf=average rate: 49.757 disk=/dev/vda2        78G   51G   23G  70% /
[2026-08-17 02:57:59] 133s progress=wp 218/5251 bag_size=1.2G tf=average rate: 53.913 disk=/dev/vda2        78G   52G   22G  71% /
[2026-08-17 02:59:06] 200s progress=wp 404/5251 bag_size=1.9G tf=average rate: 49.400 disk=/dev/vda2        78G   53G   22G  72% /
[2026-08-17 03:00:14] 268s progress=wp 566/5251 bag_size=2.5G tf=average rate: 50.003 disk=/dev/vda2        78G   53G   21G  72% /
[2026-08-17 03:01:21] *** /tf 무응답(1/3) ***
[2026-08-17 03:01:21] 335s progress=wp 732/5251 bag_size=3.2G tf=없음 disk=/dev/vda2        78G   54G   20G  73% /
[2026-08-17 03:02:29] 402s progress=wp 873/5251 bag_size=3.8G tf=average rate: 50.071 disk=/dev/vda2        78G   54G   20G  74% /
[2026-08-17 03:03:36] 470s progress=wp 1027/5251 bag_size=4.5G tf=average rate: 50.011 disk=/dev/vda2        78G   55G   19G  75% /
[2026-08-17 03:04:43] 537s progress=wp 1212/5251 bag_size=5.2G tf=average rate: 49.985 disk=/dev/vda2        78G   56G   18G  76% /
[2026-08-17 03:05:51] 604s progress=wp 1367/5251 bag_size=5.8G tf=average rate: 49.901 disk=/dev/vda2        78G   56G   18G  77% /
[2026-08-17 03:06:58] 672s progress=wp 1533/5251 bag_size=6.5G tf=average rate: 50.026 disk=/dev/vda2        78G   57G   17G  78% /
[2026-08-17 03:08:05] 739s progress=wp 1668/5251 bag_size=7.1G tf=average rate: 50.108 disk=/dev/vda2        78G   58G   16G  79% /
[2026-08-17 03:09:13] 806s progress=wp 1836/5251 bag_size=7.8G tf=average rate: 49.713 disk=/dev/vda2        78G   58G   16G  80% /
[2026-08-17 03:09:13] *** 디스크 사용량 80% >= 80% — 즉시 중단 ***
[2026-08-17 03:09:13] SHUTDOWN 시작 — 사유: 디스크 사용량 80% 임계치 초과
[2026-08-17 03:10:53] SIGINT로 100초 내 안 죽어서 SIGTERM 에스컬레이션
[2026-08-17 03:11:08] 잔여 프로세스 확인: 없음
