[2026-08-17 18:16:18.823] [glim] [info] config_path: /home/hyunwoo-chae/AG-CoNav-test_main/glim_config
[2026-08-17 18:16:18.824] [glim] [info] load libodometry_estimation_ct.so
[2026-08-17 18:16:18.824] [glim] [info] load libsub_mapping_passthrough.so
[2026-08-17 18:16:18.825] [glim] [info] load libglobal_mapping_pose_graph.so
[2026-08-17 18:16:18.825] [glim] [info] load libmemory_monitor.so
[2026-08-17 18:16:18.825] [glim] [info] load librviz_viewer.so
[WARN] [1786958183.902491592] [transform_listener_impl_ac7f152101d0]: New publisher discovered on topic '/tf_static', offering incompatible QoS. No messages will be sent to it. Last incompatible policy: DURABILITY_QOS_POLICY
[2026-08-17 18:16:24.494] [rviz] [info] auto-detected IMU frame ID: drone/base_link
[2026-08-17 18:16:24.494] [rviz] [info] auto-detected LiDAR frame ID: drone/os1_lidar
[2026-08-17 18:16:24.494] [rviz] [info] base_frame_id is not set. using IMU frame ID 'drone/base_link' as base frame ID.
[2026-08-17 18:16:25.033] [glim] [warning] large time gap between consecutive LiDAR frames!!
[2026-08-17 18:16:25.033] [glim] [warning] current=9.700000 last=9.100000 diff=0.600000
[2026-08-17 18:16:26.661] [glim] [warning] large time gap between consecutive LiDAR frames!!
[2026-08-17 18:16:26.661] [glim] [warning] current=11.300000 last=10.600000 diff=0.700000
[2026-08-17 18:16:28.454] [glim] [warning] large time gap between consecutive LiDAR frames!!
[2026-08-17 18:16:28.454] [glim] [warning] current=13.100000 last=12.200000 diff=0.900000
[2026-08-17 18:16:28.616] [odom] [warning] neither frames[last]=0xeeef58146ac0 nor frames[last - 1]=0x0 is released!!
[2026-08-17 18:16:28.616] [odom] [warning] there might be a large time gap between point cloud frames
[2026-08-17 18:16:29.863] [glim] [warning] large time gap between consecutive LiDAR frames!!
[2026-08-17 18:16:29.863] [glim] [warning] current=14.500000 last=13.900000 diff=0.600000
[2026-08-17 18:16:33.341] [glim] [warning] large time gap between consecutive LiDAR frames!!
[2026-08-17 18:16:33.341] [glim] [warning] current=17.900000 last=17.300000 diff=0.600000
[2026-08-17 18:16:35.886] [glim] [warning] large time gap between consecutive LiDAR frames!!
[2026-08-17 18:16:35.886] [glim] [warning] current=20.500000 last=19.700000 diff=0.800000
[2026-08-17 18:16:37.198] [glim] [warning] large time gap between consecutive LiDAR frames!!
[2026-08-17 18:16:37.198] [glim] [warning] current=21.800000 last=21.000000 diff=0.800000
[2026-08-17 18:16:39.265] [glim] [warning] large time difference between points and imu!!
[2026-08-17 18:16:39.265] [glim] [warning] points=22.900000 imu=23.910000 diff=1.010000
[2026-08-17 18:16:39.275] [glim] [warning] large time difference between points and imu!!
[2026-08-17 18:16:39.275] [glim] [warning] points=22.900000 imu=23.920000 diff=1.020000
[2026-08-17 18:16:39.284] [glim] [warning] large time difference between points and imu!!
[2026-08-17 18:16:39.284] [glim] [warning] points=22.900000 imu=23.930000 diff=1.030000
[2026-08-17 18:16:39.294] [glim] [warning] large time difference between points and imu!!
[2026-08-17 18:16:39.294] [glim] [warning] points=22.900000 imu=23.940000 diff=1.040000
[2026-08-17 18:16:39.305] [glim] [warning] large time difference between points and imu!!
[2026-08-17 18:16:39.305] [glim] [warning] points=22.900000 imu=23.950000 diff=1.050000
[2026-08-17 18:16:39.318] [glim] [warning] large time difference between points and imu!!
[2026-08-17 18:16:39.318] [glim] [warning] points=22.900000 imu=23.960000 diff=1.060000
[2026-08-17 18:16:39.325] [glim] [warning] large time difference between points and imu!!
[2026-08-17 18:16:39.325] [glim] [warning] points=22.900000 imu=23.970000 diff=1.070000
[2026-08-17 18:16:39.334] [glim] [warning] large time difference between points and imu!!
[2026-08-17 18:16:39.334] [glim] [warning] points=22.900000 imu=23.980000 diff=1.080000
[2026-08-17 18:16:39.344] [glim] [warning] large time difference between points and imu!!
[2026-08-17 18:16:39.344] [glim] [warning] points=22.900000 imu=23.990000 diff=1.090000
[2026-08-17 18:16:39.354] [glim] [warning] large time difference between points and imu!!
[2026-08-17 18:16:39.355] [glim] [warning] points=22.900000 imu=24.000000 diff=1.100000
[2026-08-17 18:16:39.366] [glim] [warning] large time difference between points and imu!!
[2026-08-17 18:16:39.366] [glim] [warning] points=22.900000 imu=24.010000 diff=1.110000
[2026-08-17 18:16:39.376] [glim] [warning] large time gap between consecutive LiDAR frames!!
[2026-08-17 18:16:39.376] [glim] [warning] current=24.000000 last=22.900000 diff=1.100000
[2026-08-17 18:16:39.750] [odom] [warning] neither frames[last]=0xeeef5886f490 nor frames[last - 1]=0x0 is released!!
[2026-08-17 18:16:39.750] [odom] [warning] there might be a large time gap between point cloud frames
[2026-08-17 18:16:44.482] [glim] [warning] large time gap between consecutive LiDAR frames!!
[2026-08-17 18:16:44.482] [glim] [warning] current=29.100000 last=28.400000 diff=0.700000
[2026-08-17 18:16:46.482] [glim] [warning] large time gap between consecutive LiDAR frames!!
[2026-08-17 18:16:46.482] [glim] [warning] current=31.100000 last=30.400000 diff=0.700000
[2026-08-17 18:16:49.484] [glim] [warning] large time gap between consecutive LiDAR frames!!
[2026-08-17 18:16:49.484] [glim] [warning] current=34.100000 last=33.400000 diff=0.700000
[2026-08-17 18:16:52.687] [glim] [warning] large time gap between consecutive LiDAR frames!!
[2026-08-17 18:16:52.687] [glim] [warning] current=37.300000 last=36.400000 diff=0.900000
[2026-08-17 18:16:56.589] [glim] [warning] large time gap between consecutive LiDAR frames!!
[2026-08-17 18:16:56.589] [glim] [warning] current=41.200000 last=40.400000 diff=0.800000
[2026-08-17 18:16:57.480] [glim] [warning] large time gap between consecutive LiDAR frames!!
[2026-08-17 18:16:57.480] [glim] [warning] current=42.100000 last=41.500000 diff=0.600000
[INFO] [1786958224.301689031] [rclcpp]: signal_handler(SIGINT/SIGTERM)
[2026-08-17 18:17:04.303] [glim] [info] waiting for odometry estimation
[2026-08-17 18:17:04.340] [glim] [info] waiting for local mapping
[2026-08-17 18:17:04.344] [glim] [info] waiting for global mapping
[2026-08-17 18:17:04.406] [global] [info] saving to /tmp/dump...
[2026-08-17 18:17:04.407] [global] [info] serializing factor graph to /tmp/dump/graph.bin
[2026-08-17 18:17:04.422] [global] [info] saved
