[2026-08-17 18:19:44.012] [glim] [info] config_path: /home/hyunwoo-chae/AG-CoNav-test_main/glim_config_cv1e2
[2026-08-17 18:19:44.012] [glim] [info] load libodometry_estimation_ct.so
[2026-08-17 18:19:44.013] [glim] [info] load libsub_mapping_passthrough.so
[2026-08-17 18:19:44.014] [glim] [info] load libglobal_mapping_pose_graph.so
[2026-08-17 18:19:44.015] [glim] [info] load libmemory_monitor.so
[2026-08-17 18:19:44.015] [glim] [info] load librviz_viewer.so
[WARN] [1786958389.102828026] [transform_listener_impl_bad0eaff9150]: New publisher discovered on topic '/tf_static', offering incompatible QoS. No messages will be sent to it. Last incompatible policy: DURABILITY_QOS_POLICY
[2026-08-17 18:19:49.687] [rviz] [info] auto-detected IMU frame ID: drone/base_link
[2026-08-17 18:19:49.687] [rviz] [info] auto-detected LiDAR frame ID: drone/os1_lidar
[2026-08-17 18:19:49.687] [rviz] [info] base_frame_id is not set. using IMU frame ID 'drone/base_link' as base frame ID.
[2026-08-17 18:19:55.848] [glim] [warning] large time difference between points and imu!!
[2026-08-17 18:19:55.848] [glim] [warning] points=14.300000 imu=15.310000 diff=1.010000
[2026-08-17 18:19:55.860] [glim] [warning] large time difference between points and imu!!
[2026-08-17 18:19:55.860] [glim] [warning] points=14.300000 imu=15.320000 diff=1.020000
[2026-08-17 18:19:55.861] [glim] [warning] large time gap between consecutive LiDAR frames!!
[2026-08-17 18:19:55.861] [glim] [warning] current=15.300000 last=14.300000 diff=1.000000
[2026-08-17 18:19:56.330] [odom] [warning] neither frames[last]=0xeb6c240cb740 nor frames[last - 1]=0x0 is released!!
[2026-08-17 18:19:56.330] [odom] [warning] there might be a large time gap between point cloud frames
[2026-08-17 18:19:58.542] [glim] [warning] large time gap between consecutive LiDAR frames!!
[2026-08-17 18:19:58.542] [glim] [warning] current=17.900000 last=17.000000 diff=0.900000
[2026-08-17 18:20:00.468] [glim] [warning] large time difference between points and imu!!
[2026-08-17 18:20:00.468] [glim] [warning] points=18.900000 imu=19.910000 diff=1.010000
[2026-08-17 18:20:00.476] [glim] [warning] large time difference between points and imu!!
[2026-08-17 18:20:00.476] [glim] [warning] points=18.900000 imu=19.920000 diff=1.020000
[2026-08-17 18:20:00.486] [glim] [warning] large time difference between points and imu!!
[2026-08-17 18:20:00.486] [glim] [warning] points=18.900000 imu=19.930000 diff=1.030000
[2026-08-17 18:20:00.496] [glim] [warning] large time difference between points and imu!!
[2026-08-17 18:20:00.496] [glim] [warning] points=18.900000 imu=19.940000 diff=1.040000
[2026-08-17 18:20:00.508] [glim] [warning] large time difference between points and imu!!
[2026-08-17 18:20:00.508] [glim] [warning] points=18.900000 imu=19.950000 diff=1.050000
[2026-08-17 18:20:00.516] [glim] [warning] large time difference between points and imu!!
[2026-08-17 18:20:00.516] [glim] [warning] points=18.900000 imu=19.960000 diff=1.060000
[2026-08-17 18:20:00.526] [glim] [warning] large time difference between points and imu!!
[2026-08-17 18:20:00.526] [glim] [warning] points=18.900000 imu=19.970000 diff=1.070000
[2026-08-17 18:20:00.536] [glim] [warning] large time difference between points and imu!!
[2026-08-17 18:20:00.536] [glim] [warning] points=18.900000 imu=19.980000 diff=1.080000
[2026-08-17 18:20:00.546] [glim] [warning] large time difference between points and imu!!
[2026-08-17 18:20:00.546] [glim] [warning] points=18.900000 imu=19.990000 diff=1.090000
[2026-08-17 18:20:00.556] [glim] [warning] large time difference between points and imu!!
[2026-08-17 18:20:00.556] [glim] [warning] points=18.900000 imu=20.000000 diff=1.100000
[2026-08-17 18:20:00.566] [glim] [warning] large time difference between points and imu!!
[2026-08-17 18:20:00.566] [glim] [warning] points=18.900000 imu=20.010000 diff=1.110000
[2026-08-17 18:20:00.579] [glim] [warning] large time difference between points and imu!!
[2026-08-17 18:20:00.579] [glim] [warning] points=18.900000 imu=20.020000 diff=1.120000
[2026-08-17 18:20:00.586] [glim] [warning] large time difference between points and imu!!
[2026-08-17 18:20:00.586] [glim] [warning] points=18.900000 imu=20.030000 diff=1.130000
[2026-08-17 18:20:00.596] [glim] [warning] large time difference between points and imu!!
[2026-08-17 18:20:00.596] [glim] [warning] points=18.900000 imu=20.040000 diff=1.140000
[2026-08-17 18:20:00.606] [glim] [warning] large time difference between points and imu!!
[2026-08-17 18:20:00.606] [glim] [warning] points=18.900000 imu=20.050000 diff=1.150000
[2026-08-17 18:20:00.618] [glim] [warning] large time difference between points and imu!!
[2026-08-17 18:20:00.618] [glim] [warning] points=18.900000 imu=20.060000 diff=1.160000
[2026-08-17 18:20:00.627] [glim] [warning] large time difference between points and imu!!
[2026-08-17 18:20:00.627] [glim] [warning] points=18.900000 imu=20.070000 diff=1.170000
[2026-08-17 18:20:00.636] [glim] [warning] large time difference between points and imu!!
[2026-08-17 18:20:00.636] [glim] [warning] points=18.900000 imu=20.080000 diff=1.180000
[2026-08-17 18:20:00.646] [glim] [warning] large time difference between points and imu!!
[2026-08-17 18:20:00.646] [glim] [warning] points=18.900000 imu=20.090000 diff=1.190000
[2026-08-17 18:20:00.656] [glim] [warning] large time difference between points and imu!!
[2026-08-17 18:20:00.656] [glim] [warning] points=18.900000 imu=20.100000 diff=1.200000
[2026-08-17 18:20:00.668] [glim] [warning] large time difference between points and imu!!
[2026-08-17 18:20:00.668] [glim] [warning] points=18.900000 imu=20.110000 diff=1.210000
[2026-08-17 18:20:00.677] [glim] [warning] large time difference between points and imu!!
[2026-08-17 18:20:00.677] [glim] [warning] points=18.900000 imu=20.120000 diff=1.220000
[2026-08-17 18:20:00.686] [glim] [warning] large time difference between points and imu!!
[2026-08-17 18:20:00.686] [glim] [warning] points=18.900000 imu=20.130000 diff=1.230000
[2026-08-17 18:20:00.688] [glim] [warning] large time gap between consecutive LiDAR frames!!
[2026-08-17 18:20:00.688] [glim] [warning] current=20.100000 last=18.900000 diff=1.200000
[2026-08-17 18:20:00.847] [odom] [warning] neither frames[last]=0xeb6c24406b60 nor frames[last - 1]=0x0 is released!!
[2026-08-17 18:20:00.847] [odom] [warning] there might be a large time gap between point cloud frames
[2026-08-17 18:20:05.388] [glim] [warning] large time gap between consecutive LiDAR frames!!
[2026-08-17 18:20:05.388] [glim] [warning] current=24.800000 last=24.200000 diff=0.600000
[2026-08-17 18:20:08.984] [glim] [warning] large time gap between consecutive LiDAR frames!!
[2026-08-17 18:20:08.984] [glim] [warning] current=28.400000 last=27.600000 diff=0.800000
[2026-08-17 18:20:16.188] [glim] [warning] large time gap between consecutive LiDAR frames!!
[2026-08-17 18:20:16.188] [glim] [warning] current=35.600000 last=35.000000 diff=0.600000
[2026-08-17 18:20:19.991] [glim] [warning] large time gap between consecutive LiDAR frames!!
[2026-08-17 18:20:19.991] [glim] [warning] current=39.400000 last=38.800000 diff=0.600000
[2026-08-17 18:20:22.289] [glim] [warning] large time gap between consecutive LiDAR frames!!
[2026-08-17 18:20:22.290] [glim] [warning] current=41.700000 last=41.000000 diff=0.700000
[2026-08-17 18:20:23.771] [glim] [warning] large time difference between points and imu!!
[2026-08-17 18:20:23.771] [glim] [warning] points=42.200000 imu=43.210000 diff=1.010000
[2026-08-17 18:20:23.778] [glim] [warning] large time difference between points and imu!!
[2026-08-17 18:20:23.779] [glim] [warning] points=42.200000 imu=43.220000 diff=1.020000
[2026-08-17 18:20:23.788] [glim] [warning] large time difference between points and imu!!
[2026-08-17 18:20:23.788] [glim] [warning] points=42.200000 imu=43.230000 diff=1.030000
[2026-08-17 18:20:23.793] [glim] [warning] large time gap between consecutive LiDAR frames!!
[2026-08-17 18:20:23.793] [glim] [warning] current=43.200000 last=42.200000 diff=1.000000
[2026-08-17 18:20:23.960] [odom] [warning] neither frames[last]=0xeb6c26b67730 nor frames[last - 1]=0x0 is released!!
[2026-08-17 18:20:23.960] [odom] [warning] there might be a large time gap between point cloud frames
[2026-08-17 18:20:27.591] [glim] [warning] large time gap between consecutive LiDAR frames!!
[2026-08-17 18:20:27.591] [glim] [warning] current=47.000000 last=46.300000 diff=0.700000
[INFO] [1786958429.480216853] [rclcpp]: signal_handler(SIGINT/SIGTERM)
[2026-08-17 18:20:29.482] [glim] [info] waiting for odometry estimation
[2026-08-17 18:20:29.522] [glim] [info] waiting for local mapping
[2026-08-17 18:20:29.525] [glim] [info] waiting for global mapping
[2026-08-17 18:20:29.615] [global] [info] saving to /tmp/dump...
[2026-08-17 18:20:29.616] [global] [info] serializing factor graph to /tmp/dump/graph.bin
[2026-08-17 18:20:29.652] [global] [info] saved
