[2026-08-17 18:17:15.484] [glim] [info] config_path: /home/hyunwoo-chae/AG-CoNav-test_main/glim_config_cv1e-1
[2026-08-17 18:17:15.484] [glim] [info] load libodometry_estimation_ct.so
[2026-08-17 18:17:15.485] [glim] [info] load libsub_mapping_passthrough.so
[2026-08-17 18:17:15.485] [glim] [info] load libglobal_mapping_pose_graph.so
[2026-08-17 18:17:15.486] [glim] [info] load libmemory_monitor.so
[2026-08-17 18:17:15.486] [glim] [info] load librviz_viewer.so
[WARN] [1786958240.566440003] [transform_listener_impl_b85d69cad270]: New publisher discovered on topic '/tf_static', offering incompatible QoS. No messages will be sent to it. Last incompatible policy: DURABILITY_QOS_POLICY
[2026-08-17 18:17:20.852] [rviz] [info] auto-detected IMU frame ID: drone/base_link
[2026-08-17 18:17:20.852] [rviz] [info] auto-detected LiDAR frame ID: drone/os1_lidar
[2026-08-17 18:17:20.852] [rviz] [info] base_frame_id is not set. using IMU frame ID 'drone/base_link' as base frame ID.
[2026-08-17 18:17:29.622] [glim] [warning] large time gap between consecutive LiDAR frames!!
[2026-08-17 18:17:29.622] [glim] [warning] current=17.700000 last=16.900000 diff=0.800000
[2026-08-17 18:17:32.139] [glim] [warning] large time gap between consecutive LiDAR frames!!
[2026-08-17 18:17:32.139] [glim] [warning] current=20.200000 last=19.600000 diff=0.600000
[2026-08-17 18:17:33.239] [glim] [warning] large time gap between consecutive LiDAR frames!!
[2026-08-17 18:17:33.239] [glim] [warning] current=21.300000 last=20.700000 diff=0.600000
[2026-08-17 18:17:37.343] [glim] [warning] large time gap between consecutive LiDAR frames!!
[2026-08-17 18:17:37.343] [glim] [warning] current=25.400000 last=24.800000 diff=0.600000
[2026-08-17 18:17:38.244] [glim] [warning] large time gap between consecutive LiDAR frames!!
[2026-08-17 18:17:38.244] [glim] [warning] current=26.300000 last=25.500000 diff=0.800000
[2026-08-17 18:17:40.243] [glim] [warning] large time gap between consecutive LiDAR frames!!
[2026-08-17 18:17:40.243] [glim] [warning] current=28.300000 last=27.500000 diff=0.800000
[2026-08-17 18:17:42.146] [glim] [warning] large time gap between consecutive LiDAR frames!!
[2026-08-17 18:17:42.146] [glim] [warning] current=30.200000 last=29.400000 diff=0.800000
[2026-08-17 18:17:44.145] [glim] [warning] large time gap between consecutive LiDAR frames!!
[2026-08-17 18:17:44.145] [glim] [warning] current=32.200000 last=31.300000 diff=0.900000
[2026-08-17 18:17:44.416] [odom] [warning] neither frames[last]=0xe8f8f74b48f0 nor frames[last - 1]=0x0 is released!!
[2026-08-17 18:17:44.417] [odom] [warning] there might be a large time gap between point cloud frames
[2026-08-17 18:17:46.847] [glim] [warning] large time gap between consecutive LiDAR frames!!
[2026-08-17 18:17:46.847] [glim] [warning] current=34.900000 last=34.200000 diff=0.700000
[2026-08-17 18:17:49.751] [glim] [warning] large time gap between consecutive LiDAR frames!!
[2026-08-17 18:17:49.751] [glim] [warning] current=37.800000 last=37.100000 diff=0.700000
[2026-08-17 18:17:52.039] [glim] [warning] large time gap between consecutive LiDAR frames!!
[2026-08-17 18:17:52.039] [glim] [warning] current=40.100000 last=39.500000 diff=0.600000
[2026-08-17 18:17:54.629] [glim] [warning] large time difference between points and imu!!
[2026-08-17 18:17:54.629] [glim] [warning] points=41.700000 imu=42.710000 diff=1.010000
[2026-08-17 18:17:54.639] [glim] [warning] large time difference between points and imu!!
[2026-08-17 18:17:54.639] [glim] [warning] points=41.700000 imu=42.720000 diff=1.020000
[2026-08-17 18:17:54.650] [glim] [warning] large time difference between points and imu!!
[2026-08-17 18:17:54.650] [glim] [warning] points=41.700000 imu=42.730000 diff=1.030000
[2026-08-17 18:17:54.654] [glim] [warning] large time gap between consecutive LiDAR frames!!
[2026-08-17 18:17:54.654] [glim] [warning] current=42.700000 last=41.700000 diff=1.000000
[2026-08-17 18:17:54.909] [odom] [warning] neither frames[last]=0xe8f8f7d4dff0 nor frames[last - 1]=0x0 is released!!
[2026-08-17 18:17:54.909] [odom] [warning] there might be a large time gap between point cloud frames
[2026-08-17 18:18:00.556] [glim] [warning] large time gap between consecutive LiDAR frames!!
[2026-08-17 18:18:00.556] [glim] [warning] current=48.600000 last=48.000000 diff=0.600000
[INFO] [1786958280.865571277] [rclcpp]: signal_handler(SIGINT/SIGTERM)
[2026-08-17 18:18:00.867] [glim] [info] waiting for odometry estimation
[2026-08-17 18:18:00.868] [glim] [info] waiting for local mapping
[2026-08-17 18:18:00.873] [glim] [info] waiting for global mapping
[2026-08-17 18:18:00.956] [global] [info] saving to /tmp/dump...
[2026-08-17 18:18:00.957] [global] [info] serializing factor graph to /tmp/dump/graph.bin
[2026-08-17 18:18:00.990] [global] [info] saved
