[2026-08-17 18:18:07.426] [glim] [info] config_path: /home/hyunwoo-chae/AG-CoNav-test_main/glim_config_cv1e-2
[2026-08-17 18:18:07.426] [glim] [info] load libodometry_estimation_ct.so
[2026-08-17 18:18:07.426] [glim] [info] load libsub_mapping_passthrough.so
[2026-08-17 18:18:07.427] [glim] [info] load libglobal_mapping_pose_graph.so
[2026-08-17 18:18:07.427] [glim] [info] load libmemory_monitor.so
[2026-08-17 18:18:07.427] [glim] [info] load librviz_viewer.so
[WARN] [1786958292.507776044] [transform_listener_impl_ab9e0babf270]: New publisher discovered on topic '/tf_static', offering incompatible QoS. No messages will be sent to it. Last incompatible policy: DURABILITY_QOS_POLICY
[2026-08-17 18:18:13.088] [rviz] [info] auto-detected IMU frame ID: drone/base_link
[2026-08-17 18:18:13.088] [rviz] [info] auto-detected LiDAR frame ID: drone/os1_lidar
[2026-08-17 18:18:13.088] [rviz] [info] base_frame_id is not set. using IMU frame ID 'drone/base_link' as base frame ID.
[2026-08-17 18:18:14.567] [glim] [warning] large time gap between consecutive LiDAR frames!!
[2026-08-17 18:18:14.567] [glim] [warning] current=10.700000 last=10.100000 diff=0.600000
[2026-08-17 18:18:20.062] [glim] [warning] large time gap between consecutive LiDAR frames!!
[2026-08-17 18:18:20.063] [glim] [warning] current=16.200000 last=15.600000 diff=0.600000
[2026-08-17 18:18:23.270] [glim] [warning] large time difference between points and imu!!
[2026-08-17 18:18:23.270] [glim] [warning] points=18.400000 imu=19.410000 diff=1.010000
[2026-08-17 18:18:23.283] [glim] [warning] large time difference between points and imu!!
[2026-08-17 18:18:23.283] [glim] [warning] points=18.400000 imu=19.420000 diff=1.020000
[2026-08-17 18:18:23.289] [glim] [warning] large time difference between points and imu!!
[2026-08-17 18:18:23.289] [glim] [warning] points=18.400000 imu=19.430000 diff=1.030000
[2026-08-17 18:18:23.298] [glim] [warning] large time difference between points and imu!!
[2026-08-17 18:18:23.299] [glim] [warning] points=18.400000 imu=19.440000 diff=1.040000
[2026-08-17 18:18:23.308] [glim] [warning] large time difference between points and imu!!
[2026-08-17 18:18:23.308] [glim] [warning] points=18.400000 imu=19.450000 diff=1.050000
[2026-08-17 18:18:23.318] [glim] [warning] large time difference between points and imu!!
[2026-08-17 18:18:23.318] [glim] [warning] points=18.400000 imu=19.460000 diff=1.060000
[2026-08-17 18:18:23.333] [glim] [warning] large time difference between points and imu!!
[2026-08-17 18:18:23.333] [glim] [warning] points=18.400000 imu=19.470000 diff=1.070000
[2026-08-17 18:18:23.338] [glim] [warning] large time difference between points and imu!!
[2026-08-17 18:18:23.338] [glim] [warning] points=18.400000 imu=19.480000 diff=1.080000
[2026-08-17 18:18:23.353] [glim] [warning] large time difference between points and imu!!
[2026-08-17 18:18:23.353] [glim] [warning] points=18.400000 imu=19.490000 diff=1.090000
[2026-08-17 18:18:23.358] [glim] [warning] large time difference between points and imu!!
[2026-08-17 18:18:23.358] [glim] [warning] points=18.400000 imu=19.500000 diff=1.100000
[2026-08-17 18:18:23.370] [glim] [warning] large time difference between points and imu!!
[2026-08-17 18:18:23.370] [glim] [warning] points=18.400000 imu=19.510000 diff=1.110000
[2026-08-17 18:18:23.380] [glim] [warning] large time difference between points and imu!!
[2026-08-17 18:18:23.380] [glim] [warning] points=18.400000 imu=19.520000 diff=1.120000
[2026-08-17 18:18:23.390] [glim] [warning] large time difference between points and imu!!
[2026-08-17 18:18:23.390] [glim] [warning] points=18.400000 imu=19.530000 diff=1.130000
[2026-08-17 18:18:23.399] [glim] [warning] large time difference between points and imu!!
[2026-08-17 18:18:23.399] [glim] [warning] points=18.400000 imu=19.540000 diff=1.140000
[2026-08-17 18:18:23.408] [glim] [warning] large time difference between points and imu!!
[2026-08-17 18:18:23.408] [glim] [warning] points=18.400000 imu=19.550000 diff=1.150000
[2026-08-17 18:18:23.418] [glim] [warning] large time difference between points and imu!!
[2026-08-17 18:18:23.418] [glim] [warning] points=18.400000 imu=19.560000 diff=1.160000
[2026-08-17 18:18:23.429] [glim] [warning] large time difference between points and imu!!
[2026-08-17 18:18:23.429] [glim] [warning] points=18.400000 imu=19.570000 diff=1.170000
[2026-08-17 18:18:23.439] [glim] [warning] large time difference between points and imu!!
[2026-08-17 18:18:23.439] [glim] [warning] points=18.400000 imu=19.580000 diff=1.180000
[2026-08-17 18:18:23.448] [glim] [warning] large time difference between points and imu!!
[2026-08-17 18:18:23.448] [glim] [warning] points=18.400000 imu=19.590000 diff=1.190000
[2026-08-17 18:18:23.459] [glim] [warning] large time difference between points and imu!!
[2026-08-17 18:18:23.459] [glim] [warning] points=18.400000 imu=19.600000 diff=1.200000
[2026-08-17 18:18:23.469] [glim] [warning] large time difference between points and imu!!
[2026-08-17 18:18:23.469] [glim] [warning] points=18.400000 imu=19.610000 diff=1.210000
[2026-08-17 18:18:23.479] [glim] [warning] large time difference between points and imu!!
[2026-08-17 18:18:23.479] [glim] [warning] points=18.400000 imu=19.620000 diff=1.220000
[2026-08-17 18:18:23.489] [glim] [warning] large time difference between points and imu!!
[2026-08-17 18:18:23.489] [glim] [warning] points=18.400000 imu=19.630000 diff=1.230000
[2026-08-17 18:18:23.498] [glim] [warning] large time difference between points and imu!!
[2026-08-17 18:18:23.498] [glim] [warning] points=18.400000 imu=19.640000 diff=1.240000
[2026-08-17 18:18:23.509] [glim] [warning] large time difference between points and imu!!
[2026-08-17 18:18:23.509] [glim] [warning] points=18.400000 imu=19.650000 diff=1.250000
[2026-08-17 18:18:23.519] [glim] [warning] large time difference between points and imu!!
[2026-08-17 18:18:23.519] [glim] [warning] points=18.400000 imu=19.660000 diff=1.260000
[2026-08-17 18:18:23.533] [glim] [warning] large time difference between points and imu!!
[2026-08-17 18:18:23.533] [glim] [warning] points=18.400000 imu=19.670000 diff=1.270000
[2026-08-17 18:18:23.538] [glim] [warning] large time difference between points and imu!!
[2026-08-17 18:18:23.538] [glim] [warning] points=18.400000 imu=19.680000 diff=1.280000
[2026-08-17 18:18:23.548] [glim] [warning] large time difference between points and imu!!
[2026-08-17 18:18:23.549] [glim] [warning] points=18.400000 imu=19.690000 diff=1.290000
[2026-08-17 18:18:23.558] [glim] [warning] large time difference between points and imu!!
[2026-08-17 18:18:23.558] [glim] [warning] points=18.400000 imu=19.700000 diff=1.300000
[2026-08-17 18:18:23.572] [glim] [warning] large time difference between points and imu!!
[2026-08-17 18:18:23.572] [glim] [warning] points=18.400000 imu=19.710000 diff=1.310000
[2026-08-17 18:18:23.579] [glim] [warning] large time difference between points and imu!!
[2026-08-17 18:18:23.579] [glim] [warning] points=18.400000 imu=19.720000 diff=1.320000
[2026-08-17 18:18:23.589] [glim] [warning] large time difference between points and imu!!
[2026-08-17 18:18:23.589] [glim] [warning] points=18.400000 imu=19.730000 diff=1.330000
[2026-08-17 18:18:23.590] [glim] [warning] large time gap between consecutive LiDAR frames!!
[2026-08-17 18:18:23.590] [glim] [warning] current=19.700000 last=18.400000 diff=1.300000
[2026-08-17 18:18:23.750] [odom] [warning] neither frames[last]=0xe562281bfd90 nor frames[last - 1]=0x0 is released!!
[2026-08-17 18:18:23.750] [odom] [warning] there might be a large time gap between point cloud frames
[2026-08-17 18:18:25.671] [glim] [warning] large time difference between points and imu!!
[2026-08-17 18:18:25.671] [glim] [warning] points=20.800000 imu=21.810000 diff=1.010000
[2026-08-17 18:18:25.679] [glim] [warning] large time difference between points and imu!!
[2026-08-17 18:18:25.679] [glim] [warning] points=20.800000 imu=21.820000 diff=1.020000
[2026-08-17 18:18:25.689] [glim] [warning] large time difference between points and imu!!
[2026-08-17 18:18:25.689] [glim] [warning] points=20.800000 imu=21.830000 diff=1.030000
[2026-08-17 18:18:25.699] [glim] [warning] large time difference between points and imu!!
[2026-08-17 18:18:25.699] [glim] [warning] points=20.800000 imu=21.840000 diff=1.040000
[2026-08-17 18:18:25.702] [glim] [warning] large time gap between consecutive LiDAR frames!!
[2026-08-17 18:18:25.702] [glim] [warning] current=21.800000 last=20.800000 diff=1.000000
[2026-08-17 18:18:25.857] [odom] [warning] neither frames[last]=0xe562281bfd90 nor frames[last - 1]=0x0 is released!!
[2026-08-17 18:18:25.857] [odom] [warning] there might be a large time gap between point cloud frames
[2026-08-17 18:18:28.792] [glim] [warning] large time gap between consecutive LiDAR frames!!
[2026-08-17 18:18:28.792] [glim] [warning] current=24.900000 last=24.200000 diff=0.700000
[2026-08-17 18:18:33.686] [glim] [warning] large time gap between consecutive LiDAR frames!!
[2026-08-17 18:18:33.686] [glim] [warning] current=29.800000 last=29.200000 diff=0.600000
[2026-08-17 18:18:37.772] [glim] [warning] large time difference between points and imu!!
[2026-08-17 18:18:37.772] [glim] [warning] points=32.900000 imu=33.910000 diff=1.010000
[2026-08-17 18:18:37.782] [glim] [warning] large time difference between points and imu!!
[2026-08-17 18:18:37.782] [glim] [warning] points=32.900000 imu=33.920000 diff=1.020000
[2026-08-17 18:18:37.791] [glim] [warning] large time difference between points and imu!!
[2026-08-17 18:18:37.791] [glim] [warning] points=32.900000 imu=33.930000 diff=1.030000
[2026-08-17 18:18:37.802] [glim] [warning] large time difference between points and imu!!
[2026-08-17 18:18:37.802] [glim] [warning] points=32.900000 imu=33.940000 diff=1.040000
[2026-08-17 18:18:37.811] [glim] [warning] large time difference between points and imu!!
[2026-08-17 18:18:37.811] [glim] [warning] points=32.900000 imu=33.950000 diff=1.050000
[2026-08-17 18:18:37.819] [glim] [warning] large time difference between points and imu!!
[2026-08-17 18:18:37.819] [glim] [warning] points=32.900000 imu=33.960000 diff=1.060000
[2026-08-17 18:18:37.833] [glim] [warning] large time difference between points and imu!!
[2026-08-17 18:18:37.833] [glim] [warning] points=32.900000 imu=33.970000 diff=1.070000
[2026-08-17 18:18:37.841] [glim] [warning] large time difference between points and imu!!
[2026-08-17 18:18:37.841] [glim] [warning] points=32.900000 imu=33.980000 diff=1.080000
[2026-08-17 18:18:37.849] [glim] [warning] large time difference between points and imu!!
[2026-08-17 18:18:37.849] [glim] [warning] points=32.900000 imu=33.990000 diff=1.090000
[2026-08-17 18:18:37.858] [glim] [warning] large time difference between points and imu!!
[2026-08-17 18:18:37.858] [glim] [warning] points=32.900000 imu=34.000000 diff=1.100000
[2026-08-17 18:18:37.869] [glim] [warning] large time difference between points and imu!!
[2026-08-17 18:18:37.869] [glim] [warning] points=32.900000 imu=34.010000 diff=1.110000
[2026-08-17 18:18:37.879] [glim] [warning] large time difference between points and imu!!
[2026-08-17 18:18:37.879] [glim] [warning] points=32.900000 imu=34.020000 diff=1.120000
[2026-08-17 18:18:37.889] [glim] [warning] large time gap between consecutive LiDAR frames!!
[2026-08-17 18:18:37.889] [glim] [warning] current=34.000000 last=32.900000 diff=1.100000
[2026-08-17 18:18:38.053] [odom] [warning] neither frames[last]=0xe5622b119420 nor frames[last - 1]=0x0 is released!!
[2026-08-17 18:18:38.053] [odom] [warning] there might be a large time gap between point cloud frames
[2026-08-17 18:18:43.870] [glim] [warning] large time difference between points and imu!!
[2026-08-17 18:18:43.870] [glim] [warning] points=39.000000 imu=40.010000 diff=1.010000
[2026-08-17 18:18:43.879] [glim] [warning] large time difference between points and imu!!
[2026-08-17 18:18:43.879] [glim] [warning] points=39.000000 imu=40.020000 diff=1.020000
[2026-08-17 18:18:43.889] [glim] [warning] large time difference between points and imu!!
[2026-08-17 18:18:43.889] [glim] [warning] points=39.000000 imu=40.030000 diff=1.030000
[2026-08-17 18:18:43.890] [glim] [warning] large time gap between consecutive LiDAR frames!!
[2026-08-17 18:18:43.890] [glim] [warning] current=40.000000 last=39.000000 diff=1.000000
[2026-08-17 18:18:44.141] [odom] [warning] neither frames[last]=0xe5622bef5a70 nor frames[last - 1]=0x0 is released!!
[2026-08-17 18:18:44.141] [odom] [warning] there might be a large time gap between point cloud frames
[2026-08-17 18:18:46.294] [glim] [warning] large time gap between consecutive LiDAR frames!!
[2026-08-17 18:18:46.294] [glim] [warning] current=42.400000 last=41.800000 diff=0.600000
[2026-08-17 18:18:50.591] [glim] [warning] large time gap between consecutive LiDAR frames!!
[2026-08-17 18:18:50.591] [glim] [warning] current=46.700000 last=46.100000 diff=0.600000
[INFO] [1786958332.808927225] [rclcpp]: signal_handler(SIGINT/SIGTERM)
[2026-08-17 18:18:52.811] [glim] [info] waiting for odometry estimation
[2026-08-17 18:18:52.837] [glim] [info] waiting for local mapping
[2026-08-17 18:18:52.845] [glim] [info] waiting for global mapping
[2026-08-17 18:18:52.873] [global] [info] saving to /tmp/dump...
[2026-08-17 18:18:52.873] [global] [info] serializing factor graph to /tmp/dump/graph.bin
[2026-08-17 18:18:52.899] [global] [info] saved
