[2026-08-17 18:21:57.035] [glim] [info] config_path: /home/hyunwoo-chae/AG-CoNav-test_main/glim_config_cv1e4
[2026-08-17 18:21:57.036] [glim] [info] load libodometry_estimation_ct.so
[2026-08-17 18:21:57.036] [glim] [info] load libsub_mapping_passthrough.so
[2026-08-17 18:21:57.036] [glim] [info] load libglobal_mapping_pose_graph.so
[2026-08-17 18:21:57.037] [glim] [info] load libmemory_monitor.so
[2026-08-17 18:21:57.037] [glim] [info] load librviz_viewer.so
[WARN] [1786958522.085703633] [transform_listener_impl_bce7d07c1120]: New publisher discovered on topic '/tf_static', offering incompatible QoS. No messages will be sent to it. Last incompatible policy: DURABILITY_QOS_POLICY
[2026-08-17 18:22:02.465] [rviz] [info] auto-detected IMU frame ID: drone/base_link
[2026-08-17 18:22:02.465] [rviz] [info] auto-detected LiDAR frame ID: drone/os1_lidar
[2026-08-17 18:22:02.465] [rviz] [info] base_frame_id is not set. using IMU frame ID 'drone/base_link' as base frame ID.
[2026-08-17 18:22:04.246] [glim] [warning] large time gap between consecutive LiDAR frames!!
[2026-08-17 18:22:04.247] [glim] [warning] current=10.800000 last=10.000000 diff=0.800000
[2026-08-17 18:22:12.168] [glim] [warning] large time gap between consecutive LiDAR frames!!
[2026-08-17 18:22:12.168] [glim] [warning] current=18.700000 last=18.000000 diff=0.700000
[2026-08-17 18:22:17.757] [glim] [warning] large time gap between consecutive LiDAR frames!!
[2026-08-17 18:22:17.757] [glim] [warning] current=24.300000 last=23.700000 diff=0.600000
[2026-08-17 18:22:18.746] [glim] [warning] large time difference between points and imu!!
[2026-08-17 18:22:18.746] [glim] [warning] points=24.300000 imu=25.310000 diff=1.010000
[2026-08-17 18:22:18.756] [glim] [warning] large time difference between points and imu!!
[2026-08-17 18:22:18.756] [glim] [warning] points=24.300000 imu=25.320000 diff=1.020000
[2026-08-17 18:22:18.763] [glim] [warning] large time gap between consecutive LiDAR frames!!
[2026-08-17 18:22:18.763] [glim] [warning] current=25.300000 last=24.300000 diff=1.000000
[2026-08-17 18:22:19.127] [odom] [warning] neither frames[last]=0xe5593caa1020 nor frames[last - 1]=0x0 is released!!
[2026-08-17 18:22:19.127] [odom] [warning] there might be a large time gap between point cloud frames
[2026-08-17 18:22:20.962] [glim] [warning] large time gap between consecutive LiDAR frames!!
[2026-08-17 18:22:20.962] [glim] [warning] current=27.500000 last=26.700000 diff=0.800000
[2026-08-17 18:22:30.366] [glim] [warning] large time gap between consecutive LiDAR frames!!
[2026-08-17 18:22:30.366] [glim] [warning] current=36.900000 last=36.300000 diff=0.600000
[2026-08-17 18:22:39.167] [glim] [warning] large time gap between consecutive LiDAR frames!!
[2026-08-17 18:22:39.167] [glim] [warning] current=45.700000 last=45.100000 diff=0.600000
[INFO] [1786958562.388820699] [rclcpp]: signal_handler(SIGINT/SIGTERM)
[2026-08-17 18:22:42.390] [glim] [info] waiting for odometry estimation
[2026-08-17 18:22:42.428] [glim] [info] waiting for local mapping
[2026-08-17 18:22:42.436] [glim] [info] waiting for global mapping
[2026-08-17 18:22:42.476] [global] [info] saving to /tmp/dump...
[2026-08-17 18:22:42.476] [global] [info] serializing factor graph to /tmp/dump/graph.bin
[2026-08-17 18:22:42.491] [global] [info] saved
