  스캔 2000개 처리, 점 15935452개
  스캔 4000개 처리, 점 40283527개
  스캔 6000개 처리, 점 66527775개
  스캔 8000개 처리, 점 92701950개
  스캔 10000개 처리, 점 120181190개
  스캔 12000개 처리, 점 147171194개
  스캔 14000개 처리, 점 172988237개
  스캔 16000개 처리, 점 198776328개
  스캔 18000개 처리, 점 224392887개
  스캔 20000개 처리, 점 248850009개
[WARN] [1787216293.473204392] [rosbag2_storage_mcap]: attempted to read in receive timestamp order with no message index
FAST-LIO2 궤적(정합 전): 219537개 포즈, t=[9.28,2129.67]
초기 프레임 정합: 궤적 초반 520개 점(t<=14.3s), R=
[[-0.3731739   0.5094036   0.77540262]
 [-0.23386231 -0.86043846  0.45271853]
 [ 0.89780268 -0.01239471  0.44022348]]
t=[ -31.75637155 -159.22913868    3.13471213]
스캔 21202개(궤적 범위 밖이라 건너뜀 5개), 점 261839090개
격자 1303x1287=1676961, 유효 셀 886549 (52.87%)
max_grid_cells 상한: 30000000 (요청된 최대 셀 수: 1676961)
격자 크기 상한 발동 없음.
저장: run_results/fastlio_map.npz
